Archive member included because of file (symbol)

c:/altera/10.1sp1/nios2eds/bin/gnu/h-i686-mingw32/bin/../lib/gcc/nios2-elf/4.1.2/mno-hw-mul\libgcc.a(_muldi3.o)
                              obj/fixedpoint2_16.o (__muldi3)
c:/altera/10.1sp1/nios2eds/bin/gnu/h-i686-mingw32/bin/../lib/gcc/nios2-elf/4.1.2/mno-hw-mul\libgcc.a(_mul_sf.o)
                              obj/fixedpoint2_16.o (__mulsf3)
c:/altera/10.1sp1/nios2eds/bin/gnu/h-i686-mingw32/bin/../lib/gcc/nios2-elf/4.1.2/mno-hw-mul\libgcc.a(_div_sf.o)
                              obj/fixedpoint2_16.o (__divsf3)
c:/altera/10.1sp1/nios2eds/bin/gnu/h-i686-mingw32/bin/../lib/gcc/nios2-elf/4.1.2/mno-hw-mul\libgcc.a(_ge_sf.o)
                              obj/fixedpoint2_16.o (__gesf2)
c:/altera/10.1sp1/nios2eds/bin/gnu/h-i686-mingw32/bin/../lib/gcc/nios2-elf/4.1.2/mno-hw-mul\libgcc.a(_si_to_sf.o)
                              obj/fixedpoint2_16.o (__floatsisf)
c:/altera/10.1sp1/nios2eds/bin/gnu/h-i686-mingw32/bin/../lib/gcc/nios2-elf/4.1.2/mno-hw-mul\libgcc.a(_sf_to_df.o)
                              obj/fixedpoint2_16.o (__extendsfdf2)
c:/altera/10.1sp1/nios2eds/bin/gnu/h-i686-mingw32/bin/../lib/gcc/nios2-elf/4.1.2/mno-hw-mul\libgcc.a(_thenan_sf.o)
                              c:/altera/10.1sp1/nios2eds/bin/gnu/h-i686-mingw32/bin/../lib/gcc/nios2-elf/4.1.2/mno-hw-mul\libgcc.a(_mul_sf.o) (__thenan_sf)
c:/altera/10.1sp1/nios2eds/bin/gnu/h-i686-mingw32/bin/../lib/gcc/nios2-elf/4.1.2/mno-hw-mul\libgcc.a(_addsub_df.o)
                              obj/fixedpoint2_16.o (__adddf3)
c:/altera/10.1sp1/nios2eds/bin/gnu/h-i686-mingw32/bin/../lib/gcc/nios2-elf/4.1.2/mno-hw-mul\libgcc.a(_df_to_si.o)
                              obj/fixedpoint2_16.o (__fixdfsi)
c:/altera/10.1sp1/nios2eds/bin/gnu/h-i686-mingw32/bin/../lib/gcc/nios2-elf/4.1.2/mno-hw-mul\libgcc.a(_make_df.o)
                              c:/altera/10.1sp1/nios2eds/bin/gnu/h-i686-mingw32/bin/../lib/gcc/nios2-elf/4.1.2/mno-hw-mul\libgcc.a(_sf_to_df.o) (__make_dp)
c:/altera/10.1sp1/nios2eds/bin/gnu/h-i686-mingw32/bin/../lib/gcc/nios2-elf/4.1.2/mno-hw-mul\libgcc.a(_thenan_df.o)
                              c:/altera/10.1sp1/nios2eds/bin/gnu/h-i686-mingw32/bin/../lib/gcc/nios2-elf/4.1.2/mno-hw-mul\libgcc.a(_addsub_df.o) (__thenan_df)
c:/altera/10.1sp1/nios2eds/bin/gnu/h-i686-mingw32/bin/../lib/gcc/nios2-elf/4.1.2/mno-hw-mul\libgcc.a(lib2-mul.o)
                              obj/network_utilities.o (__mulsi3)
c:/altera/10.1sp1/nios2eds/bin/gnu/h-i686-mingw32/bin/../lib/gcc/nios2-elf/4.1.2/mno-hw-mul\libgcc.a(_clzsi2.o)
                              c:/altera/10.1sp1/nios2eds/bin/gnu/h-i686-mingw32/bin/../lib/gcc/nios2-elf/4.1.2/mno-hw-mul\libgcc.a(_si_to_sf.o) (__clzsi2)
c:/altera/10.1sp1/nios2eds/bin/gnu/h-i686-mingw32/bin/../lib/gcc/nios2-elf/4.1.2/mno-hw-mul\libgcc.a(_pack_sf.o)
                              c:/altera/10.1sp1/nios2eds/bin/gnu/h-i686-mingw32/bin/../lib/gcc/nios2-elf/4.1.2/mno-hw-mul\libgcc.a(_mul_sf.o) (__pack_f)
c:/altera/10.1sp1/nios2eds/bin/gnu/h-i686-mingw32/bin/../lib/gcc/nios2-elf/4.1.2/mno-hw-mul\libgcc.a(_unpack_sf.o)
                              c:/altera/10.1sp1/nios2eds/bin/gnu/h-i686-mingw32/bin/../lib/gcc/nios2-elf/4.1.2/mno-hw-mul\libgcc.a(_mul_sf.o) (__unpack_f)
c:/altera/10.1sp1/nios2eds/bin/gnu/h-i686-mingw32/bin/../lib/gcc/nios2-elf/4.1.2/mno-hw-mul\libgcc.a(_fpcmp_parts_sf.o)
                              c:/altera/10.1sp1/nios2eds/bin/gnu/h-i686-mingw32/bin/../lib/gcc/nios2-elf/4.1.2/mno-hw-mul\libgcc.a(_ge_sf.o) (__fpcmp_parts_f)
c:/altera/10.1sp1/nios2eds/bin/gnu/h-i686-mingw32/bin/../lib/gcc/nios2-elf/4.1.2/mno-hw-mul\libgcc.a(_pack_df.o)
                              c:/altera/10.1sp1/nios2eds/bin/gnu/h-i686-mingw32/bin/../lib/gcc/nios2-elf/4.1.2/mno-hw-mul\libgcc.a(_addsub_df.o) (__pack_d)
c:/altera/10.1sp1/nios2eds/bin/gnu/h-i686-mingw32/bin/../lib/gcc/nios2-elf/4.1.2/mno-hw-mul\libgcc.a(_unpack_df.o)
                              c:/altera/10.1sp1/nios2eds/bin/gnu/h-i686-mingw32/bin/../lib/gcc/nios2-elf/4.1.2/mno-hw-mul\libgcc.a(_addsub_df.o) (__unpack_d)
c:/altera/10.1sp1/nios2eds/bin/gnu/h-i686-mingw32/bin/../lib/gcc/nios2-elf/4.1.2/mno-hw-mul\libgcc.a(_clz.o)
                              c:/altera/10.1sp1/nios2eds/bin/gnu/h-i686-mingw32/bin/../lib/gcc/nios2-elf/4.1.2/mno-hw-mul\libgcc.a(_clzsi2.o) (__clz_tab)
c:/altera/10.1sp1/nios2eds/bin/gnu/h-i686-mingw32/bin/../lib/gcc/nios2-elf/4.1.2/../../../../nios2-elf/lib/mno-hw-mul\libc.a(lib_a-ctype_.o)
                              obj/network_utilities.o (__ctype_ptr)
c:/altera/10.1sp1/nios2eds/bin/gnu/h-i686-mingw32/bin/../lib/gcc/nios2-elf/4.1.2/../../../../nios2-elf/lib/mno-hw-mul\libc.a(lib_a-fprintf.o)
                              obj/alt_error_handler.o (fprintf)
c:/altera/10.1sp1/nios2eds/bin/gnu/h-i686-mingw32/bin/../lib/gcc/nios2-elf/4.1.2/../../../../nios2-elf/lib/mno-hw-mul\libc.a(lib_a-fwrite.o)
                              obj/alt_error_handler.o (fwrite)
[...]
Memory Configuration

Name             Origin             Length             Attributes
reset            0x00000000         0x00000020
sdram            0x00000020         0x01ffffe0
descriptor_memory 0x04002000         0x00001000
*default*        0x00000000         0xffffffff

Linker script and memory map

LOAD ../SimpleSocketServer_bsp/obj/HAL/src/crt0.o
LOAD obj/alt_error_handler.o
LOAD obj/fixedpoint2_16.o
LOAD obj/iniche_init.o
LOAD obj/network_utilities.o
LOAD obj/simple_socket_server.o
LOAD c:/altera/10.1sp1/nios2eds/bin/gnu/h-i686-mingw32/bin/../lib/gcc/nios2-elf/4.1.2/../../../../nios2-elf/lib/mno-hw-mul\libstdc++.a
LOAD c:/altera/10.1sp1/nios2eds/bin/gnu/h-i686-mingw32/bin/../lib/gcc/nios2-elf/4.1.2/../../../../nios2-elf/lib/mno-hw-mul\libm.a
LOAD c:/altera/10.1sp1/nios2eds/bin/gnu/h-i686-mingw32/bin/../lib/gcc/nios2-elf/4.1.2/mno-hw-mul\libgcc.a
START GROUP
LOAD c:/altera/10.1sp1/nios2eds/bin/gnu/h-i686-mingw32/bin/../lib/gcc/nios2-elf/4.1.2/../../../../nios2-elf/lib/mno-hw-mul\libc.a
LOAD c:/altera/10.1sp1/nios2eds/bin/gnu/h-i686-mingw32/bin/../lib/gcc/nios2-elf/4.1.2/mno-hw-mul\libgcc.a
LOAD ../SimpleSocketServer_bsp\libucosii_bsp.a
END GROUP
LOAD c:/altera/10.1sp1/nios2eds/bin/gnu/h-i686-mingw32/bin/../lib/gcc/nios2-elf/4.1.2/mno-hw-mul\libgcc.a
                0x00000000                __alt_mem_sdram = 0x0
                0x04002000                __alt_mem_descriptor_memory = 0x4002000

.entry          0x00000000       0x20
 *(.entry)
 .entry         0x00000000       0x20 ../SimpleSocketServer_bsp/obj/HAL/src/crt0.o
                0x00000000                __reset

.exceptions     0x00000020      0x19c
                0x00000020                PROVIDE (__ram_exceptions_start, ABSOLUTE (.))
                0x00000020                . = ALIGN (0x20)
 *(.irq)
 *(.exceptions.entry.label)
 .exceptions.entry.label
                0x00000020        0x0 ../SimpleSocketServer_bsp\libucosii_bsp.a(alt_irq_entry.o)
                0x00000020                alt_irq_entry
 .exceptions.entry.label
                0x00000020        0x0 ../SimpleSocketServer_bsp\libucosii_bsp.a(alt_exception_entry.o)
                0x00000020                alt_exception
 *(.exceptions.entry.user)
 *(.exceptions.entry)
 .exceptions.entry
                0x00000020       0x54 ../SimpleSocketServer_bsp\libucosii_bsp.a(alt_exception_entry.o)
 *(.exceptions.irqtest.user)
 *(.exceptions.irqtest)
 .exceptions.irqtest
                0x00000074       0x10 ../SimpleSocketServer_bsp\libucosii_bsp.a(alt_irq_entry.o)
 *(.exceptions.irqhandler.user)
 *(.exceptions.irqhandler)
 .exceptions.irqhandler
                0x00000084        0x4 ../SimpleSocketServer_bsp\libucosii_bsp.a(alt_irq_entry.o)
 *(.exceptions.irqreturn.user)
 *(.exceptions.irqreturn)
 .exceptions.irqreturn
                0x00000088        0x4 ../SimpleSocketServer_bsp\libucosii_bsp.a(alt_irq_entry.o)
 *(.exceptions.notirq.label)
 .exceptions.notirq.label
                0x0000008c        0x0 ../SimpleSocketServer_bsp\libucosii_bsp.a(alt_irq_entry.o)
 *(.exceptions.notirq.user)
 *(.exceptions.notirq)
 .exceptions.notirq
                0x0000008c        0x8 ../SimpleSocketServer_bsp\libucosii_bsp.a(alt_exception_entry.o)
 *(.exceptions.soft.user)
 *(.exceptions.soft)
 *(.exceptions.unknown.user)
 *(.exceptions.unknown)
 .exceptions.unknown
                0x00000094        0x4 ../SimpleSocketServer_bsp\libucosii_bsp.a(alt_exception_entry.o)
 *(.exceptions.exit.label)
 .exceptions.exit.label
                0x00000098        0x0 ../SimpleSocketServer_bsp\libucosii_bsp.a(alt_irq_entry.o)
 .exceptions.exit.label
                0x00000098        0x0 ../SimpleSocketServer_bsp\libucosii_bsp.a(alt_exception_entry.o)
 *(.exceptions.exit.user)
 *(.exceptions.exit)
 .exceptions.exit
                0x00000098       0x54 ../SimpleSocketServer_bsp\libucosii_bsp.a(alt_exception_entry.o)
 *(.exceptions)
 .exceptions    0x000000ec       0xd0 ../SimpleSocketServer_bsp\libucosii_bsp.a(alt_irq_handler.o)
                0x000000ec                alt_irq_handler
                0x000001bc                PROVIDE (__ram_exceptions_end, ABSOLUTE (.))
                0x00000020                PROVIDE (__flash_exceptions_start, LOADADDR (.exceptions))

.text           0x000001bc    0x48b38
                0x000001bc                PROVIDE (stext, ABSOLUTE (.))
 *(.interp)
 *(.hash)
 *(.dynsym)
 *(.dynstr)
 *(.gnu.version)
 *(.gnu.version_d)
 *(.gnu.version_r)
 *(.rel.init)
 *(.rela.init)
 *(.rel.text .rel.text.* .rel.gnu.linkonce.t.*)
 *(.rela.text .rela.text.* .rela.gnu.linkonce.t.*)
 *(.rel.fini)
 *(.rela.fini)
 *(.rel.rodata .rel.rodata.* .rel.gnu.linkonce.r.*)
 *(.rela.rodata .rela.rodata.* .rela.gnu.linkonce.r.*)
 *(.rel.data .rel.data.* .rel.gnu.linkonce.d.*)
 *(.rela.data .rela.data.* .rela.gnu.linkonce.d.*)
 *(.rel.tdata .rel.tdata.* .rel.gnu.linkonce.td.*)
 *(.rela.tdata .rela.tdata.* .rela.gnu.linkonce.td.*)
 *(.rel.tbss .rel.tbss.* .rel.gnu.linkonce.tb.*)
 *(.rela.tbss .rela.tbss.* .rela.gnu.linkonce.tb.*)
 *(.rel.ctors)
 *(.rela.ctors)
 *(.rel.dtors)
 *(.rela.dtors)
 *(.rel.got)
 *(.rela.got)
 *(.rel.sdata .rel.sdata.* .rel.gnu.linkonce.s.*)
 *(.rela.sdata .rela.sdata.* .rela.gnu.linkonce.s.*)
 *(.rel.sbss .rel.sbss.* .rel.gnu.linkonce.sb.*)
 *(.rela.sbss .rela.sbss.* .rela.gnu.linkonce.sb.*)
 *(.rel.sdata2 .rel.sdata2.* .rel.gnu.linkonce.s2.*)
 *(.rela.sdata2 .rela.sdata2.* .rela.gnu.linkonce.s2.*)
 *(.rel.sbss2 .rel.sbss2.* .rel.gnu.linkonce.sb2.*)
 *(.rela.sbss2 .rela.sbss2.* .rela.gnu.linkonce.sb2.*)
 *(.rel.bss .rel.bss.* .rel.gnu.linkonce.b.*)
 *(.rela.bss .rela.bss.* .rela.gnu.linkonce.b.*)
 *(.rel.plt)
 *(.rela.plt)
 *(.rel.dyn)
 *(.init)
 *(.plt)
 *(.text .stub .text.* .gnu.linkonce.t.*)
 .text          0x000001bc       0x3c ../SimpleSocketServer_bsp/obj/HAL/src/crt0.o
                0x000001bc                _start
 .text          0x000001f8      0xba8 obj/alt_error_handler.o
                0x000001f8                alt_uCOSIIErrorHandler
                0x0000081c                alt_NetworkErrorHandler
                0x00000ab4                alt_SSSErrorHandler
 .text          0x00000da0      0x3e8 obj/fixedpoint2_16.o
                0x00000da0                BitTest
                0x00000de0                FIXED2_16toBinary
                0x00000eb4                imprimeFIXED2_16
                0x00000f58                soma2_16
                0x00000f90                sub2_16
                0x00000fc8                mult2_16
                0x00001088                real2FIXED2_16
                0x00001140                FIXED2_16toReal
 .text          0x00001188      0x108 obj/iniche_init.o
                0x00001188                TarefaInicial
                0x00001208                main
 .text          0x00001290      0x660 obj/network_utilities.o
                0x00001290                get_mac_addr
                0x000012e8                get_ip_addr
                0x0000134c                get_serial_number
                0x0000152c                generate_and_store_mac_addr
                0x00001680                generate_mac_addr
                0x000017bc                get_board_mac_addr
                0x000018b4                FindLastFlashSectorOffset
 .text          0x000018f0     0x1384 obj/simple_socket_server.o
                0x000018f0                AquisicaoRedeTask
                0x00001b90                CopiaResultadoAoBuffer
                0x00001d18                SocketResultSender
                0x00001f8c                CopiaDadosAoPacote
                0x000020d0                CriaTarefas
                0x0000215c                Temporizador
                0x00002184                CriaSocketsTasks
                0x00002328                SocketSender
                0x000025dc                SocketReceiver
                0x00002884                RecepcaoDadosUDP
 .text          0x00002c74      0x124 c:/altera/10.1sp1/nios2eds/bin/gnu/h-i686-mingw32/bin/../lib/gcc/nios2-elf/4.1.2/mno-hw-mul\libgcc.a(_muldi3.o)
                0x00002c74                __muldi3
 .text          0x00002d98      0x1e0 c:/altera/10.1sp1/nios2eds/bin/gnu/h-i686-mingw32/bin/../lib/gcc/nios2-elf/4.1.2/mno-hw-mul\libgcc.a(_mul_sf.o)
                0x00002d98                __mulsf3
 .text          0x00002f78      0x174 c:/altera/10.1sp1/nios2eds/bin/gnu/h-i686-mingw32/bin/../lib/gcc/nios2-elf/4.1.2/mno-hw-mul\libgcc.a(_div_sf.o)
                0x00002f78                __divsf3
 .text          0x000030ec       0x78 c:/altera/10.1sp1/nios2eds/bin/gnu/h-i686-mingw32/bin/../lib/gcc/nios2-elf/4.1.2/mno-hw-mul\libgcc.a(_ge_sf.o)
                0x000030ec                __gesf2
 .text          0x00003164       0x98 c:/altera/10.1sp1/nios2eds/bin/gnu/h-i686-mingw32/bin/../lib/gcc/nios2-elf/4.1.2/mno-hw-mul\libgcc.a(_si_to_sf.o)
                0x00003164                __floatsisf
 .text          0x000031fc       0x54 c:/altera/10.1sp1/nios2eds/bin/gnu/h-i686-mingw32/bin/../lib/gcc/nios2-elf/4.1.2/mno-hw-mul\libgcc.a(_sf_to_df.o)
                0x000031fc                __extendsfdf2
 .text          0x00003250        0x0 c:/altera/10.1sp1/nios2eds/bin/gnu/h-i686-mingw32/bin/../lib/gcc/nios2-elf/4.1.2/mno-hw-mul\libgcc.a(_thenan_sf.o)
 .text          0x00003250      0x504 c:/altera/10.1sp1/nios2eds/bin/gnu/h-i686-mingw32/bin/../lib/gcc/nios2-elf/4.1.2/mno-hw-mul\libgcc.a(_addsub_df.o)
                0x00003660                __subdf3
                0x000036e0                __adddf3
 .text          0x00003754       0xd8 c:/altera/10.1sp1/nios2eds/bin/gnu/h-i686-mingw32/bin/../lib/gcc/nios2-elf/4.1.2/mno-hw-mul\libgcc.a(_df_to_si.o)
                0x00003754                __fixdfsi
 .text          0x0000382c       0x38 c:/altera/10.1sp1/nios2eds/bin/gnu/h-i686-mingw32/bin/../lib/gcc/nios2-elf/4.1.2/mno-hw-mul\libgcc.a(_make_df.o)
                0x0000382c                __make_dp
 .text          0x00003864        0x0 c:/altera/10.1sp1/nios2eds/bin/gnu/h-i686-mingw32/bin/../lib/gcc/nios2-elf/4.1.2/mno-hw-mul\libgcc.a(_thenan_df.o)
 .text          0x00003864       0x38 c:/altera/10.1sp1/nios2eds/bin/gnu/h-i686-mingw32/bin/../lib/gcc/nios2-elf/4.1.2/mno-hw-mul\libgcc.a(lib2-mul.o)
                0x00003864                __mulsi3
 .text          0x0000389c       0x80 c:/altera/10.1sp1/nios2eds/bin/gnu/h-i686-mingw32/bin/../lib/gcc/nios2-elf/4.1.2/mno-hw-mul\libgcc.a(_clzsi2.o)
                0x0000389c                __clzsi2
 .text          0x0000391c      0x160 c:/altera/10.1sp1/nios2eds/bin/gnu/h-i686-mingw32/bin/../lib/gcc/nios2-elf/4.1.2/mno-hw-mul\libgcc.a(_pack_sf.o)
                0x0000391c                __pack_f
 .text          0x00003a7c       0xc8 c:/altera/10.1sp1/nios2eds/bin/gnu/h-i686-mingw32/bin/../lib/gcc/nios2-elf/4.1.2/mno-hw-mul\libgcc.a(_unpack_sf.o)
                0x00003a7c                __unpack_f
 .text          0x00003b44       0xa8 c:/altera/10.1sp1/nios2eds/bin/gnu/h-i686-mingw32/bin/../lib/gcc/nios2-elf/4.1.2/mno-hw-mul\libgcc.a(_fpcmp_parts_sf.o)
                0x00003b44                __fpcmp_parts_f
 .text          0x00003bec      0x314 c:/altera/10.1sp1/nios2eds/bin/gnu/h-i686-mingw32/bin/../lib/gcc/nios2-elf/4.1.2/mno-hw-mul\libgcc.a(_pack_df.o)
                0x00003bec                __pack_d
 .text          0x00003f00      0x138 c:/altera/10.1sp1/nios2eds/bin/gnu/h-i686-mingw32/bin/../lib/gcc/nios2-elf/4.1.2/mno-hw-mul\libgcc.a(_unpack_df.o)
                0x00003f00                __unpack_d
 .text          0x00004038        0x0 c:/altera/10.1sp1/nios2eds/bin/gnu/h-i686-mingw32/bin/../lib/gcc/nios2-elf/4.1.2/mno-hw-mul\libgcc.a(_clz.o)
 .text          0x00004038        0x0 c:/altera/10.1sp1/nios2eds/bin/gnu/h-i686-mingw32/bin/../lib/gcc/nios2-elf/4.1.2/../../../../nios2-elf/lib/mno-hw-mul\libc.a(lib_a-ctype_.o)
 .text          0x00004038       0x60 c:/altera/10.1sp1/nios2eds/bin/gnu/h-i686-mingw32/bin/../lib/gcc/nios2-elf/4.1.2/../../../../nios2-elf/lib/mno-hw-mul\libc.a(lib_a-fprintf.o)
                0x00004038                fprintf
                0x00004064                _fprintf_r
 .text          0x00004098       0xec c:/altera/10.1sp1/nios2eds/bin/gnu/h-i686-mingw32/bin/../lib/gcc/nios2-elf/4.1.2/../../../../nios2-elf/lib/mno-hw-mul\libc.a(lib_a-fwrite.o)
                0x00004098                _fwrite_r
                0x00004144                fwrite
 .text          0x00004184      0x128 c:/altera/10.1sp1/nios2eds/bin/gnu/h-i686-mingw32/bin/../lib/gcc/nios2-elf/4.1.2/../../../../nios2-elf/lib/mno-hw-mul\libc.a(lib_a-getc.o)
                0x00004184                getc
                0x0000421c                _getc_r
 .text          0x000042ac        0x0 c:/altera/10.1sp1/nios2eds/bin/gnu/h-i686-mingw32/bin/../lib/gcc/nios2-elf/4.1.2/../../../../nios2-elf/lib/mno-hw-mul\libc.a(lib_a-impure.o)
 .text          0x000042ac       0x80 c:/altera/10.1sp1/nios2eds/bin/gnu/h-i686-mingw32/bin/../lib/gcc/nios2-elf/4.1.2/../../../../nios2-elf/lib/mno-hw-mul\libc.a(lib_a-perror.o)
                0x000042ac                _perror_r
                0x00004318                perror
 .text          0x0000432c       0x78 c:/altera/10.1sp1/nios2eds/bin/gnu/h-i686-mingw32/bin/../lib/gcc/nios2-elf/4.1.2/../../../../nios2-elf/lib/mno-hw-mul\libc.a(lib_a-printf.o)
                0x0000432c                printf
                0x00004370                _printf_r
 .text          0x000043a4      0x1ec c:/altera/10.1sp1/nios2eds/bin/gnu/h-i686-mingw32/bin/../lib/gcc/nios2-elf/4.1.2/../../../../nios2-elf/lib/mno-hw-mul\libc.a(lib_a-putc.o)
                0x000043a4                putc
                0x000044a8                _putc_r
 .text          0x00004590       0x24 c:/altera/10.1sp1/nios2eds/bin/gnu/h-i686-mingw32/bin/../lib/gcc/nios2-elf/4.1.2/../../../../nios2-elf/lib/mno-hw-mul\libc.a(lib_a-putchar.o)
                0x00004590                putchar
                0x000045ac                _putchar_r
 .text          0x000045b4       0xb4 c:/altera/10.1sp1/nios2eds/bin/gnu/h-i686-mingw32/bin/../lib/gcc/nios2-elf/4.1.2/../../../../nios2-elf/lib/mno-hw-mul\libc.a(lib_a-puts.o)
                0x000045b4                _puts_r
                0x00004654                puts
 .text          0x00004668       0x60 c:/altera/10.1sp1/nios2eds/bin/gnu/h-i686-mingw32/bin/../lib/gcc/nios2-elf/4.1.2/../../../../nios2-elf/lib/mno-hw-mul\libc.a(lib_a-rget.o)
                0x00004668                __srget_r
                0x000046b4                __srget
 .text          0x000046c8       0xd4 c:/altera/10.1sp1/nios2eds/bin/gnu/h-i686-mingw32/bin/../lib/gcc/nios2-elf/4.1.2/../../../../nios2-elf/lib/mno-hw-mul\libc.a(lib_a-sprintf.o)
                0x000046c8                sprintf
                0x0000473c                _sprintf_r
 .text          0x0000479c      0x674 c:/altera/10.1sp1/nios2eds/bin/gnu/h-i686-mingw32/bin/../lib/gcc/nios2-elf/4.1.2/../../../../nios2-elf/lib/mno-hw-mul\libc.a(lib_a-strerror.o)
                0x0000479c                strerror
 .text          0x00004e10       0x74 c:/altera/10.1sp1/nios2eds/bin/gnu/h-i686-mingw32/bin/../lib/gcc/nios2-elf/4.1.2/../../../../nios2-elf/lib/mno-hw-mul\libc.a(lib_a-strlen.o)
                0x00004e10                strlen
 .text          0x00004e84        0x8 c:/altera/10.1sp1/nios2eds/bin/gnu/h-i686-mingw32/bin/../lib/gcc/nios2-elf/4.1.2/../../../../nios2-elf/lib/mno-hw-mul\libc.a(lib_a-u_strerr.o)
                0x00004e84                _user_strerror
 .text          0x00004e8c     0x1f40 c:/altera/10.1sp1/nios2eds/bin/gnu/h-i686-mingw32/bin/../lib/gcc/nios2-elf/4.1.2/../../../../nios2-elf/lib/mno-hw-mul\libc.a(lib_a-vfprintf.o)
                0x00004ee4                ___vfprintf_internal_r
                0x00006da8                __vfprintf_internal
 .text          0x00006dcc      0x14c c:/altera/10.1sp1/nios2eds/bin/gnu/h-i686-mingw32/bin/../lib/gcc/nios2-elf/4.1.2/../../../../nios2-elf/lib/mno-hw-mul\libc.a(lib_a-wbuf.o)
                0x00006dcc                __swbuf_r
                0x00006efc                __swbuf
 .text          0x00006f18      0x13c c:/altera/10.1sp1/nios2eds/bin/gnu/h-i686-mingw32/bin/../lib/gcc/nios2-elf/4.1.2/../../../../nios2-elf/lib/mno-hw-mul\libc.a(lib_a-wsetup.o)
                0x00006f18                __swsetup_r
 .text          0x00007054     0x17f8 c:/altera/10.1sp1/nios2eds/bin/gnu/h-i686-mingw32/bin/../lib/gcc/nios2-elf/4.1.2/../../../../nios2-elf/lib/mno-hw-mul\libc.a(lib_a-dtoa.o)
                0x00007298                _dtoa_r
 .text          0x0000884c      0x230 c:/altera/10.1sp1/nios2eds/bin/gnu/h-i686-mingw32/bin/../lib/gcc/nios2-elf/4.1.2/../../../../nios2-elf/lib/mno-hw-mul\libc.a(lib_a-fflush.o)
                0x0000884c                _fflush_r
                0x00008a48                fflush
 .text          0x00008a7c      0x2f4 c:/altera/10.1sp1/nios2eds/bin/gnu/h-i686-mingw32/bin/../lib/gcc/nios2-elf/4.1.2/../../../../nios2-elf/lib/mno-hw-mul\libc.a(lib_a-findfp.o)
                0x00008ad4                __sfp_lock_acquire
                0x00008ad8                __sfp_lock_release
                0x00008adc                __sinit_lock_acquire
                0x00008ae0                __sinit_lock_release
                0x00008ae4                __sinit
                0x00008b98                __fp_unlock_all
                0x00008bb0                __fp_lock_all
                0x00008bc8                _cleanup_r
                0x00008bd4                _cleanup
                0x00008be4                __sfmoreglue
                0x00008c80                __sfp
 .text          0x00008d70       0xbc c:/altera/10.1sp1/nios2eds/bin/gnu/h-i686-mingw32/bin/../lib/gcc/nios2-elf/4.1.2/../../../../nios2-elf/lib/mno-hw-mul\libc.a(lib_a-fputc.o)
                0x00008d70                fputc
                0x00008dd4                _fputc_r
 .text          0x00008e2c       0x90 c:/altera/10.1sp1/nios2eds/bin/gnu/h-i686-mingw32/bin/../lib/gcc/nios2-elf/4.1.2/../../../../nios2-elf/lib/mno-hw-mul\libc.a(lib_a-fputs.o)
                0x00008e2c                _fputs_r
                0x00008ea0                fputs
 .text          0x00008ebc      0x440 c:/altera/10.1sp1/nios2eds/bin/gnu/h-i686-mingw32/bin/../lib/gcc/nios2-elf/4.1.2/../../../../nios2-elf/lib/mno-hw-mul\libc.a(lib_a-freer.o)
                0x00008ebc                _malloc_trim_r
                0x00008fe8                _free_r
 .text          0x000092fc      0x49c c:/altera/10.1sp1/nios2eds/bin/gnu/h-i686-mingw32/bin/../lib/gcc/nios2-elf/4.1.2/../../../../nios2-elf/lib/mno-hw-mul\libc.a(lib_a-fvwrite.o)
                0x000092fc                __sfvwrite_r
 .text          0x00009798      0x180 c:/altera/10.1sp1/nios2eds/bin/gnu/h-i686-mingw32/bin/../lib/gcc/nios2-elf/4.1.2/../../../../nios2-elf/lib/mno-hw-mul\libc.a(lib_a-fwalk.o)
                0x00009798                _fwalk_reent
                0x00009860                _fwalk
 .text          0x00009918       0xc4 c:/altera/10.1sp1/nios2eds/bin/gnu/h-i686-mingw32/bin/../lib/gcc/nios2-elf/4.1.2/../../../../nios2-elf/lib/mno-hw-mul\libc.a(lib_a-locale.o)
                0x00009918                __locale_charset
                0x00009920                _localeconv_r
                0x0000992c                localeconv
                0x0000993c                _setlocale_r
                0x000099c0                setlocale
 .text          0x000099dc      0x194 c:/altera/10.1sp1/nios2eds/bin/gnu/h-i686-mingw32/bin/../lib/gcc/nios2-elf/4.1.2/../../../../nios2-elf/lib/mno-hw-mul\libc.a(lib_a-makebuf.o)
                0x000099dc                __smakebuf_r
 .text          0x00009b70      0x740 c:/altera/10.1sp1/nios2eds/bin/gnu/h-i686-mingw32/bin/../lib/gcc/nios2-elf/4.1.2/../../../../nios2-elf/lib/mno-hw-mul\libc.a(lib_a-mallocr.o)
                0x00009b70                _malloc_r
 .text          0x0000a2b0       0xe4 c:/altera/10.1sp1/nios2eds/bin/gnu/h-i686-mingw32/bin/../lib/gcc/nios2-elf/4.1.2/../../../../nios2-elf/lib/mno-hw-mul\libc.a(lib_a-memchr.o)
                0x0000a2b0                memchr
 .text          0x0000a394       0xa0 c:/altera/10.1sp1/nios2eds/bin/gnu/h-i686-mingw32/bin/../lib/gcc/nios2-elf/4.1.2/../../../../nios2-elf/lib/mno-hw-mul\libc.a(lib_a-memcpy.o)
                0x0000a394                memcpy
 .text          0x0000a434       0xe0 c:/altera/10.1sp1/nios2eds/bin/gnu/h-i686-mingw32/bin/../lib/gcc/nios2-elf/4.1.2/../../../../nios2-elf/lib/mno-hw-mul\libc.a(lib_a-memmove.o)
                0x0000a434                memmove
 .text          0x0000a514       0x98 c:/altera/10.1sp1/nios2eds/bin/gnu/h-i686-mingw32/bin/../lib/gcc/nios2-elf/4.1.2/../../../../nios2-elf/lib/mno-hw-mul\libc.a(lib_a-memset.o)
                0x0000a514                memset
 .text          0x0000a5ac     0x108c c:/altera/10.1sp1/nios2eds/bin/gnu/h-i686-mingw32/bin/../lib/gcc/nios2-elf/4.1.2/../../../../nios2-elf/lib/mno-hw-mul\libc.a(lib_a-mprec.o)
                0x0000a5ac                _Bfree
                0x0000a5d4                __hi0bits
                0x0000a644                __lo0bits
                0x0000a708                __mcmp
                0x0000a768                __ulp
                0x0000a7e8                __b2d
                0x0000a908                __ratio
                0x0000a9b8                _mprec_log10
                0x0000aa4c                __copybits
                0x0000aaa4                __any_on
                0x0000ab2c                _Balloc
                0x0000abe8                __d2b
                0x0000ad64                __mdiff
                0x0000aef0                __lshift
                0x0000b03c                __multiply
                0x0000b290                __i2b
                0x0000b2cc                __multadd
                0x0000b3f8                __pow5mult
                0x0000b518                __s2b
 .text          0x0000b638      0x5f4 c:/altera/10.1sp1/nios2eds/bin/gnu/h-i686-mingw32/bin/../lib/gcc/nios2-elf/4.1.2/../../../../nios2-elf/lib/mno-hw-mul\libc.a(lib_a-reallocr.o)
                0x0000b638                _realloc_r
 .text          0x0000bc2c      0x1e0 c:/altera/10.1sp1/nios2eds/bin/gnu/h-i686-mingw32/bin/../lib/gcc/nios2-elf/4.1.2/../../../../nios2-elf/lib/mno-hw-mul\libc.a(lib_a-refill.o)
                0x0000bc2c                __srefill_r
 .text          0x0000be0c       0x40 c:/altera/10.1sp1/nios2eds/bin/gnu/h-i686-mingw32/bin/../lib/gcc/nios2-elf/4.1.2/../../../../nios2-elf/lib/mno-hw-mul\libc.a(lib_a-s_isinfd.o)
                0x0000be0c                __isinfd
 .text          0x0000be4c       0x30 c:/altera/10.1sp1/nios2eds/bin/gnu/h-i686-mingw32/bin/../lib/gcc/nios2-elf/4.1.2/../../../../nios2-elf/lib/mno-hw-mul\libc.a(lib_a-s_isnand.o)
                0x0000be4c                __isnand
 .text          0x0000be7c       0x70 c:/altera/10.1sp1/nios2eds/bin/gnu/h-i686-mingw32/bin/../lib/gcc/nios2-elf/4.1.2/../../../../nios2-elf/lib/mno-hw-mul\libc.a(lib_a-sbrkr.o)
                0x0000be7c                _sbrk_r
 .text          0x0000beec      0x14c c:/altera/10.1sp1/nios2eds/bin/gnu/h-i686-mingw32/bin/../lib/gcc/nios2-elf/4.1.2/../../../../nios2-elf/lib/mno-hw-mul\libc.a(lib_a-stdio.o)
                0x0000beec                __sclose
                0x0000bef4                __sseek
                0x0000bf5c                __swrite
                0x0000bfd8                __sread
 .text          0x0000c038       0xbc c:/altera/10.1sp1/nios2eds/bin/gnu/h-i686-mingw32/bin/../lib/gcc/nios2-elf/4.1.2/../../../../nios2-elf/lib/mno-hw-mul\libc.a(lib_a-strcmp.o)
                0x0000c038                strcmp
 .text          0x0000c0f4       0x78 c:/altera/10.1sp1/nios2eds/bin/gnu/h-i686-mingw32/bin/../lib/gcc/nios2-elf/4.1.2/../../../../nios2-elf/lib/mno-hw-mul\libc.a(lib_a-writer.o)
                0x0000c0f4                _write_r
 .text          0x0000c16c       0xc8 c:/altera/10.1sp1/nios2eds/bin/gnu/h-i686-mingw32/bin/../lib/gcc/nios2-elf/4.1.2/../../../../nios2-elf/lib/mno-hw-mul\libc.a(lib_a-callocr.o)
                0x0000c16c                _calloc_r
 .text          0x0000c234       0x70 c:/altera/10.1sp1/nios2eds/bin/gnu/h-i686-mingw32/bin/../lib/gcc/nios2-elf/4.1.2/../../../../nios2-elf/lib/mno-hw-mul\libc.a(lib_a-closer.o)
                0x0000c234                _close_r
 .text          0x0000c2a4      0x124 c:/altera/10.1sp1/nios2eds/bin/gnu/h-i686-mingw32/bin/../lib/gcc/nios2-elf/4.1.2/../../../../nios2-elf/lib/mno-hw-mul\libc.a(lib_a-fclose.o)
                0x0000c2a4                _fclose_r
                0x0000c3b4                fclose
 .text          0x0000c3c8       0x74 c:/altera/10.1sp1/nios2eds/bin/gnu/h-i686-mingw32/bin/../lib/gcc/nios2-elf/4.1.2/../../../../nios2-elf/lib/mno-hw-mul\libc.a(lib_a-fstatr.o)
                0x0000c3c8                _fstat_r
 .text          0x0000c43c        0x0 c:/altera/10.1sp1/nios2eds/bin/gnu/h-i686-mingw32/bin/../lib/gcc/nios2-elf/4.1.2/../../../../nios2-elf/lib/mno-hw-mul\libc.a(lib_a-int_errno.o)
 .text          0x0000c43c       0x70 c:/altera/10.1sp1/nios2eds/bin/gnu/h-i686-mingw32/bin/../lib/gcc/nios2-elf/4.1.2/../../../../nios2-elf/lib/mno-hw-mul\libc.a(lib_a-isattyr.o)
                0x0000c43c                _isatty_r
 .text          0x0000c4ac       0x78 c:/altera/10.1sp1/nios2eds/bin/gnu/h-i686-mingw32/bin/../lib/gcc/nios2-elf/4.1.2/../../../../nios2-elf/lib/mno-hw-mul\libc.a(lib_a-lseekr.o)
                0x0000c4ac                _lseek_r
 .text          0x0000c524       0x78 c:/altera/10.1sp1/nios2eds/bin/gnu/h-i686-mingw32/bin/../lib/gcc/nios2-elf/4.1.2/../../../../nios2-elf/lib/mno-hw-mul\libc.a(lib_a-readr.o)
                0x0000c524                _read_r
 .text          0x0000c59c      0x66c c:/altera/10.1sp1/nios2eds/bin/gnu/h-i686-mingw32/bin/../lib/gcc/nios2-elf/4.1.2/mno-hw-mul\libgcc.a(_udivdi3.o)
                0x0000c59c                __udivdi3
 .text          0x0000cc08      0x660 c:/altera/10.1sp1/nios2eds/bin/gnu/h-i686-mingw32/bin/../lib/gcc/nios2-elf/4.1.2/mno-hw-mul\libgcc.a(_umoddi3.o)
                0x0000cc08                __umoddi3
 .text          0x0000d268      0x3c4 c:/altera/10.1sp1/nios2eds/bin/gnu/h-i686-mingw32/bin/../lib/gcc/nios2-elf/4.1.2/mno-hw-mul\libgcc.a(_mul_df.o)
                0x0000d268                __muldf3
 .text          0x0000d62c      0x258 c:/altera/10.1sp1/nios2eds/bin/gnu/h-i686-mingw32/bin/../lib/gcc/nios2-elf/4.1.2/mno-hw-mul\libgcc.a(_div_df.o)
                0x0000d62c                __divdf3
 .text          0x0000d884       0x88 c:/altera/10.1sp1/nios2eds/bin/gnu/h-i686-mingw32/bin/../lib/gcc/nios2-elf/4.1.2/mno-hw-mul\libgcc.a(_eq_df.o)
                0x0000d884                __eqdf2
 .text          0x0000d90c       0x88 c:/altera/10.1sp1/nios2eds/bin/gnu/h-i686-mingw32/bin/../lib/gcc/nios2-elf/4.1.2/mno-hw-mul\libgcc.a(_ne_df.o)
                0x0000d90c                __nedf2
 .text          0x0000d994       0x88 c:/altera/10.1sp1/nios2eds/bin/gnu/h-i686-mingw32/bin/../lib/gcc/nios2-elf/4.1.2/mno-hw-mul\libgcc.a(_gt_df.o)
                0x0000d994                __gtdf2
 .text          0x0000da1c       0x88 c:/altera/10.1sp1/nios2eds/bin/gnu/h-i686-mingw32/bin/../lib/gcc/nios2-elf/4.1.2/mno-hw-mul\libgcc.a(_ge_df.o)
                0x0000da1c                __gedf2
 .text          0x0000daa4       0x88 c:/altera/10.1sp1/nios2eds/bin/gnu/h-i686-mingw32/bin/../lib/gcc/nios2-elf/4.1.2/mno-hw-mul\libgcc.a(_lt_df.o)
                0x0000daa4                __ltdf2
 .text          0x0000db2c       0xf8 c:/altera/10.1sp1/nios2eds/bin/gnu/h-i686-mingw32/bin/../lib/gcc/nios2-elf/4.1.2/mno-hw-mul\libgcc.a(_si_to_df.o)
                0x0000db2c                __floatsidf
 .text          0x0000dc24      0x194 c:/altera/10.1sp1/nios2eds/bin/gnu/h-i686-mingw32/bin/../lib/gcc/nios2-elf/4.1.2/mno-hw-mul\libgcc.a(_usi_to_df.o)
                0x0000dc24                __floatunsidf
 .text          0x0000ddb8      0x14c c:/altera/10.1sp1/nios2eds/bin/gnu/h-i686-mingw32/bin/../lib/gcc/nios2-elf/4.1.2/mno-hw-mul\libgcc.a(lib2-divmod.o)
                0x0000de34                __divsi3
                0x0000de94                __modsi3
                0x0000def4                __udivsi3
                0x0000defc                __umodsi3
 .text          0x0000df04       0xc8 c:/altera/10.1sp1/nios2eds/bin/gnu/h-i686-mingw32/bin/../lib/gcc/nios2-elf/4.1.2/mno-hw-mul\libgcc.a(_fpcmp_parts_df.o)
                0x0000df04                __fpcmp_parts_d
 .text          0x0000dfcc      0x138 ../SimpleSocketServer_bsp\libucosii_bsp.a(alt_fstat.o)
                0x0000dfcc                fstat
 .text          0x0000e104      0x124 ../SimpleSocketServer_bsp\libucosii_bsp.a(alt_isatty.o)
                0x0000e104                isatty
 .text          0x0000e228       0xec ../SimpleSocketServer_bsp\libucosii_bsp.a(alt_load.o)
                0x0000e228                alt_load
 .text          0x0000e314      0x154 ../SimpleSocketServer_bsp\libucosii_bsp.a(alt_lseek.o)
                0x0000e314                lseek
 .text          0x0000e468       0xc8 ../SimpleSocketServer_bsp\libucosii_bsp.a(alt_main.o)
                0x0000e468                alt_main
 .text          0x0000e530       0xbc ../SimpleSocketServer_bsp\libucosii_bsp.a(alt_sbrk.o)
                0x0000e530                sbrk
 .text          0x0000e5ec      0x108 ../SimpleSocketServer_bsp\libucosii_bsp.a(alt_env_lock.o)
                0x0000e5ec                __env_lock
                0x0000e698                __env_unlock
 .text          0x0000e6f4      0x1d8 ../SimpleSocketServer_bsp\libucosii_bsp.a(alt_malloc_lock.o)
                0x0000e6f4                __malloc_lock
                0x0000e7fc                __malloc_unlock
 .text          0x0000e8cc     0x2128 ../SimpleSocketServer_bsp\libucosii_bsp.a(os_core.o)
                0x0000e8cc                OSEventNameGet
                0x0000e9fc                OSEventNameSet
                0x0000eb40                OSEventPendMulti
                0x0000f1f4                OSInit
                0x0000f248                OSIntEnter
                0x0000f2c4                OSIntExit
                0x0000f3c4                OSSchedLock
                0x0000f450                OSSchedUnlock
                0x0000f534                OSStart
                0x0000f5a4                OSStatInit
                0x0000f650                OSTimeTick
                0x0000f890                OSVersion
                0x0000f8b0                OS_Dummy
                0x0000f8cc                OS_EventTaskRdy
                0x0000fa60                OS_EventTaskWait
                0x0000fb70                OS_EventTaskWaitMulti
                0x0000fcc4                OS_EventTaskRemove
                0x0000fd7c                OS_EventTaskRemoveMulti
                0x0000fe80                OS_EventWaitListInit
                0x0001024c                OS_MemClr
                0x000102a0                OS_MemCopy
                0x0001030c                OS_Sched
                0x00010450                OS_StrCopy
                0x000104d0                OS_StrLen
                0x00010528                OS_TaskIdle
                0x00010584                OS_TaskStat
                0x0001064c                OS_TaskStatStkChk
                0x00010714                OS_TCBInit
 .text          0x000109f4      0x18c ../SimpleSocketServer_bsp\libucosii_bsp.a(os_dbg.o)
                0x000109f4                OSDebugInit
 .text          0x00010b80     0x193c ../SimpleSocketServer_bsp\libucosii_bsp.a(os_flag.o)
                0x00010b80                OSFlagAccept
                0x00010eb4                OSFlagCreate
                0x00010ff0                OSFlagDel
                0x00011298                OSFlagNameGet
                0x000113dc                OSFlagNameSet
                0x00011530                OSFlagPend
                0x00011b74                OSFlagPendGetFlagsRdy
                0x00011bdc                OSFlagPost
                0x00011f84                OSFlagQuery
                0x0001221c                OS_FlagInit
                0x00012410                OS_FlagUnlink
 .text          0x000124bc      0x80c ../SimpleSocketServer_bsp\libucosii_bsp.a(os_mem.o)
                0x000124bc                OSMemCreate
                0x000126d8                OSMemGet
                0x000127dc                OSMemNameGet
                0x000128e8                OSMemNameSet
                0x00012a08                OSMemPut
                0x00012af8                OSMemQuery
                0x00012bf4                OS_MemInit
 .text          0x00012cc8     0x1334 ../SimpleSocketServer_bsp\libucosii_bsp.a(os_q.o)
                0x00012cc8                OSQAccept
                0x00012e1c                OSQCreate
                0x00013030                OSQDel
                0x00013330                OSQFlush
                0x000133f8                OSQPend
                0x00013718                OSQPendAbort
                0x00013894                OSQPost
                0x00013a14                OSQPostFront
                0x00013b9c                OSQPostOpt
                0x00013dd0                OSQQuery
                0x00013f50                OS_QInit
 .text          0x00013ffc      0xbc8 ../SimpleSocketServer_bsp\libucosii_bsp.a(os_sem.o)
                0x00013ffc                OSSemAccept
                0x000140bc                OSSemCreate
                0x000141d0                OSSemDel
                0x00014470                OSSemPend
                0x000146ec                OSSemPendAbort
                0x00014868                OSSemPost
                0x00014990                OSSemQuery
                0x00014ac0                OSSemSet
 .text          0x00014bc4     0x1a40 ../SimpleSocketServer_bsp\libucosii_bsp.a(os_task.o)
                0x00014bc4                OSTaskChangePrio
                0x00015138                OSTaskCreate
                0x0001530c                OSTaskCreateExt
                0x0001550c                OSTaskDel
                0x00015918                OSTaskDelReq
                0x00015a88                OSTaskNameGet
                0x00015c40                OSTaskNameSet
                0x00015e04                OSTaskResume
                0x0001601c                OSTaskStkChk
                0x00016218                OSTaskSuspend
                0x00016444                OSTaskQuery
                0x00016588                OS_TaskStkClr
 .text          0x00016604      0x5b4 ../SimpleSocketServer_bsp\libucosii_bsp.a(os_time.o)
                0x00016604                OSTimeDly
                0x00016750                OSTimeDlyHMSM
                0x000168e0                OSTimeDlyResume
                0x00016af0                OSTimeGet
                0x00016b54                OSTimeSet
 .text          0x00016bb8      0x328 ../SimpleSocketServer_bsp\libucosii_bsp.a(alt_sys_init.o)
                0x00016bb8                alt_irq_init
                0x00016bec                alt_sys_init
 .text          0x00016ee0      0x148 ../SimpleSocketServer_bsp\libucosii_bsp.a(altera_avalon_jtag_uart_fd.o)
                0x00016ee0                altera_avalon_jtag_uart_read_fd
                0x00016f38                altera_avalon_jtag_uart_write_fd
                0x00016f90                altera_avalon_jtag_uart_close_fd
                0x00016fd8                altera_avalon_jtag_uart_ioctl_fd
 .text          0x00017028      0x584 ../SimpleSocketServer_bsp\libucosii_bsp.a(altera_avalon_jtag_uart_init.o)
                0x00017028                altera_avalon_jtag_uart_init
                0x00017538                altera_avalon_jtag_uart_close
 .text          0x000175ac       0xf4 ../SimpleSocketServer_bsp\libucosii_bsp.a(altera_avalon_jtag_uart_ioctl.o)
                0x000175ac                altera_avalon_jtag_uart_ioctl
 .text          0x000176a0      0x2c0 ../SimpleSocketServer_bsp\libucosii_bsp.a(altera_avalon_jtag_uart_read.o)
                0x000176a0                altera_avalon_jtag_uart_read
 .text          0x00017960      0x2dc ../SimpleSocketServer_bsp\libucosii_bsp.a(altera_avalon_jtag_uart_write.o)
                0x00017960                altera_avalon_jtag_uart_write
 .text          0x00017c3c      0xd0c ../SimpleSocketServer_bsp\libucosii_bsp.a(altera_avalon_sgdma.o)
                0x00017c3c                alt_avalon_sgdma_do_async_transfer
                0x00017d78                alt_avalon_sgdma_do_sync_transfer
                0x00017e9c                alt_avalon_sgdma_construct_mem_to_mem_desc
                0x00017f0c                alt_avalon_sgdma_construct_mem_to_mem_desc_burst
                0x00017f8c                alt_avalon_sgdma_construct_stream_to_mem_desc
                0x00017fe0                alt_avalon_sgdma_construct_stream_to_mem_desc_burst
                0x00018050                alt_avalon_sgdma_construct_mem_to_stream_desc
                0x000180c4                alt_avalon_sgdma_construct_mem_to_stream_desc_burst
                0x00018148                alt_avalon_sgdma_register_callback
                0x00018198                alt_avalon_sgdma_start
                0x000181ec                alt_avalon_sgdma_stop
                0x00018244                alt_avalon_sgdma_check_descriptor_status
                0x000182b4                alt_avalon_sgdma_open
                0x0001836c                alt_avalon_sgdma_construct_descriptor
                0x000183f4                alt_avalon_sgdma_construct_descriptor_burst
                0x0001889c                alt_avalon_sgdma_init
 .text          0x00018948      0x100 ../SimpleSocketServer_bsp\libucosii_bsp.a(altera_avalon_timer_sc.o)
                0x000189b8                alt_avalon_timer_sc_init
 .text          0x00018a48     0x189c ../SimpleSocketServer_bsp\libucosii_bsp.a(ins_tse_mac.o)
                0x00018a48                triple_speed_ethernet_init
                0x00018bc4                prep_tse_mac
                0x00018e44                tse_mac_init
                0x000199f4                tse_mac_raw_send
                0x00019cec                tse_sgdmaRx_isr
                0x00019d94                tse_sgdma_read_init
                0x00019f3c                tse_mac_rcv
                0x0001a18c                tse_mac_stats
                0x0001a1cc                tse_mac_close
 .text          0x0001a2e4       0x54 ../SimpleSocketServer_bsp\libucosii_bsp.a(alt_iniche_close.o)
                0x0001a2e4                close
 .text          0x0001a338      0x144 ../SimpleSocketServer_bsp\libucosii_bsp.a(alt_iniche_dev.o)
                0x0001a338                iniche_devices_init
 .text          0x0001a47c       0x78 ../SimpleSocketServer_bsp\libucosii_bsp.a(alt_iniche_read.o)
                0x0001a47c                read
 .text          0x0001a4f4       0x70 ../SimpleSocketServer_bsp\libucosii_bsp.a(alt_iniche_write.o)
                0x0001a4f4                write
 .text          0x0001a564      0xedc ../SimpleSocketServer_bsp\libucosii_bsp.a(ipnet.o)
                0x0001a564                Netinit
                0x0001abb0                fixup_subnet_mask
                0x0001ad10                netclose
                0x0001adf8                pktdemux
                0x0001b1cc                c_older
                0x0001b29c                ip2mac
 .text          0x0001b440      0x4bc ../SimpleSocketServer_bsp\libucosii_bsp.a(ipstart.o)
                0x0001b440                ip_startup
                0x0001b730                exit_hook
                0x0001b79c                ip_exit
                0x0001b86c                if_netnumber
 .text          0x0001b8fc     0x1010 ../SimpleSocketServer_bsp\libucosii_bsp.a(igmp_cmn.o)
                0x0001b8fc                igmp_init
                0x0001b9ac                igmp_input
                0x0001baa4                igmp_fasttimo
                0x0001bc40                igmp_send
                0x0001bee8                igmp_joingroup
                0x0001c154                igmp_leavegroup
                0x0001c1d0                igmp_validate
                0x0001c52c                igmp_print_stats
 .text          0x0001c90c      0xb6c ../SimpleSocketServer_bsp\libucosii_bsp.a(bsdsock.o)
                0x0001c90c                bsd_accept
                0x0001ca44                bsd_getpeername
                0x0001cb70                bsd_getsockname
                0x0001cc9c                bsd_i_sockoptlen
                0x0001ce54                bsd_getsockopt
                0x0001cf74                bsd_ioctl
                0x0001d078                bsd_inet_ntoa
                0x0001d0a8                bsd_recvfrom
                0x0001d208                bsd_select
                0x0001d38c                bsd_setsockopt
 .text          0x0001d478      0x118 ../SimpleSocketServer_bsp\libucosii_bsp.a(cksum.o)
                0x0001d478                ccksum
                0x0001d528                cksum
 .text          0x0001d590      0xa9c ../SimpleSocketServer_bsp\libucosii_bsp.a(in_utils.o)
                0x0001d590                do_trap
                0x0001d5bc                nextarg
                0x0001d638                hexdump
                0x0001d780                print_ipad
                0x0001d7f4                print_uptime
                0x0001d920                panic
                0x0001d964                print_eth
                0x0001dac8                uslash
                0x0001db48                ns_printf
                0x0001dccc                std_out
                0x0001dd10                con_page
                0x0001de00                parse_args
 .text          0x0001e02c      0x1d0 ../SimpleSocketServer_bsp\libucosii_bsp.a(netmain.o)
                0x0001e02c                netmain
                0x0001e128                tk_netmain
                0x0001e1b0                tk_nettick
 .text          0x0001e1fc      0x62c ../SimpleSocketServer_bsp\libucosii_bsp.a(tk_crnos.o)
                0x0001e1fc                TK_OSTimeDly
                0x0001e228                TK_OSTaskResume
                0x0001e298                tcp_sleep
                0x0001e460                tcp_wakeup
                0x0001e580                TK_OSTaskQuery
                0x0001e5f4                tk_yield
                0x0001e620                tk_stats
 .text          0x0001e828     0x326c ../SimpleSocketServer_bsp\libucosii_bsp.a(dhcpclnt.o)
                0x0001e828                dhc_get_srv_ipaddr
                0x0001e8b8                dhc_init
                0x0001e984                dhc_set_callback
                0x0001e9dc                dhc_upcall
                0x0001f29c                dhc_buildheader
                0x0001f4cc                dhc_discover
                0x0001fa1c                dhc_rx_offer
                0x0001fb38                dhc_request
                0x0002072c                dhc_setip
                0x000209cc                dhc_resetip
                0x00020ab0                dhc_decline
                0x00020c94                dhc_extract_opts
                0x00020f7c                dhc_second
                0x00021598                dhc_halt
                0x00021630                dhc_reclaim
                0x00021830                dhc_state_init
                0x00021890                dhc_alldone
                0x00021938                dhc_ifacedone
                0x000219c4                dhc_set_state
 .text          0x00021a94       0xcc ../SimpleSocketServer_bsp\libucosii_bsp.a(dhcputil.o)
                0x00021a94                find_opt
 .text          0x00021b60      0x79c ../SimpleSocketServer_bsp\libucosii_bsp.a(pktalloc.o)
                0x00021b60                pk_init
                0x00021df0                pk_alloc
                0x00021ecc                pk_validate
                0x00022184                pk_free
                0x00022230                pk_get_max_intrsafe_buf_len
                0x00022250                dump_buf_estats
 .text          0x000222fc      0x288 ../SimpleSocketServer_bsp\libucosii_bsp.a(q.o)
                0x000222fc                getq
                0x000223c4                putq
                0x00022474                qdel
 .text          0x00022584      0x31c ../SimpleSocketServer_bsp\libucosii_bsp.a(udp_open.o)
                0x00022584                udp_open
                0x000227bc                udp_close
 .text          0x000228a0      0x194 ../SimpleSocketServer_bsp\libucosii_bsp.a(asm_cksum.o)
                0x000228a0                asm_cksum
 .text          0x00022a34      0x2a0 ../SimpleSocketServer_bsp\libucosii_bsp.a(brdutils.o)
                0x00022a34                dtrap
                0x00022a64                kbhit
                0x00022b10                getch
                0x00022b70                clock_init
                0x00022bac                clock_c
                0x00022bc8                cticks_hook
                0x00022c34                irq_Mask
                0x00022c90                irq_Unmask
 .text          0x00022cd4      0x488 ../SimpleSocketServer_bsp\libucosii_bsp.a(osportco.o)
                0x00022cd4                LOCK_NET_RESOURCE
                0x00022d94                UNLOCK_NET_RESOURCE
                0x00022e1c                TK_NEWTASK
                0x00023030                wait_app_sem
                0x000230e4                post_app_sem
 .text          0x0002315c      0x58c ../SimpleSocketServer_bsp\libucosii_bsp.a(targnios.o)
                0x0002315c                alt_iniche_init
                0x0002339c                pre_task_setup
                0x00023410                post_task_setup
                0x00023430                prep_armintcp
                0x00023468                calloc2
                0x0002349c                npalloc
                0x00023590                npfree
                0x00023648                ncpalloc
                0x0002369c                ncpfree
 .text          0x000236e8     0x197c ../SimpleSocketServer_bsp\libucosii_bsp.a(nptcp.o)
                0x000236e8                pffindtype
                0x00023788                pffindproto
                0x00023858                m_getnbuf
                0x00023a00                m_free
                0x00023b34                m_freem
                0x00023b78                m_copy
                0x00023e9c                m_adj
                0x0002406c                mbuf_len
                0x000240c4                dtom
                0x0002416c                remque
                0x000241dc                insque
                0x00024258                nptcp_init
                0x0002437c                tcp_rcv
                0x00024568                ip_output
                0x00024b60                in_broadcast
                0x00024ba0                np_stripoptions
                0x00024c88                so_icmpdu
                0x00024fe0                tcp_tick
 .text          0x00025064      0xa2c ../SimpleSocketServer_bsp\libucosii_bsp.a(rawsock.o)
                0x00025064                rawip_lookup
                0x000250d4                rawip_soinput
                0x000252a8                rawip_usrreq
 .text          0x00025a90     0x17fc ../SimpleSocketServer_bsp\libucosii_bsp.a(sockcall.o)
                0x00025a90                DOMAIN_CHECK
                0x00025adc                t_socket
                0x00025b6c                t_bind
                0x00025ce8                t_listen
                0x00025dcc                t_accept
                0x00026064                t_connect
                0x0002630c                t_getpeername
                0x00026350                t_getsockname
                0x00026590                t_setsockopt
                0x0002676c                t_getsockopt
                0x00026910                t_recv
                0x00026a00                t_recvfrom
                0x00026b50                t_sendto
                0x00026d7c                t_send
                0x00026fa4                t_shutdown
                0x00027088                t_socketclose
                0x000271f0                t_errno
 .text          0x0002728c     0x237c ../SimpleSocketServer_bsp\libucosii_bsp.a(socket.o)
                0x0002728c                socreate
                0x00027458                sobind
                0x000274b4                solisten
                0x000275a4                sofree
                0x000276d4                soclose
                0x000279d0                soabort
                0x00027a20                soaccept
                0x00027abc                soconnect
                0x00027b90                sodisconnect
                0x00027c30                sosend
                0x00028238                soreceive
                0x00028a1c                soshutdown
                0x00028ac4                sorflush
                0x00028bc4                sosetopt
                0x00029084                sogetopt
                0x000295c4                sohasoutofband
 .text          0x00029608     0x1318 ../SimpleSocketServer_bsp\libucosii_bsp.a(socket2.o)
                0x00029608                soisconnecting
                0x00029674                soisconnected
                0x00029770                soisdisconnecting
                0x000297fc                soisdisconnected
                0x000298b8                sonewconn
                0x00029ad4                soqinsque
                0x00029b80                soqremque
                0x00029ca0                socantsendmore
                0x00029cf0                socantrcvmore
                0x00029d40                sbselqueue
                0x00029d78                sbwait
                0x00029de0                sbwakeup
                0x00029e7c                soreserve
                0x00029efc                sbreserve
                0x00029f5c                sbrelease
                0x00029fa4                sbappend
                0x0002a04c                sbappendrecord
                0x0002a12c                sbappendaddr
                0x0002a334                sbcompress
                0x0002a51c                sbflush
                0x0002a5ac                sbdrop
                0x0002a77c                sbdropend
                0x0002a88c                sbdroprecord
 .text          0x0002a920      0x91c ../SimpleSocketServer_bsp\libucosii_bsp.a(soselect.o)
                0x0002a920                t_select
                0x0002ab40                sock_selscan
                0x0002aca0                sock_select
                0x0002aeb4                in_pcbnotify
                0x0002af80                tcp_notify
                0x0002afe8                ifd_clr
                0x0002b0d8                ifd_set
                0x0002b14c                ifd_isset
                0x0002b1cc                ifd_get
 .text          0x0002b23c     0x2ff0 ../SimpleSocketServer_bsp\libucosii_bsp.a(tcp_in.o)
                0x0002b23c                tcp_reass
                0x0002b644                tcp_input
                0x0002dba0                tcp_dooptions
                0x0002dd30                tcp_pulloutofband
                0x0002de5c                tcp_xmit_timer
                0x0002e0c8                ip4_tcpmss
                0x0002e110                tcp_mss
 .text          0x0002e22c     0x1370 ../SimpleSocketServer_bsp\libucosii_bsp.a(tcp_out.o)
                0x0002e22c                tcp_output
                0x0002f3b8                tcp_setpersist
 .text          0x0002f59c      0x9e8 ../SimpleSocketServer_bsp\libucosii_bsp.a(tcp_subr.o)
                0x0002f59c                tcp_init
                0x0002f5f4                tcp_template
                0x0002f70c                tcp_respond
                0x0002fb94                tcp_newtcpcb
                0x0002fcac                tcp_drop
                0x0002fd58                tcp_close
                0x0002fe40                tcp_quench
                0x0002fe8c                tcp_putseq
                0x0002ff0c                tcp_getseq
 .text          0x0002ff84      0x798 ../SimpleSocketServer_bsp\libucosii_bsp.a(tcp_timr.o)
                0x0002ff84                tcp_slowtimo
                0x00030224                tcp_canceltimers
                0x00030280                tcp_timers
 .text          0x0003071c      0x9ec ../SimpleSocketServer_bsp\libucosii_bsp.a(tcp_usr.o)
                0x0003071c                tcp_usrreq
                0x00030e20                tcp_attach
                0x00030f54                tcp_disconnect
                0x00031028                tcp_usrclosed
 .text          0x00031108       0x4c ../SimpleSocketServer_bsp\libucosii_bsp.a(tcpport.o)
                0x00031108                tcpinit
 .text          0x00031154      0xd20 ../SimpleSocketServer_bsp\libucosii_bsp.a(udpsock.o)
                0x00031154                udp_lookup
                0x000311c4                udp_soinput
                0x0003137c                udp_usrreq
                0x00031600                udp4_sockbind
                0x0003193c                udp4_socksend
                0x00031d18                udp4_sockaddr
 .text          0x00031e74      0x154 ../SimpleSocketServer_bsp\libucosii_bsp.a(alt_alarm_start.o)
                0x00031e74                alt_alarm_start
 .text          0x00031fc8      0x160 ../SimpleSocketServer_bsp\libucosii_bsp.a(alt_close.o)
                0x00031fc8                alt_close
 .text          0x00032128       0x1c ../SimpleSocketServer_bsp\libucosii_bsp.a(alt_dcache_flush_all.o)
                0x00032128                alt_dcache_flush_all
 .text          0x00032144       0x2c ../SimpleSocketServer_bsp\libucosii_bsp.a(alt_dev.o)
 .text          0x00032170      0x114 ../SimpleSocketServer_bsp\libucosii_bsp.a(alt_dev_llist_insert.o)
                0x00032170                alt_dev_llist_insert
 .text          0x00032284       0x64 ../SimpleSocketServer_bsp\libucosii_bsp.a(alt_do_ctors.o)
                0x00032284                _do_ctors
 .text          0x000322e8       0x64 ../SimpleSocketServer_bsp\libucosii_bsp.a(alt_do_dtors.o)
                0x000322e8                _do_dtors
 .text          0x0003234c        0x0 ../SimpleSocketServer_bsp\libucosii_bsp.a(alt_errno.o)
 .text          0x0003234c       0x94 ../SimpleSocketServer_bsp\libucosii_bsp.a(alt_find_dev.o)
                0x0003234c                alt_find_dev
 .text          0x000323e0       0x1c ../SimpleSocketServer_bsp\libucosii_bsp.a(alt_icache_flush_all.o)
                0x000323e0                alt_icache_flush_all
 .text          0x000323fc      0x1d4 ../SimpleSocketServer_bsp\libucosii_bsp.a(alt_iic.o)
                0x000323fc                alt_ic_isr_register
                0x0003244c                alt_ic_irq_enable
                0x000324e8                alt_ic_irq_disable
                0x00032588                alt_ic_irq_enabled
 .text          0x000325d0       0xf8 ../SimpleSocketServer_bsp\libucosii_bsp.a(alt_iic_isr_register.o)
                0x000325d0                alt_iic_isr_register
 .text          0x000326c8      0x150 ../SimpleSocketServer_bsp\libucosii_bsp.a(alt_io_redirect.o)
                0x000327a0                alt_io_redirect
 .text          0x00032818        0x0 ../SimpleSocketServer_bsp\libucosii_bsp.a(alt_irq_entry.o)
 .text          0x00032818        0x0 ../SimpleSocketServer_bsp\libucosii_bsp.a(alt_irq_handler.o)
 .text          0x00032818        0x0 ../SimpleSocketServer_bsp\libucosii_bsp.a(alt_irq_vars.o)
 .text          0x00032818      0x2e4 ../SimpleSocketServer_bsp\libucosii_bsp.a(alt_open.o)
                0x00032910                open
 .text          0x00032afc      0x184 ../SimpleSocketServer_bsp\libucosii_bsp.a(alt_read.o)
                0x00032afc                alt_read
 .text          0x00032c80       0x78 ../SimpleSocketServer_bsp\libucosii_bsp.a(alt_release_fd.o)
                0x00032c80                alt_release_fd
 .text          0x00032cf8       0x38 ../SimpleSocketServer_bsp\libucosii_bsp.a(alt_remap_cached.o)
                0x00032cf8                alt_remap_cached
 .text          0x00032d30       0x40 ../SimpleSocketServer_bsp\libucosii_bsp.a(alt_remap_uncached.o)
                0x00032d30                alt_remap_uncached
 .text          0x00032d70      0x1a8 ../SimpleSocketServer_bsp\libucosii_bsp.a(alt_tick.o)
                0x00032d70                alt_alarm_stop
                0x00032e08                alt_tick
 .text          0x00032f18       0x64 ../SimpleSocketServer_bsp\libucosii_bsp.a(alt_uncached_malloc.o)
                0x00032f18                alt_uncached_malloc
 .text          0x00032f7c      0x184 ../SimpleSocketServer_bsp\libucosii_bsp.a(alt_write.o)
                0x00032f7c                alt_write
 .text          0x00033100       0x20 ../SimpleSocketServer_bsp\libucosii_bsp.a(altera_nios2_irq.o)
                0x00033100                altera_nios2_irq_init
 .text          0x00033120       0xd0 ../SimpleSocketServer_bsp\libucosii_bsp.a(os_cpu_a.o)
                0x00033120                OSCtxSw
                0x00033120                OSIntCtxSw
                0x000331ac                OSStartHighRdy
                0x000331cc                OSStartTsk
 .text          0x000331f0      0x424 ../SimpleSocketServer_bsp\libucosii_bsp.a(os_cpu_c.o)
                0x000331f0                OSTaskStkInit
                0x00033500                OSTaskCreateHook
                0x00033520                OSTaskDelHook
                0x00033540                OSTaskSwHook
                0x0003355c                OSTaskStatHook
                0x00033578                OSTimeTickHook
                0x000335a0                OSInitHookBegin
                0x000335bc                OSInitHookEnd
                0x000335d8                OSTaskIdleHook
                0x000335f4                OSTCBInitHook
 .text          0x00033614     0x5444 ../SimpleSocketServer_bsp\libucosii_bsp.a(altera_avalon_tse.o)
                0x00033614                no_printf
                0x00033640                tse_mac_initTransInfo2
                0x000336a0                tse_mac_sTxWrite
                0x00033790                tse_mac_aRxRead
                0x00033834                tse_mac_SwReset
                0x000338c8                tse_mac_setMIImode
                0x00033920                tse_mac_setGMIImode
                0x00033974                alt_tse_phy_add_profile
                0x00033b4c                alt_tse_system_add_sys
                0x0003461c                alt_tse_sys_enable_mdio_sharing
                0x000347b4                alt_tse_mac_get_common_speed
                0x000347f4                alt_tse_mac_set_common_speed
                0x0003483c                alt_tse_get_system_index
                0x000348c4                alt_tse_get_mac_group_index
                0x00034944                alt_tse_get_mac_info_index
                0x000349d0                alt_tse_get_mac_info
                0x00034ab0                alt_tse_mac_set_speed
                0x00034b9c                alt_tse_mac_set_duplex
                0x00034c34                getPHYSpeed
                0x00035a4c                alt_tse_phy_rd_mdio_addr
                0x00035a94                alt_tse_phy_wr_mdio_addr
                0x00035ae8                alt_tse_phy_wr_mdio_reg
                0x00035c10                alt_tse_phy_rd_mdio_reg
                0x00035cd4                alt_tse_phy_add_profile_default
                0x00035f4c                alt_tse_phy_print_profile
                0x0003613c                alt_tse_mac_group_init
                0x00036854                alt_tse_mac_get_phy
                0x00036c6c                alt_tse_mac_associate_phy
                0x00036ea4                alt_tse_phy_cfg_pcs
                0x00036fc4                alt_tse_phy_init
                0x000370d8                alt_tse_phy_restart_an
                0x00037288                alt_tse_phy_check_link
                0x000373cc                alt_tse_phy_get_cap
                0x0003790c                alt_tse_phy_set_adv_1000
                0x00037aa0                alt_tse_phy_set_adv_100
                0x00037cb0                alt_tse_phy_set_adv_10
                0x00037e48                alt_tse_phy_get_common_speed
                0x00038164                alt_tse_phy_set_common_speed
                0x00038648                marvell_phy_cfg
                0x000386f0                marvell_cfg_gmii
                0x000387e4                marvell_cfg_sgmii
                0x000388d8                marvell_cfg_rgmii
                0x000389d8                DP83848C_link_status_read
 .text          0x00038a58        0x0 ../SimpleSocketServer_bsp\libucosii_bsp.a(altera_avalon_tse_system_info.o)
 .text          0x00038a58      0x3dc ../SimpleSocketServer_bsp\libucosii_bsp.a(allports.o)
                0x00038a58                netmain_init
                0x00038b54                icmp_port_du
                0x00038bdc                station_state
                0x00038d28                sysuptime
                0x00038d6c                packet_check
                0x00038db8                mcastlist
                0x00038ddc                prep_modules
 .text          0x00038e34      0x510 ../SimpleSocketServer_bsp\libucosii_bsp.a(timeouts.o)
                0x00038e34                inet_timer
                0x000390d0                in_timerset
                0x0003928c                in_timerkill
 .text          0x00039344       0xa4 ../SimpleSocketServer_bsp\libucosii_bsp.a(tk_misc.o)
                0x00039344                create_apptasks
                0x00039368                task_stats
 .text          0x000393e8       0xb0 ../SimpleSocketServer_bsp\libucosii_bsp.a(alt_iniche_fcntl.o)
                0x000393e8                fcntl
 .text          0x00039498     0x14a0 ../SimpleSocketServer_bsp\libucosii_bsp.a(et_arp.o)
                0x00039498                etainit
                0x000394ec                et_send
                0x00039668                arp_free_pending
                0x000396f0                arp_send_pending
                0x00039764                send_arp
                0x00039bfc                find_oldest_arp
                0x00039da4                make_arp_entry
                0x00039eb8                arpReply
                0x0003a14c                arprcv
                0x0003a3ac                send_via_arp
                0x0003a554                cb_arpent_tmo
                0x0003a66c                grat_arp
 .text          0x0003a938      0x298 ../SimpleSocketServer_bsp\libucosii_bsp.a(iface.o)
                0x0003a938                if_getbynum
                0x0003a9bc                isbcast
                0x0003aa9c                reg_type
                0x0003ab38                if_killsocks
 .text          0x0003abd0     0x22c8 ../SimpleSocketServer_bsp\libucosii_bsp.a(ip.o)
                0x0003abd0                ip_init
                0x0003ace0                ip_bldhead
                0x0003ae84                ip_write_internal
                0x0003b604                ip_write
                0x0003b84c                ip_write2
                0x0003bbfc                ip_raw_write
                0x0003bcd4                ip_fragment_lc
                0x0003c15c                ip_fragment
                0x0003c790                ip_mymach
                0x0003c83c                ip_dump
                0x0003caf4                iproute
                0x0003cd60                ip_copypkt
 .text          0x0003ce98     0x1d9c ../SimpleSocketServer_bsp\libucosii_bsp.a(ip_reasm.o)
                0x0003ce98                ip_reasm_match_frag_with_ire
                0x0003cf68                ip_reasm_determine_type_of_frag
                0x0003d054                ip_reasm_check_mem_useage
                0x0003d0ec                ip_reasm_incr_mem_useage
                0x0003d194                ip_reasm_decr_mem_useage
                0x0003d234                ip_reasm_process_first_fragment
                0x0003d514                ip_reassm
                0x0003d5b4                ip_reasm_compute_overlap
                0x0003db44                ip_reasm_process_subsequent_fragments
                0x0003e0d8                ip_reasm_find_ire
                0x0003e13c                ip_reasm_copy_queued_fragments_into_reassy_buffer
                0x0003e498                ip_reasm_process_timer_tick
                0x0003e57c                ip_reasm_delete_ire
                0x0003e744                ip_reasm_mark_compact_rfq
                0x0003e88c                ipr_stats
                0x0003ebe0                ip_reasm_send_icmp_timex
 .text          0x0003ec34      0xe3c ../SimpleSocketServer_bsp\libucosii_bsp.a(ipdemux.o)
                0x0003ec34                ip_rcv
                0x0003f034                ip_rcv_phase2
                0x0003f640                ip_demux
 .text          0x0003fa70      0x2f0 ../SimpleSocketServer_bsp\libucosii_bsp.a(ipmc.o)
                0x0003fa70                in_addmulti
                0x0003fbd8                in_delmulti
                0x0003fcf0                lookup_mcast
 .text          0x0003fd60       0xe4 ../SimpleSocketServer_bsp\libucosii_bsp.a(ipport.o)
                0x0003fd60                prep_ifaces
                0x0003fdf4                netexit
                0x0003fe1c                evtmap_setup
 .text          0x0003fe44      0x550 ../SimpleSocketServer_bsp\libucosii_bsp.a(ipraw.o)
                0x0003fe44                ip_raw_open
                0x0003ff34                ip_raw_close
                0x0003fff4                ip_raw_input
                0x0004022c                ip_raw_alloc
                0x000402f8                ip_raw_free
                0x00040338                ip_raw_maxalloc
 .text          0x00040394      0x704 ../SimpleSocketServer_bsp\libucosii_bsp.a(iproute.o)
                0x00040394                rt_lookup
                0x00040524                add_route
                0x00040950                del_route
 .text          0x00040a98      0xe3c ../SimpleSocketServer_bsp\libucosii_bsp.a(udp.o)
                0x00040a98                udpdemux
                0x000412f0                udp_send
                0x000415a8                udpswap
                0x000416d8                udp_socket
                0x000417a8                udp_alloc
                0x00041868                udp_maxalloc
                0x00041894                udp_free
 .text          0x000418d4      0x2e8 ../SimpleSocketServer_bsp\libucosii_bsp.a(igmp.o)
                0x000418d4                igmpv1_input
 .text          0x00041bbc      0x7c0 ../SimpleSocketServer_bsp\libucosii_bsp.a(igmp2.o)
                0x00041bbc                igmpv2_input
                0x00041d1c                igmpv2_process_report
                0x00041e68                igmpv2_process_query
                0x000420b4                igmpv2_chk_set_timer
                0x0004220c                igmpv2_chk4_rtr_alert_opt
 .text          0x0004237c      0x8fc ../SimpleSocketServer_bsp\libucosii_bsp.a(ipopt.o)
                0x0004237c                IPADDR_TO_NETP
                0x000424c4                ip_setmoptions
                0x00042ab4                ip_getmoptions
                0x00042bf4                ip_freemoptions
 .text          0x00042c78      0x6ac ../SimpleSocketServer_bsp\libucosii_bsp.a(u_mctest.o)
                0x00042c78                u_mctest_init
                0x00042ca8                u_mctest_run
 .text          0x00043324      0x398 ../SimpleSocketServer_bsp\libucosii_bsp.a(dhcsetup.o)
                0x00043324                dhc_setup
                0x000435b8                dhc_main_ipset
 .text          0x000436bc      0x41c ../SimpleSocketServer_bsp\libucosii_bsp.a(memdev.o)
                0x000436bc                init_memdev
                0x00043734                md_fopen
                0x0004375c                md_fclose
                0x0004377c                md_fread
                0x000438fc                md_fwrite
                0x0004398c                md_fseek
                0x000439b8                md_ftell
                0x000439dc                md_fgetc
                0x00043ab4                md_unlink
 .text          0x00043ad8      0x81c ../SimpleSocketServer_bsp\libucosii_bsp.a(parseip.o)
                0x00043ad8                parse_ipad
                0x00043df4                inet_addr
                0x00043e5c                hextoa
                0x00043ecc                inet_pton
                0x00043f78                inet_ntop
                0x00044004                print46_addr
                0x00044064                inet46_addr
                0x00044128                inet_setport
                0x0004419c                convert_ip
 .text          0x000442f4      0x1cc ../SimpleSocketServer_bsp\libucosii_bsp.a(tcpcksum.o)
                0x000442f4                tcp_cksum
 .text          0x000444c0      0x900 ../SimpleSocketServer_bsp\libucosii_bsp.a(in_pcb.o)
                0x000444c0                in_pcballoc
                0x00044554                in_pcbdetach
                0x000445a8                in_pcbbind
                0x000447fc                in_pcbconnect
                0x00044a0c                in_pcbdisconnect
                0x00044a6c                in_setsockaddr
                0x00044ae8                in_setpeeraddr
                0x00044b64                in_pcblookup
 .text          0x00044dc0     0x1a74 ../SimpleSocketServer_bsp\libucosii_bsp.a(vfsfiles.o)
                0x00044dc0                set_vfopen_error
                0x00044de8                get_vfopen_error
                0x00044e08                vf_alloc_and_link_vop
                0x00044e84                vf_alloc_buffer
                0x00044f5c                vf_free_buffer
                0x00044fac                vfopen_locked
                0x00045314                vfopen
                0x00045364                vfclose_locked
                0x0004550c                vfclose
                0x0004554c                vfflush
                0x00045594                vfgets
                0x00045678                vfeof
                0x000456d0                vunlink_flag_open_files
                0x0004572c                vunlink
                0x0004594c                vfread
                0x00045af8                vfwrite_locked
                0x00045ee0                vfwrite
                0x00045f40                vfseek
                0x000460bc                vftell
                0x000461f0                vgetc_locked
                0x00046310                vgetc
                0x00046358                vfslookup_locked
                0x00046490                vfslookup
                0x000464d8                strippath
                0x000466c0                isvfile_locked
                0x00046724                isvfile
                0x0004676c                vferror
                0x000467d8                vclearerr
 .text          0x00046834       0x24 ../SimpleSocketServer_bsp\libucosii_bsp.a(vfsport.o)
                0x00046834                prep_vfs
 .text          0x00046858       0x24 ../SimpleSocketServer_bsp\libucosii_bsp.a(alt_dcache_flush.o)
                0x00046858                alt_dcache_flush
 .text          0x0004687c        0x0 ../SimpleSocketServer_bsp\libucosii_bsp.a(alt_exception_entry.o)
 .text          0x0004687c      0x1b8 ../SimpleSocketServer_bsp\libucosii_bsp.a(alt_fcntl.o)
                0x0004687c                alt_fcntl
 .text          0x00046a34      0x120 ../SimpleSocketServer_bsp\libucosii_bsp.a(alt_find_file.o)
                0x00046a34                alt_find_file
 .text          0x00046b54      0x104 ../SimpleSocketServer_bsp\libucosii_bsp.a(alt_get_fd.o)
                0x00046b54                alt_get_fd
 .text          0x00046c58      0x120 ../SimpleSocketServer_bsp\libucosii_bsp.a(alt_usleep.o)
                0x00046c58                usleep
 .text          0x00046d78     0x130c ../SimpleSocketServer_bsp\libucosii_bsp.a(icmp.o)
                0x00046d78                icmprcv
                0x000479ac                icmp_destun
                0x00047cfc                icmp_timex
                0x00048030                icmp_du
 .text          0x00048084      0x15c ../SimpleSocketServer_bsp\libucosii_bsp.a(alt_busy_sleep.o)
                0x00048084                alt_busy_sleep
 .text          0x000481e0       0x14 c:/altera/10.1sp1/nios2eds/bin/gnu/h-i686-mingw32/bin/../lib/gcc/nios2-elf/4.1.2/../../../../nios2-elf/lib/mno-hw-mul\libc.a(lib_a-atexit.o)
                0x000481e0                atexit
 .text          0x000481f4       0x18 c:/altera/10.1sp1/nios2eds/bin/gnu/h-i686-mingw32/bin/../lib/gcc/nios2-elf/4.1.2/../../../../nios2-elf/lib/mno-hw-mul\libc.a(lib_a-atoi.o)
                0x000481f4                _atoi_r
                0x00048200                atoi
 .text          0x0004820c       0x1c c:/altera/10.1sp1/nios2eds/bin/gnu/h-i686-mingw32/bin/../lib/gcc/nios2-elf/4.1.2/../../../../nios2-elf/lib/mno-hw-mul\libc.a(lib_a-calloc.o)
                0x0004820c                calloc
 .text          0x00048228       0x38 c:/altera/10.1sp1/nios2eds/bin/gnu/h-i686-mingw32/bin/../lib/gcc/nios2-elf/4.1.2/../../../../nios2-elf/lib/mno-hw-mul\libc.a(lib_a-exit.o)
                0x00048228                exit
 .text          0x00048260       0x28 c:/altera/10.1sp1/nios2eds/bin/gnu/h-i686-mingw32/bin/../lib/gcc/nios2-elf/4.1.2/../../../../nios2-elf/lib/mno-hw-mul\libc.a(lib_a-malloc.o)
                0x00048260                free
                0x00048274                malloc
 .text          0x00048288       0x74 c:/altera/10.1sp1/nios2eds/bin/gnu/h-i686-mingw32/bin/../lib/gcc/nios2-elf/4.1.2/../../../../nios2-elf/lib/mno-hw-mul\libc.a(lib_a-memcmp.o)
                0x00048288                memcmp
 .text          0x000482fc       0xe0 c:/altera/10.1sp1/nios2eds/bin/gnu/h-i686-mingw32/bin/../lib/gcc/nios2-elf/4.1.2/../../../../nios2-elf/lib/mno-hw-mul\libc.a(lib_a-strchr.o)
                0x000482fc                strchr
 .text          0x000483dc       0x8c c:/altera/10.1sp1/nios2eds/bin/gnu/h-i686-mingw32/bin/../lib/gcc/nios2-elf/4.1.2/../../../../nios2-elf/lib/mno-hw-mul\libc.a(lib_a-strcpy.o)
                0x000483dc                strcpy
 .text          0x00048468       0xf0 c:/altera/10.1sp1/nios2eds/bin/gnu/h-i686-mingw32/bin/../lib/gcc/nios2-elf/4.1.2/../../../../nios2-elf/lib/mno-hw-mul\libc.a(lib_a-strncmp.o)
                0x00048468                strncmp
 .text          0x00048558       0xbc c:/altera/10.1sp1/nios2eds/bin/gnu/h-i686-mingw32/bin/../lib/gcc/nios2-elf/4.1.2/../../../../nios2-elf/lib/mno-hw-mul\libc.a(lib_a-strncpy.o)
                0x00048558                strncpy
 .text          0x00048614      0x274 c:/altera/10.1sp1/nios2eds/bin/gnu/h-i686-mingw32/bin/../lib/gcc/nios2-elf/4.1.2/../../../../nios2-elf/lib/mno-hw-mul\libc.a(lib_a-strtol.o)
                0x00048614                _strtol_r
                0x00048864                strtol
 .text          0x00048888       0x34 c:/altera/10.1sp1/nios2eds/bin/gnu/h-i686-mingw32/bin/../lib/gcc/nios2-elf/4.1.2/../../../../nios2-elf/lib/mno-hw-mul\libc.a(lib_a-vprintf.o)
                0x00048888                _vprintf_r
                0x0004889c                vprintf
 .text          0x000488bc       0x74 c:/altera/10.1sp1/nios2eds/bin/gnu/h-i686-mingw32/bin/../lib/gcc/nios2-elf/4.1.2/../../../../nios2-elf/lib/mno-hw-mul\libc.a(lib_a-vsprintf.o)
                0x000488bc                _vsprintf_r
                0x0004890c                vsprintf
 .text          0x00048930      0x134 c:/altera/10.1sp1/nios2eds/bin/gnu/h-i686-mingw32/bin/../lib/gcc/nios2-elf/4.1.2/../../../../nios2-elf/lib/mno-hw-mul\libc.a(lib_a-__atexit.o)
                0x00048930                __register_exitproc
 .text          0x00048a64      0x1b4 c:/altera/10.1sp1/nios2eds/bin/gnu/h-i686-mingw32/bin/../lib/gcc/nios2-elf/4.1.2/../../../../nios2-elf/lib/mno-hw-mul\libc.a(lib_a-__call_atexit.o)
                0x00048a68                __call_exitprocs
 .text          0x00048c18       0x6c ../SimpleSocketServer_bsp\libucosii_bsp.a(alt_exit.o)
                0x00048c58                _exit
 *(.gnu.warning.*)
 *(.fini)
                0x00048c84                PROVIDE (__etext, ABSOLUTE (.))
                0x00048c84                PROVIDE (_etext, ABSOLUTE (.))
                0x00048c84                PROVIDE (etext, ABSOLUTE (.))
 *(.eh_frame_hdr)
                0x00048c84                . = ALIGN (0x4)
                0x00048c84                PROVIDE (__preinit_array_start, ABSOLUTE (.))
 *(.preinit_array)
                0x00048c84                PROVIDE (__preinit_array_end, ABSOLUTE (.))
                0x00048c84                PROVIDE (__init_array_start, ABSOLUTE (.))
 *(.init_array)
                0x00048c84                PROVIDE (__init_array_end, ABSOLUTE (.))
                0x00048c84                PROVIDE (__fini_array_start, ABSOLUTE (.))
 *(.fini_array)
                0x00048c84                PROVIDE (__fini_array_end, ABSOLUTE (.))
 *(.eh_frame)
 .eh_frame      0x00048c84       0x40 c:/altera/10.1sp1/nios2eds/bin/gnu/h-i686-mingw32/bin/../lib/gcc/nios2-elf/4.1.2/mno-hw-mul\libgcc.a(_udivdi3.o)
 .eh_frame      0x00048cc4       0x2c c:/altera/10.1sp1/nios2eds/bin/gnu/h-i686-mingw32/bin/../lib/gcc/nios2-elf/4.1.2/mno-hw-mul\libgcc.a(_umoddi3.o)
                                 0x40 (size before relaxing)
 *(.gcc_except_table)
 *(.dynamic)
                0x00048cf0                PROVIDE (__CTOR_LIST__, ABSOLUTE (.))
 *(.ctors)
 *(SORT(.ctors.*))
 .ctors.65535   0x00048cf0        0x4 c:/altera/10.1sp1/nios2eds/bin/gnu/h-i686-mingw32/bin/../lib/gcc/nios2-elf/4.1.2/../../../../nios2-elf/lib/mno-hw-mul\libc.a(lib_a-__call_atexit.o)
                0x00048cf4                PROVIDE (__CTOR_END__, ABSOLUTE (.))
                0x00048cf4                PROVIDE (__DTOR_LIST__, ABSOLUTE (.))
 *(.dtors)
 *(SORT(.dtors.*))
                0x00048cf4                PROVIDE (__DTOR_END__, ABSOLUTE (.))
 *(.jcr)
                0x00048cf4                . = ALIGN (0x4)

.rodata         0x00048cf4     0x6510
                0x00048cf4                PROVIDE (__ram_rodata_start, ABSOLUTE (.))
                0x00048cf4                . = ALIGN (0x4)
 *(.rodata .rodata.* .gnu.linkonce.r.*)
 .rodata        0x00048cf4      0xba4 obj/alt_error_handler.o
 .rodata        0x00049898       0x18 obj/fixedpoint2_16.o
 .rodata        0x000498b0       0x6c obj/iniche_init.o
 .rodata        0x0004991c      0x220 obj/network_utilities.o
 .rodata        0x00049b3c      0x780 obj/simple_socket_server.o
 .rodata        0x0004a2bc       0x10 c:/altera/10.1sp1/nios2eds/bin/gnu/h-i686-mingw32/bin/../lib/gcc/nios2-elf/4.1.2/mno-hw-mul\libgcc.a(_thenan_sf.o)
                0x0004a2bc                __thenan_sf
 .rodata        0x0004a2cc       0x14 c:/altera/10.1sp1/nios2eds/bin/gnu/h-i686-mingw32/bin/../lib/gcc/nios2-elf/4.1.2/mno-hw-mul\libgcc.a(_thenan_df.o)
                0x0004a2cc                __thenan_df
 .rodata        0x0004a2e0      0x100 c:/altera/10.1sp1/nios2eds/bin/gnu/h-i686-mingw32/bin/../lib/gcc/nios2-elf/4.1.2/mno-hw-mul\libgcc.a(_clz.o)
                0x0004a2e0                __clz_tab
 .rodata        0x0004a3e0      0x281 c:/altera/10.1sp1/nios2eds/bin/gnu/h-i686-mingw32/bin/../lib/gcc/nios2-elf/4.1.2/../../../../nios2-elf/lib/mno-hw-mul\libc.a(lib_a-ctype_.o)
                0x0004a3e0                _ctype_
 *fill*         0x0004a661        0x3 00
 .rodata.str1.4
                0x0004a664        0x2 c:/altera/10.1sp1/nios2eds/bin/gnu/h-i686-mingw32/bin/../lib/gcc/nios2-elf/4.1.2/../../../../nios2-elf/lib/mno-hw-mul\libc.a(lib_a-impure.o)
                                  0x4 (size before relaxing)
 *fill*         0x0004a666        0x2 00
 .rodata.str1.4
                0x0004a668        0x3 c:/altera/10.1sp1/nios2eds/bin/gnu/h-i686-mingw32/bin/../lib/gcc/nios2-elf/4.1.2/../../../../nios2-elf/lib/mno-hw-mul\libc.a(lib_a-perror.o)
                                  0x4 (size before relaxing)
 *fill*         0x0004a66b        0x1 00
 .rodata.str1.4
                0x0004a66c        0x2 c:/altera/10.1sp1/nios2eds/bin/gnu/h-i686-mingw32/bin/../lib/gcc/nios2-elf/4.1.2/../../../../nios2-elf/lib/mno-hw-mul\libc.a(lib_a-puts.o)
                                  0x4 (size before relaxing)
 *fill*         0x0004a66e        0x2 00
 .rodata.str1.4
                0x0004a670      0x7a2 c:/altera/10.1sp1/nios2eds/bin/gnu/h-i686-mingw32/bin/../lib/gcc/nios2-elf/4.1.2/../../../../nios2-elf/lib/mno-hw-mul\libc.a(lib_a-strerror.o)
                                0x7a8 (size before relaxing)
 *fill*         0x0004ae12        0x2 00
 .rodata.str1.4
                0x0004ae14       0x5e c:/altera/10.1sp1/nios2eds/bin/gnu/h-i686-mingw32/bin/../lib/gcc/nios2-elf/4.1.2/../../../../nios2-elf/lib/mno-hw-mul\libc.a(lib_a-vfprintf.o)
                                 0x60 (size before relaxing)
 .rodata        0x0004ae72       0x20 c:/altera/10.1sp1/nios2eds/bin/gnu/h-i686-mingw32/bin/../lib/gcc/nios2-elf/4.1.2/../../../../nios2-elf/lib/mno-hw-mul\libc.a(lib_a-vfprintf.o)
 *fill*         0x0004ae92        0x2 00
 .rodata.str1.4
                0x0004ae94       0x10 c:/altera/10.1sp1/nios2eds/bin/gnu/h-i686-mingw32/bin/../lib/gcc/nios2-elf/4.1.2/../../../../nios2-elf/lib/mno-hw-mul\libc.a(lib_a-dtoa.o)
                                 0x14 (size before relaxing)
 .rodata.str1.4
                0x0004aea4       0x10 c:/altera/10.1sp1/nios2eds/bin/gnu/h-i686-mingw32/bin/../lib/gcc/nios2-elf/4.1.2/../../../../nios2-elf/lib/mno-hw-mul\libc.a(lib_a-locale.o)
                                 0x18 (size before relaxing)
 .rodata        0x0004aeb4       0x30 c:/altera/10.1sp1/nios2eds/bin/gnu/h-i686-mingw32/bin/../lib/gcc/nios2-elf/4.1.2/../../../../nios2-elf/lib/mno-hw-mul\libc.a(lib_a-locale.o)
 .rodata        0x0004aee4      0x124 c:/altera/10.1sp1/nios2eds/bin/gnu/h-i686-mingw32/bin/../lib/gcc/nios2-elf/4.1.2/../../../../nios2-elf/lib/mno-hw-mul\libc.a(lib_a-mprec.o)
                0x0004aee4                __mprec_tens
                0x0004afac                __mprec_bigtens
                0x0004afd4                __mprec_tinytens
 .rodata        0x0004b008       0x10 ../SimpleSocketServer_bsp\libucosii_bsp.a(alt_main.o)
 .rodata        0x0004b018      0x120 ../SimpleSocketServer_bsp\libucosii_bsp.a(os_core.o)
                0x0004b018                OSUnMapTbl
 .rodata        0x0004b138       0x50 ../SimpleSocketServer_bsp\libucosii_bsp.a(alt_sys_init.o)
 .rodata        0x0004b188      0x374 ../SimpleSocketServer_bsp\libucosii_bsp.a(ins_tse_mac.o)
 .rodata        0x0004b4fc       0xd8 ../SimpleSocketServer_bsp\libucosii_bsp.a(ipnet.o)
 .rodata        0x0004b5d4       0xec ../SimpleSocketServer_bsp\libucosii_bsp.a(ipstart.o)
 .rodata        0x0004b6c0      0x54c ../SimpleSocketServer_bsp\libucosii_bsp.a(igmp_cmn.o)
 .rodata        0x0004bc0c       0xb8 ../SimpleSocketServer_bsp\libucosii_bsp.a(in_utils.o)
 .rodata        0x0004bcc4       0x34 ../SimpleSocketServer_bsp\libucosii_bsp.a(netmain.o)
 .rodata        0x0004bcf8      0x1a8 ../SimpleSocketServer_bsp\libucosii_bsp.a(tk_crnos.o)
 .rodata        0x0004bea0        0x8 ../SimpleSocketServer_bsp\libucosii_bsp.a(dhcpclnt.o)
 .rodata        0x0004bea8      0x118 ../SimpleSocketServer_bsp\libucosii_bsp.a(pktalloc.o)
 .rodata        0x0004bfc0       0x84 ../SimpleSocketServer_bsp\libucosii_bsp.a(udp_open.o)
 .rodata        0x0004c044       0x2c ../SimpleSocketServer_bsp\libucosii_bsp.a(brdutils.o)
 .rodata        0x0004c070      0x26c ../SimpleSocketServer_bsp\libucosii_bsp.a(osportco.o)
 .rodata        0x0004c2dc       0xa0 ../SimpleSocketServer_bsp\libucosii_bsp.a(targnios.o)
 .rodata        0x0004c37c       0x90 ../SimpleSocketServer_bsp\libucosii_bsp.a(nptcp.o)
 .rodata        0x0004c40c        0x8 ../SimpleSocketServer_bsp\libucosii_bsp.a(sockcall.o)
 .rodata        0x0004c414       0x50 ../SimpleSocketServer_bsp\libucosii_bsp.a(socket.o)
 .rodata        0x0004c464       0x40 ../SimpleSocketServer_bsp\libucosii_bsp.a(socket2.o)
 .rodata        0x0004c4a4       0x20 ../SimpleSocketServer_bsp\libucosii_bsp.a(tcp_in.o)
 .rodata        0x0004c4c4       0x40 ../SimpleSocketServer_bsp\libucosii_bsp.a(tcp_out.o)
 .rodata        0x0004c504       0x24 ../SimpleSocketServer_bsp\libucosii_bsp.a(tcp_subr.o)
 .rodata        0x0004c528       0x2c ../SimpleSocketServer_bsp\libucosii_bsp.a(tcp_usr.o)
 .rodata        0x0004c554        0xc ../SimpleSocketServer_bsp\libucosii_bsp.a(alt_dev.o)
 .rodata        0x0004c560        0x4 ../SimpleSocketServer_bsp\libucosii_bsp.a(os_cpu_c.o)
 .rodata        0x0004c564     0x1cc0 ../SimpleSocketServer_bsp\libucosii_bsp.a(altera_avalon_tse.o)
 .rodata        0x0004e224       0x20 ../SimpleSocketServer_bsp\libucosii_bsp.a(altera_avalon_tse_system_info.o)
 .rodata        0x0004e244      0x1d4 ../SimpleSocketServer_bsp\libucosii_bsp.a(allports.o)
 .rodata        0x0004e418       0x34 ../SimpleSocketServer_bsp\libucosii_bsp.a(tk_misc.o)
 .rodata        0x0004e44c       0x44 ../SimpleSocketServer_bsp\libucosii_bsp.a(et_arp.o)
 .rodata        0x0004e490      0x1dc ../SimpleSocketServer_bsp\libucosii_bsp.a(ip.o)
 .rodata        0x0004e66c      0x158 ../SimpleSocketServer_bsp\libucosii_bsp.a(ip_reasm.o)
 .rodata        0x0004e7c4      0x120 ../SimpleSocketServer_bsp\libucosii_bsp.a(ipdemux.o)
 .rodata        0x0004e8e4       0x34 ../SimpleSocketServer_bsp\libucosii_bsp.a(ipport.o)
 .rodata        0x0004e918       0x24 ../SimpleSocketServer_bsp\libucosii_bsp.a(ipraw.o)
 .rodata        0x0004e93c       0x38 ../SimpleSocketServer_bsp\libucosii_bsp.a(iproute.o)
 .rodata        0x0004e974       0xe8 ../SimpleSocketServer_bsp\libucosii_bsp.a(udp.o)
 .rodata        0x0004ea5c      0x2d0 ../SimpleSocketServer_bsp\libucosii_bsp.a(u_mctest.o)
 .rodata        0x0004ed2c       0xf8 ../SimpleSocketServer_bsp\libucosii_bsp.a(dhcsetup.o)
 .rodata        0x0004ee24       0x94 ../SimpleSocketServer_bsp\libucosii_bsp.a(parseip.o)
 .rodata        0x0004eeb8       0x34 ../SimpleSocketServer_bsp\libucosii_bsp.a(vfsfiles.o)
 .rodata        0x0004eeec      0x318 ../SimpleSocketServer_bsp\libucosii_bsp.a(icmp.o)
 *(.rodata1)
                0x0004f204                . = ALIGN (0x4)
                0x0004f204                PROVIDE (__ram_rodata_end, ABSOLUTE (.))
                0x00048cf4                PROVIDE (__flash_rodata_start, LOADADDR (.rodata))

.rwdata         0x0004f204     0x1f6c load address 0x00051170
                0x0004f204                PROVIDE (__ram_rwdata_start, ABSOLUTE (.))
                0x0004f204                . = ALIGN (0x4)
 *(.got.plt)
 *(.got)
 *(.data1)
 *(.data .data.* .gnu.linkonce.d.*)
 .data          0x0004f204        0x0 ../SimpleSocketServer_bsp/obj/HAL/src/crt0.o
 .data          0x0004f204        0x0 obj/alt_error_handler.o
 .data          0x0004f204        0x0 obj/fixedpoint2_16.o
 .data          0x0004f204       0x18 obj/iniche_init.o
                0x0004f204                ssstask
 .data          0x0004f21c        0x0 obj/network_utilities.o
 .data          0x0004f21c        0x0 obj/simple_socket_server.o
 .data          0x0004f21c        0x0 c:/altera/10.1sp1/nios2eds/bin/gnu/h-i686-mingw32/bin/../lib/gcc/nios2-elf/4.1.2/mno-hw-mul\libgcc.a(_muldi3.o)
 .data          0x0004f21c        0x0 c:/altera/10.1sp1/nios2eds/bin/gnu/h-i686-mingw32/bin/../lib/gcc/nios2-elf/4.1.2/mno-hw-mul\libgcc.a(_mul_sf.o)
 .data          0x0004f21c        0x0 c:/altera/10.1sp1/nios2eds/bin/gnu/h-i686-mingw32/bin/../lib/gcc/nios2-elf/4.1.2/mno-hw-mul\libgcc.a(_div_sf.o)
 .data          0x0004f21c        0x0 c:/altera/10.1sp1/nios2eds/bin/gnu/h-i686-mingw32/bin/../lib/gcc/nios2-elf/4.1.2/mno-hw-mul\libgcc.a(_ge_sf.o)
 .data          0x0004f21c        0x0 c:/altera/10.1sp1/nios2eds/bin/gnu/h-i686-mingw32/bin/../lib/gcc/nios2-elf/4.1.2/mno-hw-mul\libgcc.a(_si_to_sf.o)
 .data          0x0004f21c        0x0 c:/altera/10.1sp1/nios2eds/bin/gnu/h-i686-mingw32/bin/../lib/gcc/nios2-elf/4.1.2/mno-hw-mul\libgcc.a(_sf_to_df.o)
 .data          0x0004f21c        0x0 c:/altera/10.1sp1/nios2eds/bin/gnu/h-i686-mingw32/bin/../lib/gcc/nios2-elf/4.1.2/mno-hw-mul\libgcc.a(_thenan_sf.o)
 .data          0x0004f21c        0x0 c:/altera/10.1sp1/nios2eds/bin/gnu/h-i686-mingw32/bin/../lib/gcc/nios2-elf/4.1.2/mno-hw-mul\libgcc.a(_addsub_df.o)
 .data          0x0004f21c        0x0 c:/altera/10.1sp1/nios2eds/bin/gnu/h-i686-mingw32/bin/../lib/gcc/nios2-elf/4.1.2/mno-hw-mul\libgcc.a(_df_to_si.o)
 .data          0x0004f21c        0x0 c:/altera/10.1sp1/nios2eds/bin/gnu/h-i686-mingw32/bin/../lib/gcc/nios2-elf/4.1.2/mno-hw-mul\libgcc.a(_make_df.o)
 .data          0x0004f21c        0x0 c:/altera/10.1sp1/nios2eds/bin/gnu/h-i686-mingw32/bin/../lib/gcc/nios2-elf/4.1.2/mno-hw-mul\libgcc.a(_thenan_df.o)
 .data          0x0004f21c        0x0 c:/altera/10.1sp1/nios2eds/bin/gnu/h-i686-mingw32/bin/../lib/gcc/nios2-elf/4.1.2/mno-hw-mul\libgcc.a(lib2-mul.o)
 .data          0x0004f21c        0x0 c:/altera/10.1sp1/nios2eds/bin/gnu/h-i686-mingw32/bin/../lib/gcc/nios2-elf/4.1.2/mno-hw-mul\libgcc.a(_clzsi2.o)
 .data          0x0004f21c        0x0 c:/altera/10.1sp1/nios2eds/bin/gnu/h-i686-mingw32/bin/../lib/gcc/nios2-elf/4.1.2/mno-hw-mul\libgcc.a(_pack_sf.o)
 .data          0x0004f21c        0x0 c:/altera/10.1sp1/nios2eds/bin/gnu/h-i686-mingw32/bin/../lib/gcc/nios2-elf/4.1.2/mno-hw-mul\libgcc.a(_unpack_sf.o)
 .data          0x0004f21c        0x0 c:/altera/10.1sp1/nios2eds/bin/gnu/h-i686-mingw32/bin/../lib/gcc/nios2-elf/4.1.2/mno-hw-mul\libgcc.a(_fpcmp_parts_sf.o)
 .data          0x0004f21c        0x0 c:/altera/10.1sp1/nios2eds/bin/gnu/h-i686-mingw32/bin/../lib/gcc/nios2-elf/4.1.2/mno-hw-mul\libgcc.a(_pack_df.o)
 .data          0x0004f21c        0x0 c:/altera/10.1sp1/nios2eds/bin/gnu/h-i686-mingw32/bin/../lib/gcc/nios2-elf/4.1.2/mno-hw-mul\libgcc.a(_unpack_df.o)
 .data          0x0004f21c        0x0 c:/altera/10.1sp1/nios2eds/bin/gnu/h-i686-mingw32/bin/../lib/gcc/nios2-elf/4.1.2/mno-hw-mul\libgcc.a(_clz.o)
 .data          0x0004f21c        0x0 c:/altera/10.1sp1/nios2eds/bin/gnu/h-i686-mingw32/bin/../lib/gcc/nios2-elf/4.1.2/../../../../nios2-elf/lib/mno-hw-mul\libc.a(lib_a-ctype_.o)
 .data          0x0004f21c        0x0 c:/altera/10.1sp1/nios2eds/bin/gnu/h-i686-mingw32/bin/../lib/gcc/nios2-elf/4.1.2/../../../../nios2-elf/lib/mno-hw-mul\libc.a(lib_a-fprintf.o)
 .data          0x0004f21c        0x0 c:/altera/10.1sp1/nios2eds/bin/gnu/h-i686-mingw32/bin/../lib/gcc/nios2-elf/4.1.2/../../../../nios2-elf/lib/mno-hw-mul\libc.a(lib_a-fwrite.o)
 .data          0x0004f21c        0x0 c:/altera/10.1sp1/nios2eds/bin/gnu/h-i686-mingw32/bin/../lib/gcc/nios2-elf/4.1.2/../../../../nios2-elf/lib/mno-hw-mul\libc.a(lib_a-getc.o)
 .data          0x0004f21c      0x400 c:/altera/10.1sp1/nios2eds/bin/gnu/h-i686-mingw32/bin/../lib/gcc/nios2-elf/4.1.2/../../../../nios2-elf/lib/mno-hw-mul\libc.a(lib_a-impure.o)
 .data          0x0004f61c        0x0 c:/altera/10.1sp1/nios2eds/bin/gnu/h-i686-mingw32/bin/../lib/gcc/nios2-elf/4.1.2/../../../../nios2-elf/lib/mno-hw-mul\libc.a(lib_a-perror.o)
 .data          0x0004f61c        0x0 c:/altera/10.1sp1/nios2eds/bin/gnu/h-i686-mingw32/bin/../lib/gcc/nios2-elf/4.1.2/../../../../nios2-elf/lib/mno-hw-mul\libc.a(lib_a-printf.o)
 .data          0x0004f61c        0x0 c:/altera/10.1sp1/nios2eds/bin/gnu/h-i686-mingw32/bin/../lib/gcc/nios2-elf/4.1.2/../../../../nios2-elf/lib/mno-hw-mul\libc.a(lib_a-putc.o)
 .data          0x0004f61c        0x0 c:/altera/10.1sp1/nios2eds/bin/gnu/h-i686-mingw32/bin/../lib/gcc/nios2-elf/4.1.2/../../../../nios2-elf/lib/mno-hw-mul\libc.a(lib_a-putchar.o)
 .data          0x0004f61c        0x0 c:/altera/10.1sp1/nios2eds/bin/gnu/h-i686-mingw32/bin/../lib/gcc/nios2-elf/4.1.2/../../../../nios2-elf/lib/mno-hw-mul\libc.a(lib_a-puts.o)
 .data          0x0004f61c        0x0 c:/altera/10.1sp1/nios2eds/bin/gnu/h-i686-mingw32/bin/../lib/gcc/nios2-elf/4.1.2/../../../../nios2-elf/lib/mno-hw-mul\libc.a(lib_a-rget.o)
 .data          0x0004f61c        0x0 c:/altera/10.1sp1/nios2eds/bin/gnu/h-i686-mingw32/bin/../lib/gcc/nios2-elf/4.1.2/../../../../nios2-elf/lib/mno-hw-mul\libc.a(lib_a-sprintf.o)
 .data          0x0004f61c        0x0 c:/altera/10.1sp1/nios2eds/bin/gnu/h-i686-mingw32/bin/../lib/gcc/nios2-elf/4.1.2/../../../../nios2-elf/lib/mno-hw-mul\libc.a(lib_a-strerror.o)
 .data          0x0004f61c        0x0 c:/altera/10.1sp1/nios2eds/bin/gnu/h-i686-mingw32/bin/../lib/gcc/nios2-elf/4.1.2/../../../../nios2-elf/lib/mno-hw-mul\libc.a(lib_a-strlen.o)
 .data          0x0004f61c        0x0 c:/altera/10.1sp1/nios2eds/bin/gnu/h-i686-mingw32/bin/../lib/gcc/nios2-elf/4.1.2/../../../../nios2-elf/lib/mno-hw-mul\libc.a(lib_a-u_strerr.o)
 .data          0x0004f61c        0x0 c:/altera/10.1sp1/nios2eds/bin/gnu/h-i686-mingw32/bin/../lib/gcc/nios2-elf/4.1.2/../../../../nios2-elf/lib/mno-hw-mul\libc.a(lib_a-vfprintf.o)
 .data          0x0004f61c        0x0 c:/altera/10.1sp1/nios2eds/bin/gnu/h-i686-mingw32/bin/../lib/gcc/nios2-elf/4.1.2/../../../../nios2-elf/lib/mno-hw-mul\libc.a(lib_a-wbuf.o)
 .data          0x0004f61c        0x0 c:/altera/10.1sp1/nios2eds/bin/gnu/h-i686-mingw32/bin/../lib/gcc/nios2-elf/4.1.2/../../../../nios2-elf/lib/mno-hw-mul\libc.a(lib_a-wsetup.o)
 .data          0x0004f61c        0x0 c:/altera/10.1sp1/nios2eds/bin/gnu/h-i686-mingw32/bin/../lib/gcc/nios2-elf/4.1.2/../../../../nios2-elf/lib/mno-hw-mul\libc.a(lib_a-dtoa.o)