Archive member included because of file (symbol)

c:/altera/10.1sp1/nios2eds/bin/gnu/h-i686-mingw32/bin/../lib/gcc/nios2-elf/4.1.2/../../../../nios2-elf/lib/mno-hw-mul\libm.a(lib_a-s_cos.o)
                              obj/FFT/simpleDFT.o (cos)
c:/altera/10.1sp1/nios2eds/bin/gnu/h-i686-mingw32/bin/../lib/gcc/nios2-elf/4.1.2/../../../../nios2-elf/lib/mno-hw-mul\libm.a(lib_a-s_sin.o)
                              obj/FFT/simpleDFT.o (sin)
c:/altera/10.1sp1/nios2eds/bin/gnu/h-i686-mingw32/bin/../lib/gcc/nios2-elf/4.1.2/../../../../nios2-elf/lib/mno-hw-mul\libm.a(lib_a-w_sqrt.o)
                              obj/FFT/simpleDFT.o (sqrt)
c:/altera/10.1sp1/nios2eds/bin/gnu/h-i686-mingw32/bin/../lib/gcc/nios2-elf/4.1.2/../../../../nios2-elf/lib/mno-hw-mul\libm.a(lib_a-wf_sqrt.o)
                              obj/FFT/simpleDFT.o (sqrtf)
c:/altera/10.1sp1/nios2eds/bin/gnu/h-i686-mingw32/bin/../lib/gcc/nios2-elf/4.1.2/../../../../nios2-elf/lib/mno-hw-mul\libm.a(lib_a-e_rem_pio2.o)
                              c:/altera/10.1sp1/nios2eds/bin/gnu/h-i686-mingw32/bin/../lib/gcc/nios2-elf/4.1.2/../../../../nios2-elf/lib/mno-hw-mul\libm.a(lib_a-s_cos.o) (__ieee754_rem_pio2)
c:/altera/10.1sp1/nios2eds/bin/gnu/h-i686-mingw32/bin/../lib/gcc/nios2-elf/4.1.2/../../../../nios2-elf/lib/mno-hw-mul\libm.a(lib_a-e_sqrt.o)
                              c:/altera/10.1sp1/nios2eds/bin/gnu/h-i686-mingw32/bin/../lib/gcc/nios2-elf/4.1.2/../../../../nios2-elf/lib/mno-hw-mul\libm.a(lib_a-w_sqrt.o) (__ieee754_sqrt)
c:/altera/10.1sp1/nios2eds/bin/gnu/h-i686-mingw32/bin/../lib/gcc/nios2-elf/4.1.2/../../../../nios2-elf/lib/mno-hw-mul\libm.a(lib_a-ef_sqrt.o)
                              c:/altera/10.1sp1/nios2eds/bin/gnu/h-i686-mingw32/bin/../lib/gcc/nios2-elf/4.1.2/../../../../nios2-elf/lib/mno-hw-mul\libm.a(lib_a-wf_sqrt.o) (__ieee754_sqrtf)
c:/altera/10.1sp1/nios2eds/bin/gnu/h-i686-mingw32/bin/../lib/gcc/nios2-elf/4.1.2/../../../../nios2-elf/lib/mno-hw-mul\libm.a(lib_a-k_cos.o)
                              c:/altera/10.1sp1/nios2eds/bin/gnu/h-i686-mingw32/bin/../lib/gcc/nios2-elf/4.1.2/../../../../nios2-elf/lib/mno-hw-mul\libm.a(lib_a-s_cos.o) (__kernel_cos)
c:/altera/10.1sp1/nios2eds/bin/gnu/h-i686-mingw32/bin/../lib/gcc/nios2-elf/4.1.2/../../../../nios2-elf/lib/mno-hw-mul\libm.a(lib_a-k_rem_pio2.o)
                              c:/altera/10.1sp1/nios2eds/bin/gnu/h-i686-mingw32/bin/../lib/gcc/nios2-elf/4.1.2/../../../../nios2-elf/lib/mno-hw-mul\libm.a(lib_a-e_rem_pio2.o) (__kernel_rem_pio2)
c:/altera/10.1sp1/nios2eds/bin/gnu/h-i686-mingw32/bin/../lib/gcc/nios2-elf/4.1.2/../../../../nios2-elf/lib/mno-hw-mul\libm.a(lib_a-k_sin.o)
                              c:/altera/10.1sp1/nios2eds/bin/gnu/h-i686-mingw32/bin/../lib/gcc/nios2-elf/4.1.2/../../../../nios2-elf/lib/mno-hw-mul\libm.a(lib_a-s_cos.o) (__kernel_sin)
c:/altera/10.1sp1/nios2eds/bin/gnu/h-i686-mingw32/bin/../lib/gcc/nios2-elf/4.1.2/../../../../nios2-elf/lib/mno-hw-mul\libm.a(lib_a-s_fabs.o)
                              c:/altera/10.1sp1/nios2eds/bin/gnu/h-i686-mingw32/bin/../lib/gcc/nios2-elf/4.1.2/../../../../nios2-elf/lib/mno-hw-mul\libm.a(lib_a-e_rem_pio2.o) (fabs)
c:/altera/10.1sp1/nios2eds/bin/gnu/h-i686-mingw32/bin/../lib/gcc/nios2-elf/4.1.2/../../../../nios2-elf/lib/mno-hw-mul\libm.a(lib_a-s_floor.o)
                              c:/altera/10.1sp1/nios2eds/bin/gnu/h-i686-mingw32/bin/../lib/gcc/nios2-elf/4.1.2/../../../../nios2-elf/lib/mno-hw-mul\libm.a(lib_a-k_rem_pio2.o) (floor)
c:/altera/10.1sp1/nios2eds/bin/gnu/h-i686-mingw32/bin/../lib/gcc/nios2-elf/4.1.2/../../../../nios2-elf/lib/mno-hw-mul\libm.a(lib_a-s_isnand.o)
                              c:/altera/10.1sp1/nios2eds/bin/gnu/h-i686-mingw32/bin/../lib/gcc/nios2-elf/4.1.2/../../../../nios2-elf/lib/mno-hw-mul\libm.a(lib_a-w_sqrt.o) (__isnand)
c:/altera/10.1sp1/nios2eds/bin/gnu/h-i686-mingw32/bin/../lib/gcc/nios2-elf/4.1.2/../../../../nios2-elf/lib/mno-hw-mul\libm.a(lib_a-s_lib_ver.o)
                              c:/altera/10.1sp1/nios2eds/bin/gnu/h-i686-mingw32/bin/../lib/gcc/nios2-elf/4.1.2/../../../../nios2-elf/lib/mno-hw-mul\libm.a(lib_a-w_sqrt.o) (__fdlib_version)
c:/altera/10.1sp1/nios2eds/bin/gnu/h-i686-mingw32/bin/../lib/gcc/nios2-elf/4.1.2/../../../../nios2-elf/lib/mno-hw-mul\libm.a(lib_a-s_matherr.o)
                              c:/altera/10.1sp1/nios2eds/bin/gnu/h-i686-mingw32/bin/../lib/gcc/nios2-elf/4.1.2/../../../../nios2-elf/lib/mno-hw-mul\libm.a(lib_a-w_sqrt.o) (matherr)
c:/altera/10.1sp1/nios2eds/bin/gnu/h-i686-mingw32/bin/../lib/gcc/nios2-elf/4.1.2/../../../../nios2-elf/lib/mno-hw-mul\libm.a(lib_a-s_scalbn.o)
                              c:/altera/10.1sp1/nios2eds/bin/gnu/h-i686-mingw32/bin/../lib/gcc/nios2-elf/4.1.2/../../../../nios2-elf/lib/mno-hw-mul\libm.a(lib_a-k_rem_pio2.o) (scalbn)
c:/altera/10.1sp1/nios2eds/bin/gnu/h-i686-mingw32/bin/../lib/gcc/nios2-elf/4.1.2/../../../../nios2-elf/lib/mno-hw-mul\libm.a(lib_a-sf_isnan.o)
[...]
Memory Configuration

Name             Origin             Length             Attributes
reset            0x00000000         0x00000020
sdram            0x00000020         0x01ffffe0
descriptor_memory 0x04002000         0x00001000
*default*        0x00000000         0xffffffff

Linker script and memory map

LOAD ../RedeFFTHW_bsp/obj/HAL/src/crt0.o
LOAD obj/AquisicaoRede.o
LOAD obj/DanWindow/DanWindow.o
LOAD obj/FFT/simpleDFT.o
LOAD obj/LCDTask.o
LOAD obj/TerminalSerial.o
LOAD obj/alt_error_handler.o
LOAD obj/alt_touchscreen/alt_touchscreen.o
LOAD obj/alt_tpo_lcd/alt_tpo_lcd.o
LOAD obj/alt_video_display/alt_video_display.o
LOAD obj/fixedpoint2_16.o
LOAD obj/graphics_lib/simple_graphics.o
LOAD obj/iniche_init.o
LOAD obj/network_utilities.o
LOAD obj/simple_socket_server.o
LOAD c:/altera/10.1sp1/nios2eds/bin/gnu/h-i686-mingw32/bin/../lib/gcc/nios2-elf/4.1.2/../../../../nios2-elf/lib/mno-hw-mul\libstdc++.a
LOAD c:/altera/10.1sp1/nios2eds/bin/gnu/h-i686-mingw32/bin/../lib/gcc/nios2-elf/4.1.2/../../../../nios2-elf/lib/mno-hw-mul\libm.a
LOAD c:/altera/10.1sp1/nios2eds/bin/gnu/h-i686-mingw32/bin/../lib/gcc/nios2-elf/4.1.2/mno-hw-mul\libgcc.a
START GROUP
LOAD c:/altera/10.1sp1/nios2eds/bin/gnu/h-i686-mingw32/bin/../lib/gcc/nios2-elf/4.1.2/../../../../nios2-elf/lib/mno-hw-mul\libc.a
LOAD c:/altera/10.1sp1/nios2eds/bin/gnu/h-i686-mingw32/bin/../lib/gcc/nios2-elf/4.1.2/mno-hw-mul\libgcc.a
LOAD ../RedeFFTHW_bsp\libucosii_bsp.a
END GROUP
LOAD c:/altera/10.1sp1/nios2eds/bin/gnu/h-i686-mingw32/bin/../lib/gcc/nios2-elf/4.1.2/mno-hw-mul\libgcc.a
                0x00000000                __alt_mem_sdram = 0x0
                0x04002000                __alt_mem_descriptor_memory = 0x4002000

.entry          0x00000000       0x20
 *(.entry)
 .entry         0x00000000       0x20 ../RedeFFTHW_bsp/obj/HAL/src/crt0.o
                0x00000000                __reset

.exceptions     0x00000020      0x19c
                0x00000020                PROVIDE (__ram_exceptions_start, ABSOLUTE (.))
                0x00000020                . = ALIGN (0x20)
 *(.irq)
 *(.exceptions.entry.label)
 .exceptions.entry.label
                0x00000020        0x0 ../RedeFFTHW_bsp\libucosii_bsp.a(alt_irq_entry.o)
                0x00000020                alt_irq_entry
 .exceptions.entry.label
                0x00000020        0x0 ../RedeFFTHW_bsp\libucosii_bsp.a(alt_exception_entry.o)
                0x00000020                alt_exception
 *(.exceptions.entry.user)
 *(.exceptions.entry)
 .exceptions.entry
                0x00000020       0x54 ../RedeFFTHW_bsp\libucosii_bsp.a(alt_exception_entry.o)
 *(.exceptions.irqtest.user)
 *(.exceptions.irqtest)
 .exceptions.irqtest
                0x00000074       0x10 ../RedeFFTHW_bsp\libucosii_bsp.a(alt_irq_entry.o)
 *(.exceptions.irqhandler.user)
 *(.exceptions.irqhandler)
 .exceptions.irqhandler
                0x00000084        0x4 ../RedeFFTHW_bsp\libucosii_bsp.a(alt_irq_entry.o)
 *(.exceptions.irqreturn.user)
 *(.exceptions.irqreturn)
 .exceptions.irqreturn
                0x00000088        0x4 ../RedeFFTHW_bsp\libucosii_bsp.a(alt_irq_entry.o)
 *(.exceptions.notirq.label)
 .exceptions.notirq.label
                0x0000008c        0x0 ../RedeFFTHW_bsp\libucosii_bsp.a(alt_irq_entry.o)
 *(.exceptions.notirq.user)
 *(.exceptions.notirq)
 .exceptions.notirq
                0x0000008c        0x8 ../RedeFFTHW_bsp\libucosii_bsp.a(alt_exception_entry.o)
 *(.exceptions.soft.user)
 *(.exceptions.soft)
 *(.exceptions.unknown.user)
 *(.exceptions.unknown)
 .exceptions.unknown
                0x00000094        0x4 ../RedeFFTHW_bsp\libucosii_bsp.a(alt_exception_entry.o)
 *(.exceptions.exit.label)
 .exceptions.exit.label
                0x00000098        0x0 ../RedeFFTHW_bsp\libucosii_bsp.a(alt_irq_entry.o)
 .exceptions.exit.label
                0x00000098        0x0 ../RedeFFTHW_bsp\libucosii_bsp.a(alt_exception_entry.o)
 *(.exceptions.exit.user)
 *(.exceptions.exit)
 .exceptions.exit
                0x00000098       0x54 ../RedeFFTHW_bsp\libucosii_bsp.a(alt_exception_entry.o)
 *(.exceptions)
 .exceptions    0x000000ec       0xd0 ../RedeFFTHW_bsp\libucosii_bsp.a(alt_irq_handler.o)
                0x000000ec                alt_irq_handler
                0x000001bc                PROVIDE (__ram_exceptions_end, ABSOLUTE (.))
                0x00000020                PROVIDE (__flash_exceptions_start, LOADADDR (.exceptions))

.text           0x000001bc    0x58474
                0x000001bc                PROVIDE (stext, ABSOLUTE (.))
 *(.interp)
 *(.hash)
 *(.dynsym)
 *(.dynstr)
 *(.gnu.version)
 *(.gnu.version_d)
 *(.gnu.version_r)
 *(.rel.init)
 *(.rela.init)
 *(.rel.text .rel.text.* .rel.gnu.linkonce.t.*)
 *(.rela.text .rela.text.* .rela.gnu.linkonce.t.*)
 *(.rel.fini)
 *(.rela.fini)
 *(.rel.rodata .rel.rodata.* .rel.gnu.linkonce.r.*)
 *(.rela.rodata .rela.rodata.* .rela.gnu.linkonce.r.*)
 *(.rel.data .rel.data.* .rel.gnu.linkonce.d.*)
 *(.rela.data .rela.data.* .rela.gnu.linkonce.d.*)
 *(.rel.tdata .rel.tdata.* .rel.gnu.linkonce.td.*)
 *(.rela.tdata .rela.tdata.* .rela.gnu.linkonce.td.*)
 *(.rel.tbss .rel.tbss.* .rel.gnu.linkonce.tb.*)
 *(.rela.tbss .rela.tbss.* .rela.gnu.linkonce.tb.*)
 *(.rel.ctors)
 *(.rela.ctors)
 *(.rel.dtors)
 *(.rela.dtors)
 *(.rel.got)
 *(.rela.got)
 *(.rel.sdata .rel.sdata.* .rel.gnu.linkonce.s.*)
 *(.rela.sdata .rela.sdata.* .rela.gnu.linkonce.s.*)
 *(.rel.sbss .rel.sbss.* .rel.gnu.linkonce.sb.*)
 *(.rela.sbss .rela.sbss.* .rela.gnu.linkonce.sb.*)
 *(.rel.sdata2 .rel.sdata2.* .rel.gnu.linkonce.s2.*)
 *(.rela.sdata2 .rela.sdata2.* .rela.gnu.linkonce.s2.*)
 *(.rel.sbss2 .rel.sbss2.* .rel.gnu.linkonce.sb2.*)
 *(.rela.sbss2 .rela.sbss2.* .rela.gnu.linkonce.sb2.*)
 *(.rel.bss .rel.bss.* .rel.gnu.linkonce.b.*)
 *(.rela.bss .rela.bss.* .rela.gnu.linkonce.b.*)
 *(.rel.plt)
 *(.rela.plt)
 *(.rel.dyn)
 *(.init)
 *(.plt)
 *(.text .stub .text.* .gnu.linkonce.t.*)
 .text          0x000001bc       0x3c ../RedeFFTHW_bsp/obj/HAL/src/crt0.o
                0x000001bc                _start
 .text          0x000001f8     0x1bf4 obj/AquisicaoRede.o
                0x000001f8                executaFFT
                0x000002e8                AquisicaoRedeTask
                0x00000384                btnFiltroBand_Click
                0x000004fc                btnFiltroHigh_Click
                0x00000518                btnFFTSW_Press
                0x00000778                btnFecharAquis_Click
                0x000007a8                btnDFTSW_Down
                0x00000a2c                InicializaObjetosAquisicao
 .text          0x00001dec     0x2be4 obj/DanWindow/DanWindow.o
                0x00001dec                BuscaMaior
                0x00001e78                InitializeTouchPanel
                0x00001eb8                IsInsideObject
                0x00001f40                ClearScreen
                0x00001f94                Redraw
                0x00001fd4                DrawGraph
                0x00002a58                DrawGraphs
                0x00002ac8                DrawButton
                0x00002fe0                DrawButtons
                0x00003050                DrawLabel
                0x000030d8                DrawLabels
                0x00003148                DrawBox
                0x00003284                DrawBoxes
                0x000032f4                DrawScreen
                0x00003574                Process_TP_Press
                0x00003a60                Process_TP_Up
                0x00003fc0                Process_TP_Down
                0x00004710                Check_TP
                0x000047a4                Initialize_TFT
                0x000048a8                draw_array
 .text          0x000049d0     0x1d4c obj/FFT/simpleDFT.o
                0x000049d0                CarregaTabw
                0x00004b70                Reordem
                0x00004ca8                ColTuk
                0x00004fa8                FFT_Egon
                0x00004ff4                fft
                0x000055c8                init_sincos_table
                0x000057b4                dft
                0x00005d10                dft_tabled
                0x00006248                imprime
                0x00006458                soma_real_imag
                0x000064e0                copy_data_to_complex
                0x00006588                copy_complex_to_data
                0x00006630                copy_complex_to_complex
                0x000066ac                reverse_bits
 .text          0x0000671c     0x1a3c obj/LCDTask.o
                0x0000671c                ShowMenu
                0x00006868                HideMenu
                0x0000694c                AtualizaTimer
                0x00006a3c                btnIniciar_Down
                0x00006a94                boxMenuItem0_Click
                0x00006acc                boxMenuItem1_Click
                0x00006b20                boxMenuItem2_Click
                0x00006c1c                boxMenuItem3_Click
                0x00006c54                boxBarraTarefas_Click
                0x00006c8c                boxBandeja_Click
                0x00006cc4                LCDTask
                0x00006f9c                taskTimer
                0x00006fcc                InicializaObjetosDesktop
 .text          0x00008158      0x6a8 obj/TerminalSerial.o
                0x00008158                btnFecharTerminalSerial_Click
                0x00008188                InicializaObjetosTerminalSerial
 .text          0x00008800      0xba8 obj/alt_error_handler.o
                0x00008800                alt_uCOSIIErrorHandler
                0x00008e24                alt_NetworkErrorHandler
                0x000090bc                alt_SSSErrorHandler
 .text          0x000093a8        0x0 obj/alt_touchscreen/alt_touchscreen.o
 .text          0x000093a8      0x804 obj/alt_tpo_lcd/alt_tpo_lcd.o
                0x000093a8                alt_tpo_lcd_prepare_serial_bus
                0x00009424                alt_tpo_lcd_cleanup_serial_bus
                0x0000948c                alt_tpo_lcd_write_serial_bits
                0x0000952c                alt_tpo_lcd_read_serial_byte
                0x00009670                alt_tpo_lcd_read_config_register
                0x000096fc                alt_tpo_lcd_write_config_register
                0x0000979c                alt_tpo_lcd_init
 .text          0x00009bac      0xa60 obj/alt_video_display/alt_video_display.o
                0x00009bac                alt_video_display_init
                0x00009e98                alt_video_display_close
                0x00009f80                alt_video_display_register_written_buffer
                0x0000a0d8                alt_video_display_buffer_is_available
                0x0000a1c8                alt_video_display_clear_screen
                0x0000a22c                alt_video_display_setup_frame_descriptors
                0x0000a3c4                alt_video_display_get_descriptor_span
                0x0000a3f4                alt_video_display_allocate_buffers
 .text          0x0000a60c      0x3e8 obj/fixedpoint2_16.o
                0x0000a60c                BitTest
                0x0000a64c                FIXED2_16toBinary
                0x0000a720                imprimeFIXED2_16
                0x0000a7c4                soma2_16
                0x0000a7fc                sub2_16
                0x0000a834                mult2_16
                0x0000a8f4                real2FIXED2_16
                0x0000a9ac                FIXED2_16toReal
 .text          0x0000a9f4     0x29d4 obj/graphics_lib/simple_graphics.o
                0x0000a9f4                vid_draw_line
                0x0000aab0                vid_scroll_string_quit
                0x0000aaec                vid_scroll_string_init
                0x0000ac38                vid_scroll_string
                0x0000affc                vid_move_block
                0x0000b118                vid_print_string
                0x0000b22c                vid_draw_box
                0x0000b368                vid_print_char
                0x0000b454                vid_set_pixel
                0x0000b630                vid_get_pixel
                0x0000b6cc                vid_paint_block
                0x0000b974                vid_draw_horiz_line
                0x0000bcb4                vid_merge_colors
                0x0000bd00                vid_color_convert24_16
                0x0000bda0                vid_color_convert16_24
                0x0000be08                vid_copy_line_to_frame_buffer
                0x0000c0f8                vid_draw_sloped_line
                0x0000c374                vid_draw_circle
                0x0000c4d0                vid_circle_points
                0x0000c98c                max3
                0x0000c9e0                min3
                0x0000ca34                max_diff3
                0x0000ca98                vid_put_pixel_in_span_map
                0x0000cba4                vid_bres_scan_edges
                0x0000ce04                vid_draw_triangle
                0x0000d14c                CopyImage16
                0x0000d228                CropImage16
                0x0000d354                bgr2rgb
 .text          0x0000d3c8      0x108 obj/iniche_init.o
                0x0000d3c8                TarefaInicial
                0x0000d448                main
 .text          0x0000d4d0      0x660 obj/network_utilities.o
                0x0000d4d0                get_mac_addr
                0x0000d528                get_ip_addr
                0x0000d58c                get_serial_number
                0x0000d76c                generate_and_store_mac_addr
                0x0000d8c0                generate_mac_addr
                0x0000d9fc                get_board_mac_addr
                0x0000daf4                FindLastFlashSectorOffset
 .text          0x0000db30     0x12c0 obj/simple_socket_server.o
                0x0000db30                AquisicaoRedeTask1
                0x0000dc94                CopiaResultadoAoBuffer
                0x0000dde0                SocketResultSender
                0x0000e074                CopiaDadosAoPacote
                0x0000e1b8                CriaTarefas
                0x0000e2cc                Temporizador
                0x0000e2f4                CriaSocketsTasks
                0x0000e498                SocketSender
                0x0000e76c                SocketReceiver
                0x0000ea14                RecepcaoDadosUDP
 .text          0x0000edf0      0x168 c:/altera/10.1sp1/nios2eds/bin/gnu/h-i686-mingw32/bin/../lib/gcc/nios2-elf/4.1.2/../../../../nios2-elf/lib/mno-hw-mul\libm.a(lib_a-s_cos.o)
                0x0000edf0                cos
 .text          0x0000ef58      0x16c c:/altera/10.1sp1/nios2eds/bin/gnu/h-i686-mingw32/bin/../lib/gcc/nios2-elf/4.1.2/../../../../nios2-elf/lib/mno-hw-mul\libm.a(lib_a-s_sin.o)
                0x0000ef58                sin
 .text          0x0000f0c4      0x130 c:/altera/10.1sp1/nios2eds/bin/gnu/h-i686-mingw32/bin/../lib/gcc/nios2-elf/4.1.2/../../../../nios2-elf/lib/mno-hw-mul\libm.a(lib_a-w_sqrt.o)
                0x0000f0c4                sqrt
 .text          0x0000f1f4      0x138 c:/altera/10.1sp1/nios2eds/bin/gnu/h-i686-mingw32/bin/../lib/gcc/nios2-elf/4.1.2/../../../../nios2-elf/lib/mno-hw-mul\libm.a(lib_a-wf_sqrt.o)
                0x0000f1f4                sqrtf
 .text          0x0000f32c      0x828 c:/altera/10.1sp1/nios2eds/bin/gnu/h-i686-mingw32/bin/../lib/gcc/nios2-elf/4.1.2/../../../../nios2-elf/lib/mno-hw-mul\libm.a(lib_a-e_rem_pio2.o)
                0x0000f32c                __ieee754_rem_pio2
 .text          0x0000fb54      0x2c8 c:/altera/10.1sp1/nios2eds/bin/gnu/h-i686-mingw32/bin/../lib/gcc/nios2-elf/4.1.2/../../../../nios2-elf/lib/mno-hw-mul\libm.a(lib_a-e_sqrt.o)
                0x0000fb54                __ieee754_sqrt
 .text          0x0000fe1c      0x16c c:/altera/10.1sp1/nios2eds/bin/gnu/h-i686-mingw32/bin/../lib/gcc/nios2-elf/4.1.2/../../../../nios2-elf/lib/mno-hw-mul\libm.a(lib_a-ef_sqrt.o)
                0x0000fe1c                __ieee754_sqrtf
 .text          0x0000ff88      0x52c c:/altera/10.1sp1/nios2eds/bin/gnu/h-i686-mingw32/bin/../lib/gcc/nios2-elf/4.1.2/../../../../nios2-elf/lib/mno-hw-mul\libm.a(lib_a-k_cos.o)
                0x0000ff88                __kernel_cos
 .text          0x000104b4      0xe84 c:/altera/10.1sp1/nios2eds/bin/gnu/h-i686-mingw32/bin/../lib/gcc/nios2-elf/4.1.2/../../../../nios2-elf/lib/mno-hw-mul\libm.a(lib_a-k_rem_pio2.o)
                0x000104b4                __kernel_rem_pio2
 .text          0x00011338      0x318 c:/altera/10.1sp1/nios2eds/bin/gnu/h-i686-mingw32/bin/../lib/gcc/nios2-elf/4.1.2/../../../../nios2-elf/lib/mno-hw-mul\libm.a(lib_a-k_sin.o)
                0x00011338                __kernel_sin
 .text          0x00011650       0x18 c:/altera/10.1sp1/nios2eds/bin/gnu/h-i686-mingw32/bin/../lib/gcc/nios2-elf/4.1.2/../../../../nios2-elf/lib/mno-hw-mul\libm.a(lib_a-s_fabs.o)
                0x00011650                fabs
 .text          0x00011668      0x224 c:/altera/10.1sp1/nios2eds/bin/gnu/h-i686-mingw32/bin/../lib/gcc/nios2-elf/4.1.2/../../../../nios2-elf/lib/mno-hw-mul\libm.a(lib_a-s_floor.o)
                0x00011668                floor
 .text          0x0001188c       0x30 c:/altera/10.1sp1/nios2eds/bin/gnu/h-i686-mingw32/bin/../lib/gcc/nios2-elf/4.1.2/../../../../nios2-elf/lib/mno-hw-mul\libm.a(lib_a-s_isnand.o)
                0x0001188c                __isnand
 .text          0x000118bc        0x0 c:/altera/10.1sp1/nios2eds/bin/gnu/h-i686-mingw32/bin/../lib/gcc/nios2-elf/4.1.2/../../../../nios2-elf/lib/mno-hw-mul\libm.a(lib_a-s_lib_ver.o)
 .text          0x000118bc        0x8 c:/altera/10.1sp1/nios2eds/bin/gnu/h-i686-mingw32/bin/../lib/gcc/nios2-elf/4.1.2/../../../../nios2-elf/lib/mno-hw-mul\libm.a(lib_a-s_matherr.o)
                0x000118bc                matherr
 .text          0x000118c4      0x1e0 c:/altera/10.1sp1/nios2eds/bin/gnu/h-i686-mingw32/bin/../lib/gcc/nios2-elf/4.1.2/../../../../nios2-elf/lib/mno-hw-mul\libm.a(lib_a-s_scalbn.o)
                0x000118c4                scalbn
 .text          0x00011aa4       0x18 c:/altera/10.1sp1/nios2eds/bin/gnu/h-i686-mingw32/bin/../lib/gcc/nios2-elf/4.1.2/../../../../nios2-elf/lib/mno-hw-mul\libm.a(lib_a-sf_isnan.o)
                0x00011aa4                isnanf
 .text          0x00011abc       0x24 c:/altera/10.1sp1/nios2eds/bin/gnu/h-i686-mingw32/bin/../lib/gcc/nios2-elf/4.1.2/../../../../nios2-elf/lib/mno-hw-mul\libm.a(lib_a-s_copysign.o)
                0x00011abc                copysign
 .text          0x00011ae0      0x124 c:/altera/10.1sp1/nios2eds/bin/gnu/h-i686-mingw32/bin/../lib/gcc/nios2-elf/4.1.2/mno-hw-mul\libgcc.a(_muldi3.o)
                0x00011ae0                __muldi3
 .text          0x00011c04      0x2b8 c:/altera/10.1sp1/nios2eds/bin/gnu/h-i686-mingw32/bin/../lib/gcc/nios2-elf/4.1.2/mno-hw-mul\libgcc.a(_addsub_sf.o)
                0x00011de8                __subsf3
                0x00011e58                __addsf3
 .text          0x00011ebc      0x1e0 c:/altera/10.1sp1/nios2eds/bin/gnu/h-i686-mingw32/bin/../lib/gcc/nios2-elf/4.1.2/mno-hw-mul\libgcc.a(_mul_sf.o)
                0x00011ebc                __mulsf3
 .text          0x0001209c      0x174 c:/altera/10.1sp1/nios2eds/bin/gnu/h-i686-mingw32/bin/../lib/gcc/nios2-elf/4.1.2/mno-hw-mul\libgcc.a(_div_sf.o)
                0x0001209c                __divsf3
 .text          0x00012210       0x78 c:/altera/10.1sp1/nios2eds/bin/gnu/h-i686-mingw32/bin/../lib/gcc/nios2-elf/4.1.2/mno-hw-mul\libgcc.a(_ge_sf.o)
                0x00012210                __gesf2
 .text          0x00012288       0x78 c:/altera/10.1sp1/nios2eds/bin/gnu/h-i686-mingw32/bin/../lib/gcc/nios2-elf/4.1.2/mno-hw-mul\libgcc.a(_lt_sf.o)
                0x00012288                __ltsf2
 .text          0x00012300       0x98 c:/altera/10.1sp1/nios2eds/bin/gnu/h-i686-mingw32/bin/../lib/gcc/nios2-elf/4.1.2/mno-hw-mul\libgcc.a(_si_to_sf.o)
                0x00012300                __floatsisf
 .text          0x00012398       0x94 c:/altera/10.1sp1/nios2eds/bin/gnu/h-i686-mingw32/bin/../lib/gcc/nios2-elf/4.1.2/mno-hw-mul\libgcc.a(_sf_to_si.o)
                0x00012398                __fixsfsi
 .text          0x0001242c       0x54 c:/altera/10.1sp1/nios2eds/bin/gnu/h-i686-mingw32/bin/../lib/gcc/nios2-elf/4.1.2/mno-hw-mul\libgcc.a(_sf_to_df.o)
                0x0001242c                __extendsfdf2
 .text          0x00012480        0x0 c:/altera/10.1sp1/nios2eds/bin/gnu/h-i686-mingw32/bin/../lib/gcc/nios2-elf/4.1.2/mno-hw-mul\libgcc.a(_thenan_sf.o)
 .text          0x00012480      0x504 c:/altera/10.1sp1/nios2eds/bin/gnu/h-i686-mingw32/bin/../lib/gcc/nios2-elf/4.1.2/mno-hw-mul\libgcc.a(_addsub_df.o)
                0x00012890                __subdf3
                0x00012910                __adddf3
 .text          0x00012984      0x3c4 c:/altera/10.1sp1/nios2eds/bin/gnu/h-i686-mingw32/bin/../lib/gcc/nios2-elf/4.1.2/mno-hw-mul\libgcc.a(_mul_df.o)
                0x00012984                __muldf3
 .text          0x00012d48      0x258 c:/altera/10.1sp1/nios2eds/bin/gnu/h-i686-mingw32/bin/../lib/gcc/nios2-elf/4.1.2/mno-hw-mul\libgcc.a(_div_df.o)
                0x00012d48                __divdf3
 .text          0x00012fa0       0x88 c:/altera/10.1sp1/nios2eds/bin/gnu/h-i686-mingw32/bin/../lib/gcc/nios2-elf/4.1.2/mno-hw-mul\libgcc.a(_eq_df.o)
                0x00012fa0                __eqdf2
 .text          0x00013028       0x88 c:/altera/10.1sp1/nios2eds/bin/gnu/h-i686-mingw32/bin/../lib/gcc/nios2-elf/4.1.2/mno-hw-mul\libgcc.a(_gt_df.o)
                0x00013028                __gtdf2
 .text          0x000130b0       0x88 c:/altera/10.1sp1/nios2eds/bin/gnu/h-i686-mingw32/bin/../lib/gcc/nios2-elf/4.1.2/mno-hw-mul\libgcc.a(_ge_df.o)
                0x000130b0                __gedf2
 .text          0x00013138       0x88 c:/altera/10.1sp1/nios2eds/bin/gnu/h-i686-mingw32/bin/../lib/gcc/nios2-elf/4.1.2/mno-hw-mul\libgcc.a(_lt_df.o)
                0x00013138                __ltdf2
 .text          0x000131c0       0xf8 c:/altera/10.1sp1/nios2eds/bin/gnu/h-i686-mingw32/bin/../lib/gcc/nios2-elf/4.1.2/mno-hw-mul\libgcc.a(_si_to_df.o)
                0x000131c0                __floatsidf
 .text          0x000132b8       0xd8 c:/altera/10.1sp1/nios2eds/bin/gnu/h-i686-mingw32/bin/../lib/gcc/nios2-elf/4.1.2/mno-hw-mul\libgcc.a(_df_to_si.o)
                0x000132b8                __fixdfsi
 .text          0x00013390       0x38 c:/altera/10.1sp1/nios2eds/bin/gnu/h-i686-mingw32/bin/../lib/gcc/nios2-elf/4.1.2/mno-hw-mul\libgcc.a(_make_df.o)
                0x00013390                __make_dp
 .text          0x000133c8       0x74 c:/altera/10.1sp1/nios2eds/bin/gnu/h-i686-mingw32/bin/../lib/gcc/nios2-elf/4.1.2/mno-hw-mul\libgcc.a(_df_to_sf.o)
                0x000133c8                __truncdfsf2
 .text          0x0001343c        0x0 c:/altera/10.1sp1/nios2eds/bin/gnu/h-i686-mingw32/bin/../lib/gcc/nios2-elf/4.1.2/mno-hw-mul\libgcc.a(_thenan_df.o)
 .text          0x0001343c      0x194 c:/altera/10.1sp1/nios2eds/bin/gnu/h-i686-mingw32/bin/../lib/gcc/nios2-elf/4.1.2/mno-hw-mul\libgcc.a(_usi_to_df.o)
                0x0001343c                __floatunsidf
 .text          0x000135d0      0x14c c:/altera/10.1sp1/nios2eds/bin/gnu/h-i686-mingw32/bin/../lib/gcc/nios2-elf/4.1.2/mno-hw-mul\libgcc.a(lib2-divmod.o)
                0x0001364c                __divsi3
                0x000136ac                __modsi3
                0x0001370c                __udivsi3
                0x00013714                __umodsi3
 .text          0x0001371c       0x38 c:/altera/10.1sp1/nios2eds/bin/gnu/h-i686-mingw32/bin/../lib/gcc/nios2-elf/4.1.2/mno-hw-mul\libgcc.a(lib2-mul.o)
                0x0001371c                __mulsi3
 .text          0x00013754       0x80 c:/altera/10.1sp1/nios2eds/bin/gnu/h-i686-mingw32/bin/../lib/gcc/nios2-elf/4.1.2/mno-hw-mul\libgcc.a(_clzsi2.o)
                0x00013754                __clzsi2
 .text          0x000137d4      0x160 c:/altera/10.1sp1/nios2eds/bin/gnu/h-i686-mingw32/bin/../lib/gcc/nios2-elf/4.1.2/mno-hw-mul\libgcc.a(_pack_sf.o)
                0x000137d4                __pack_f
 .text          0x00013934       0xc8 c:/altera/10.1sp1/nios2eds/bin/gnu/h-i686-mingw32/bin/../lib/gcc/nios2-elf/4.1.2/mno-hw-mul\libgcc.a(_unpack_sf.o)
                0x00013934                __unpack_f
 .text          0x000139fc       0xa8 c:/altera/10.1sp1/nios2eds/bin/gnu/h-i686-mingw32/bin/../lib/gcc/nios2-elf/4.1.2/mno-hw-mul\libgcc.a(_fpcmp_parts_sf.o)
                0x000139fc                __fpcmp_parts_f
 .text          0x00013aa4       0x2c c:/altera/10.1sp1/nios2eds/bin/gnu/h-i686-mingw32/bin/../lib/gcc/nios2-elf/4.1.2/mno-hw-mul\libgcc.a(_make_sf.o)
                0x00013aa4                __make_fp
 .text          0x00013ad0      0x314 c:/altera/10.1sp1/nios2eds/bin/gnu/h-i686-mingw32/bin/../lib/gcc/nios2-elf/4.1.2/mno-hw-mul\libgcc.a(_pack_df.o)
                0x00013ad0                __pack_d
 .text          0x00013de4      0x138 c:/altera/10.1sp1/nios2eds/bin/gnu/h-i686-mingw32/bin/../lib/gcc/nios2-elf/4.1.2/mno-hw-mul\libgcc.a(_unpack_df.o)
                0x00013de4                __unpack_d
 .text          0x00013f1c       0xc8 c:/altera/10.1sp1/nios2eds/bin/gnu/h-i686-mingw32/bin/../lib/gcc/nios2-elf/4.1.2/mno-hw-mul\libgcc.a(_fpcmp_parts_df.o)
                0x00013f1c                __fpcmp_parts_d
 .text          0x00013fe4        0x0 c:/altera/10.1sp1/nios2eds/bin/gnu/h-i686-mingw32/bin/../lib/gcc/nios2-elf/4.1.2/mno-hw-mul\libgcc.a(_clz.o)
 .text          0x00013fe4        0x0 c:/altera/10.1sp1/nios2eds/bin/gnu/h-i686-mingw32/bin/../lib/gcc/nios2-elf/4.1.2/../../../../nios2-elf/lib/mno-hw-mul\libc.a(lib_a-ctype_.o)
 .text          0x00013fe4       0x10 c:/altera/10.1sp1/nios2eds/bin/gnu/h-i686-mingw32/bin/../lib/gcc/nios2-elf/4.1.2/../../../../nios2-elf/lib/mno-hw-mul\libc.a(lib_a-errno.o)
                0x00013fe4                __errno
 .text          0x00013ff4       0x60 c:/altera/10.1sp1/nios2eds/bin/gnu/h-i686-mingw32/bin/../lib/gcc/nios2-elf/4.1.2/../../../../nios2-elf/lib/mno-hw-mul\libc.a(lib_a-fprintf.o)
                0x00013ff4                fprintf
                0x00014020                _fprintf_r
 .text          0x00014054       0xec c:/altera/10.1sp1/nios2eds/bin/gnu/h-i686-mingw32/bin/../lib/gcc/nios2-elf/4.1.2/../../../../nios2-elf/lib/mno-hw-mul\libc.a(lib_a-fwrite.o)
                0x00014054                _fwrite_r
                0x00014100                fwrite
 .text          0x00014140      0x128 c:/altera/10.1sp1/nios2eds/bin/gnu/h-i686-mingw32/bin/../lib/gcc/nios2-elf/4.1.2/../../../../nios2-elf/lib/mno-hw-mul\libc.a(lib_a-getc.o)
                0x00014140                getc
                0x000141d8                _getc_r
 .text          0x00014268        0x0 c:/altera/10.1sp1/nios2eds/bin/gnu/h-i686-mingw32/bin/../lib/gcc/nios2-elf/4.1.2/../../../../nios2-elf/lib/mno-hw-mul\libc.a(lib_a-impure.o)
 .text          0x00014268       0x1c c:/altera/10.1sp1/nios2eds/bin/gnu/h-i686-mingw32/bin/../lib/gcc/nios2-elf/4.1.2/../../../../nios2-elf/lib/mno-hw-mul\libc.a(lib_a-malign.o)
                0x00014268                memalign
 .text          0x00014284      0x1cc c:/altera/10.1sp1/nios2eds/bin/gnu/h-i686-mingw32/bin/../lib/gcc/nios2-elf/4.1.2/../../../../nios2-elf/lib/mno-hw-mul\libc.a(lib_a-malignr.o)
                0x00014284                _memalign_r
 .text          0x00014450       0x28 c:/altera/10.1sp1/nios2eds/bin/gnu/h-i686-mingw32/bin/../lib/gcc/nios2-elf/4.1.2/../../../../nios2-elf/lib/mno-hw-mul\libc.a(lib_a-malloc.o)
                0x00014450                free
                0x00014464                malloc
 .text          0x00014478      0x740 c:/altera/10.1sp1/nios2eds/bin/gnu/h-i686-mingw32/bin/../lib/gcc/nios2-elf/4.1.2/../../../../nios2-elf/lib/mno-hw-mul\libc.a(lib_a-mallocr.o)
                0x00014478                _malloc_r
 .text          0x00014bb8       0xa0 c:/altera/10.1sp1/nios2eds/bin/gnu/h-i686-mingw32/bin/../lib/gcc/nios2-elf/4.1.2/../../../../nios2-elf/lib/mno-hw-mul\libc.a(lib_a-memcpy.o)
                0x00014bb8                memcpy
 .text          0x00014c58       0x98 c:/altera/10.1sp1/nios2eds/bin/gnu/h-i686-mingw32/bin/../lib/gcc/nios2-elf/4.1.2/../../../../nios2-elf/lib/mno-hw-mul\libc.a(lib_a-memset.o)
                0x00014c58                memset
 .text          0x00014cf0       0x80 c:/altera/10.1sp1/nios2eds/bin/gnu/h-i686-mingw32/bin/../lib/gcc/nios2-elf/4.1.2/../../../../nios2-elf/lib/mno-hw-mul\libc.a(lib_a-perror.o)
                0x00014cf0                _perror_r
                0x00014d5c                perror
 .text          0x00014d70       0x78 c:/altera/10.1sp1/nios2eds/bin/gnu/h-i686-mingw32/bin/../lib/gcc/nios2-elf/4.1.2/../../../../nios2-elf/lib/mno-hw-mul\libc.a(lib_a-printf.o)
                0x00014d70                printf
                0x00014db4                _printf_r
 .text          0x00014de8      0x1ec c:/altera/10.1sp1/nios2eds/bin/gnu/h-i686-mingw32/bin/../lib/gcc/nios2-elf/4.1.2/../../../../nios2-elf/lib/mno-hw-mul\libc.a(lib_a-putc.o)
                0x00014de8                putc
                0x00014eec                _putc_r
 .text          0x00014fd4       0x24 c:/altera/10.1sp1/nios2eds/bin/gnu/h-i686-mingw32/bin/../lib/gcc/nios2-elf/4.1.2/../../../../nios2-elf/lib/mno-hw-mul\libc.a(lib_a-putchar.o)
                0x00014fd4                putchar
                0x00014ff0                _putchar_r
 .text          0x00014ff8       0xb4 c:/altera/10.1sp1/nios2eds/bin/gnu/h-i686-mingw32/bin/../lib/gcc/nios2-elf/4.1.2/../../../../nios2-elf/lib/mno-hw-mul\libc.a(lib_a-puts.o)
                0x00014ff8                _puts_r
                0x00015098                puts
 .text          0x000150ac       0x60 c:/altera/10.1sp1/nios2eds/bin/gnu/h-i686-mingw32/bin/../lib/gcc/nios2-elf/4.1.2/../../../../nios2-elf/lib/mno-hw-mul\libc.a(lib_a-rget.o)
                0x000150ac                __srget_r
                0x000150f8                __srget
 .text          0x0001510c       0x70 c:/altera/10.1sp1/nios2eds/bin/gnu/h-i686-mingw32/bin/../lib/gcc/nios2-elf/4.1.2/../../../../nios2-elf/lib/mno-hw-mul\libc.a(lib_a-sbrkr.o)
                0x0001510c                _sbrk_r
 .text          0x0001517c       0xd4 c:/altera/10.1sp1/nios2eds/bin/gnu/h-i686-mingw32/bin/../lib/gcc/nios2-elf/4.1.2/../../../../nios2-elf/lib/mno-hw-mul\libc.a(lib_a-sprintf.o)
                0x0001517c                sprintf
                0x000151f0                _sprintf_r
 .text          0x00015250       0x8c c:/altera/10.1sp1/nios2eds/bin/gnu/h-i686-mingw32/bin/../lib/gcc/nios2-elf/4.1.2/../../../../nios2-elf/lib/mno-hw-mul\libc.a(lib_a-strcpy.o)
                0x00015250                strcpy
 .text          0x000152dc      0x674 c:/altera/10.1sp1/nios2eds/bin/gnu/h-i686-mingw32/bin/../lib/gcc/nios2-elf/4.1.2/../../../../nios2-elf/lib/mno-hw-mul\libc.a(lib_a-strerror.o)
                0x000152dc                strerror
 .text          0x00015950       0x74 c:/altera/10.1sp1/nios2eds/bin/gnu/h-i686-mingw32/bin/../lib/gcc/nios2-elf/4.1.2/../../../../nios2-elf/lib/mno-hw-mul\libc.a(lib_a-strlen.o)
                0x00015950                strlen
 .text          0x000159c4        0x8 c:/altera/10.1sp1/nios2eds/bin/gnu/h-i686-mingw32/bin/../lib/gcc/nios2-elf/4.1.2/../../../../nios2-elf/lib/mno-hw-mul\libc.a(lib_a-u_strerr.o)
                0x000159c4                _user_strerror
 .text          0x000159cc     0x1f40 c:/altera/10.1sp1/nios2eds/bin/gnu/h-i686-mingw32/bin/../lib/gcc/nios2-elf/4.1.2/../../../../nios2-elf/lib/mno-hw-mul\libc.a(lib_a-vfprintf.o)
                0x00015a24                ___vfprintf_internal_r
                0x000178e8                __vfprintf_internal
 .text          0x0001790c      0x14c c:/altera/10.1sp1/nios2eds/bin/gnu/h-i686-mingw32/bin/../lib/gcc/nios2-elf/4.1.2/../../../../nios2-elf/lib/mno-hw-mul\libc.a(lib_a-wbuf.o)
                0x0001790c                __swbuf_r
                0x00017a3c                __swbuf
 .text          0x00017a58      0x13c c:/altera/10.1sp1/nios2eds/bin/gnu/h-i686-mingw32/bin/../lib/gcc/nios2-elf/4.1.2/../../../../nios2-elf/lib/mno-hw-mul\libc.a(lib_a-wsetup.o)
                0x00017a58                __swsetup_r
 .text          0x00017b94     0x17f8 c:/altera/10.1sp1/nios2eds/bin/gnu/h-i686-mingw32/bin/../lib/gcc/nios2-elf/4.1.2/../../../../nios2-elf/lib/mno-hw-mul\libc.a(lib_a-dtoa.o)
                0x00017dd8                _dtoa_r
 .text          0x0001938c      0x230 c:/altera/10.1sp1/nios2eds/bin/gnu/h-i686-mingw32/bin/../lib/gcc/nios2-elf/4.1.2/../../../../nios2-elf/lib/mno-hw-mul\libc.a(lib_a-fflush.o)
                0x0001938c                _fflush_r
                0x00019588                fflush
 .text          0x000195bc      0x2f4 c:/altera/10.1sp1/nios2eds/bin/gnu/h-i686-mingw32/bin/../lib/gcc/nios2-elf/4.1.2/../../../../nios2-elf/lib/mno-hw-mul\libc.a(lib_a-findfp.o)
                0x00019614                __sfp_lock_acquire
                0x00019618                __sfp_lock_release
                0x0001961c                __sinit_lock_acquire
                0x00019620                __sinit_lock_release
                0x00019624                __sinit
                0x000196d8                __fp_unlock_all
                0x000196f0                __fp_lock_all
                0x00019708                _cleanup_r
                0x00019714                _cleanup
                0x00019724                __sfmoreglue
                0x000197c0                __sfp
 .text          0x000198b0       0xbc c:/altera/10.1sp1/nios2eds/bin/gnu/h-i686-mingw32/bin/../lib/gcc/nios2-elf/4.1.2/../../../../nios2-elf/lib/mno-hw-mul\libc.a(lib_a-fputc.o)
                0x000198b0                fputc
                0x00019914                _fputc_r
 .text          0x0001996c       0x90 c:/altera/10.1sp1/nios2eds/bin/gnu/h-i686-mingw32/bin/../lib/gcc/nios2-elf/4.1.2/../../../../nios2-elf/lib/mno-hw-mul\libc.a(lib_a-fputs.o)
                0x0001996c                _fputs_r
                0x000199e0                fputs
 .text          0x000199fc      0x440 c:/altera/10.1sp1/nios2eds/bin/gnu/h-i686-mingw32/bin/../lib/gcc/nios2-elf/4.1.2/../../../../nios2-elf/lib/mno-hw-mul\libc.a(lib_a-freer.o)
                0x000199fc                _malloc_trim_r
                0x00019b28                _free_r
 .text          0x00019e3c      0x49c c:/altera/10.1sp1/nios2eds/bin/gnu/h-i686-mingw32/bin/../lib/gcc/nios2-elf/4.1.2/../../../../nios2-elf/lib/mno-hw-mul\libc.a(lib_a-fvwrite.o)
                0x00019e3c                __sfvwrite_r
 .text          0x0001a2d8      0x180 c:/altera/10.1sp1/nios2eds/bin/gnu/h-i686-mingw32/bin/../lib/gcc/nios2-elf/4.1.2/../../../../nios2-elf/lib/mno-hw-mul\libc.a(lib_a-fwalk.o)
                0x0001a2d8                _fwalk_reent
                0x0001a3a0                _fwalk
 .text          0x0001a458        0x0 c:/altera/10.1sp1/nios2eds/bin/gnu/h-i686-mingw32/bin/../lib/gcc/nios2-elf/4.1.2/../../../../nios2-elf/lib/mno-hw-mul\libc.a(lib_a-int_errno.o)
 .text          0x0001a458       0xc4 c:/altera/10.1sp1/nios2eds/bin/gnu/h-i686-mingw32/bin/../lib/gcc/nios2-elf/4.1.2/../../../../nios2-elf/lib/mno-hw-mul\libc.a(lib_a-locale.o)
                0x0001a458                __locale_charset
                0x0001a460                _localeconv_r
                0x0001a46c                localeconv
                0x0001a47c                _setlocale_r
                0x0001a500                setlocale
 .text          0x0001a51c      0x194 c:/altera/10.1sp1/nios2eds/bin/gnu/h-i686-mingw32/bin/../lib/gcc/nios2-elf/4.1.2/../../../../nios2-elf/lib/mno-hw-mul\libc.a(lib_a-makebuf.o)
                0x0001a51c                __smakebuf_r
 .text          0x0001a6b0       0xe4 c:/altera/10.1sp1/nios2eds/bin/gnu/h-i686-mingw32/bin/../lib/gcc/nios2-elf/4.1.2/../../../../nios2-elf/lib/mno-hw-mul\libc.a(lib_a-memchr.o)
                0x0001a6b0                memchr
 .text          0x0001a794       0xe0 c:/altera/10.1sp1/nios2eds/bin/gnu/h-i686-mingw32/bin/../lib/gcc/nios2-elf/4.1.2/../../../../nios2-elf/lib/mno-hw-mul\libc.a(lib_a-memmove.o)
                0x0001a794                memmove
 .text          0x0001a874     0x108c c:/altera/10.1sp1/nios2eds/bin/gnu/h-i686-mingw32/bin/../lib/gcc/nios2-elf/4.1.2/../../../../nios2-elf/lib/mno-hw-mul\libc.a(lib_a-mprec.o)
                0x0001a874                _Bfree
                0x0001a89c                __hi0bits
                0x0001a90c                __lo0bits
                0x0001a9d0                __mcmp
                0x0001aa30                __ulp
                0x0001aab0                __b2d
                0x0001abd0                __ratio
                0x0001ac80                _mprec_log10
                0x0001ad14                __copybits
                0x0001ad6c                __any_on
                0x0001adf4                _Balloc
                0x0001aeb0                __d2b
                0x0001b02c                __mdiff
                0x0001b1b8                __lshift
                0x0001b304                __multiply
                0x0001b558                __i2b
                0x0001b594                __multadd
                0x0001b6c0                __pow5mult
                0x0001b7e0                __s2b
 .text          0x0001b900      0x5f4 c:/altera/10.1sp1/nios2eds/bin/gnu/h-i686-mingw32/bin/../lib/gcc/nios2-elf/4.1.2/../../../../nios2-elf/lib/mno-hw-mul\libc.a(lib_a-reallocr.o)
                0x0001b900                _realloc_r
 .text          0x0001bef4      0x1e0 c:/altera/10.1sp1/nios2eds/bin/gnu/h-i686-mingw32/bin/../lib/gcc/nios2-elf/4.1.2/../../../../nios2-elf/lib/mno-hw-mul\libc.a(lib_a-refill.o)
                0x0001bef4                __srefill_r
 .text          0x0001c0d4       0x40 c:/altera/10.1sp1/nios2eds/bin/gnu/h-i686-mingw32/bin/../lib/gcc/nios2-elf/4.1.2/../../../../nios2-elf/lib/mno-hw-mul\libc.a(lib_a-s_isinfd.o)
                0x0001c0d4                __isinfd
 .text          0x0001c114      0x14c c:/altera/10.1sp1/nios2eds/bin/gnu/h-i686-mingw32/bin/../lib/gcc/nios2-elf/4.1.2/../../../../nios2-elf/lib/mno-hw-mul\libc.a(lib_a-stdio.o)
                0x0001c114                __sclose
                0x0001c11c                __sseek
                0x0001c184                __swrite
                0x0001c200                __sread
 .text          0x0001c260       0xbc c:/altera/10.1sp1/nios2eds/bin/gnu/h-i686-mingw32/bin/../lib/gcc/nios2-elf/4.1.2/../../../../nios2-elf/lib/mno-hw-mul\libc.a(lib_a-strcmp.o)
                0x0001c260                strcmp
 .text          0x0001c31c       0x78 c:/altera/10.1sp1/nios2eds/bin/gnu/h-i686-mingw32/bin/../lib/gcc/nios2-elf/4.1.2/../../../../nios2-elf/lib/mno-hw-mul\libc.a(lib_a-writer.o)
                0x0001c31c                _write_r
 .text          0x0001c394       0xc8 c:/altera/10.1sp1/nios2eds/bin/gnu/h-i686-mingw32/bin/../lib/gcc/nios2-elf/4.1.2/../../../../nios2-elf/lib/mno-hw-mul\libc.a(lib_a-callocr.o)
                0x0001c394                _calloc_r
 .text          0x0001c45c       0x70 c:/altera/10.1sp1/nios2eds/bin/gnu/h-i686-mingw32/bin/../lib/gcc/nios2-elf/4.1.2/../../../../nios2-elf/lib/mno-hw-mul\libc.a(lib_a-closer.o)
                0x0001c45c                _close_r
 .text          0x0001c4cc      0x124 c:/altera/10.1sp1/nios2eds/bin/gnu/h-i686-mingw32/bin/../lib/gcc/nios2-elf/4.1.2/../../../../nios2-elf/lib/mno-hw-mul\libc.a(lib_a-fclose.o)
                0x0001c4cc                _fclose_r
                0x0001c5dc                fclose
 .text          0x0001c5f0       0x74 c:/altera/10.1sp1/nios2eds/bin/gnu/h-i686-mingw32/bin/../lib/gcc/nios2-elf/4.1.2/../../../../nios2-elf/lib/mno-hw-mul\libc.a(lib_a-fstatr.o)
                0x0001c5f0                _fstat_r
 .text          0x0001c664       0x70 c:/altera/10.1sp1/nios2eds/bin/gnu/h-i686-mingw32/bin/../lib/gcc/nios2-elf/4.1.2/../../../../nios2-elf/lib/mno-hw-mul\libc.a(lib_a-isattyr.o)
                0x0001c664                _isatty_r
 .text          0x0001c6d4       0x78 c:/altera/10.1sp1/nios2eds/bin/gnu/h-i686-mingw32/bin/../lib/gcc/nios2-elf/4.1.2/../../../../nios2-elf/lib/mno-hw-mul\libc.a(lib_a-lseekr.o)
                0x0001c6d4                _lseek_r
 .text          0x0001c74c       0x78 c:/altera/10.1sp1/nios2eds/bin/gnu/h-i686-mingw32/bin/../lib/gcc/nios2-elf/4.1.2/../../../../nios2-elf/lib/mno-hw-mul\libc.a(lib_a-readr.o)
                0x0001c74c                _read_r
 .text          0x0001c7c4      0x66c c:/altera/10.1sp1/nios2eds/bin/gnu/h-i686-mingw32/bin/../lib/gcc/nios2-elf/4.1.2/mno-hw-mul\libgcc.a(_udivdi3.o)
                0x0001c7c4                __udivdi3
 .text          0x0001ce30      0x660 c:/altera/10.1sp1/nios2eds/bin/gnu/h-i686-mingw32/bin/../lib/gcc/nios2-elf/4.1.2/mno-hw-mul\libgcc.a(_umoddi3.o)
                0x0001ce30                __umoddi3
 .text          0x0001d490       0x88 c:/altera/10.1sp1/nios2eds/bin/gnu/h-i686-mingw32/bin/../lib/gcc/nios2-elf/4.1.2/mno-hw-mul\libgcc.a(_ne_df.o)
                0x0001d490                __nedf2
 .text          0x0001d518      0x138 ../RedeFFTHW_bsp\libucosii_bsp.a(alt_fstat.o)
                0x0001d518                fstat
 .text          0x0001d650      0x124 ../RedeFFTHW_bsp\libucosii_bsp.a(alt_isatty.o)
                0x0001d650                isatty
 .text          0x0001d774       0xec ../RedeFFTHW_bsp\libucosii_bsp.a(alt_load.o)
                0x0001d774                alt_load
 .text          0x0001d860      0x154 ../RedeFFTHW_bsp\libucosii_bsp.a(alt_lseek.o)
                0x0001d860                lseek
 .text          0x0001d9b4       0xc8 ../RedeFFTHW_bsp\libucosii_bsp.a(alt_main.o)
                0x0001d9b4                alt_main
 .text          0x0001da7c       0x38 ../RedeFFTHW_bsp\libucosii_bsp.a(alt_remap_cached.o)
                0x0001da7c                alt_remap_cached
 .text          0x0001dab4       0x40 ../RedeFFTHW_bsp\libucosii_bsp.a(alt_remap_uncached.o)
                0x0001dab4                alt_remap_uncached
 .text          0x0001daf4       0xbc ../RedeFFTHW_bsp\libucosii_bsp.a(alt_sbrk.o)
                0x0001daf4                sbrk
 .text          0x0001dbb0      0x1a8 ../RedeFFTHW_bsp\libucosii_bsp.a(alt_tick.o)
                0x0001dbb0                alt_alarm_stop
                0x0001dc48                alt_tick
 .text          0x0001dd58       0x64 ../RedeFFTHW_bsp\libucosii_bsp.a(alt_uncached_malloc.o)
                0x0001dd58                alt_uncached_malloc
 .text          0x0001ddbc      0x120 ../RedeFFTHW_bsp\libucosii_bsp.a(alt_usleep.o)
                0x0001ddbc                usleep
 .text          0x0001dedc      0x108 ../RedeFFTHW_bsp\libucosii_bsp.a(alt_env_lock.o)
                0x0001dedc                __env_lock
                0x0001df88                __env_unlock
 .text          0x0001dfe4      0x1d8 ../RedeFFTHW_bsp\libucosii_bsp.a(alt_malloc_lock.o)
                0x0001dfe4                __malloc_lock
                0x0001e0ec                __malloc_unlock
 .text          0x0001e1bc     0x2128 ../RedeFFTHW_bsp\libucosii_bsp.a(os_core.o)
                0x0001e1bc                OSEventNameGet
                0x0001e2ec                OSEventNameSet
                0x0001e430                OSEventPendMulti
                0x0001eae4                OSInit
                0x0001eb38                OSIntEnter
                0x0001ebb4                OSIntExit
                0x0001ecb4                OSSchedLock
                0x0001ed40                OSSchedUnlock
                0x0001ee24                OSStart
                0x0001ee94                OSStatInit
                0x0001ef40                OSTimeTick
                0x0001f180                OSVersion
                0x0001f1a0                OS_Dummy
                0x0001f1bc                OS_EventTaskRdy
                0x0001f350                OS_EventTaskWait
                0x0001f460                OS_EventTaskWaitMulti
                0x0001f5b4                OS_EventTaskRemove
                0x0001f66c                OS_EventTaskRemoveMulti
                0x0001f770                OS_EventWaitListInit
                0x0001fb3c                OS_MemClr
                0x0001fb90                OS_MemCopy
                0x0001fbfc                OS_Sched
                0x0001fd40                OS_StrCopy
                0x0001fdc0                OS_StrLen
                0x0001fe18                OS_TaskIdle
                0x0001fe74                OS_TaskStat
                0x0001ff3c                OS_TaskStatStkChk
                0x00020004                OS_TCBInit
 .text          0x000202e4      0x18c ../RedeFFTHW_bsp\libucosii_bsp.a(os_dbg.o)
                0x000202e4                OSDebugInit
 .text          0x00020470     0x193c ../RedeFFTHW_bsp\libucosii_bsp.a(os_flag.o)
                0x00020470                OSFlagAccept
                0x000207a4                OSFlagCreate
                0x000208e0                OSFlagDel
                0x00020b88                OSFlagNameGet
                0x00020ccc                OSFlagNameSet
                0x00020e20                OSFlagPend
                0x00021464                OSFlagPendGetFlagsRdy
                0x000214cc                OSFlagPost
                0x00021874                OSFlagQuery
                0x00021b0c                OS_FlagInit
                0x00021d00                OS_FlagUnlink
 .text          0x00021dac      0x80c ../RedeFFTHW_bsp\libucosii_bsp.a(os_mem.o)
                0x00021dac                OSMemCreate
                0x00021fc8                OSMemGet
                0x000220cc                OSMemNameGet
                0x000221d8                OSMemNameSet
                0x000222f8                OSMemPut
                0x000223e8                OSMemQuery
                0x000224e4                OS_MemInit
 .text          0x000225b8     0x1334 ../RedeFFTHW_bsp\libucosii_bsp.a(os_q.o)
                0x000225b8                OSQAccept
                0x0002270c                OSQCreate
                0x00022920                OSQDel
                0x00022c20                OSQFlush
                0x00022ce8                OSQPend
                0x00023008                OSQPendAbort
                0x00023184                OSQPost
                0x00023304                OSQPostFront
                0x0002348c                OSQPostOpt
                0x000236c0                OSQQuery
                0x00023840                OS_QInit
 .text          0x000238ec      0xbc8 ../RedeFFTHW_bsp\libucosii_bsp.a(os_sem.o)
                0x000238ec                OSSemAccept
                0x000239ac                OSSemCreate
                0x00023ac0                OSSemDel
                0x00023d60                OSSemPend
                0x00023fdc                OSSemPendAbort
                0x00024158                OSSemPost
                0x00024280                OSSemQuery
                0x000243b0                OSSemSet
 .text          0x000244b4     0x1a40 ../RedeFFTHW_bsp\libucosii_bsp.a(os_task.o)
                0x000244b4                OSTaskChangePrio
                0x00024a28                OSTaskCreate
                0x00024bfc                OSTaskCreateExt
                0x00024dfc                OSTaskDel
                0x00025208                OSTaskDelReq
                0x00025378                OSTaskNameGet
                0x00025530                OSTaskNameSet
                0x000256f4                OSTaskResume
                0x0002590c                OSTaskStkChk
                0x00025b08                OSTaskSuspend
                0x00025d34                OSTaskQuery
                0x00025e78                OS_TaskStkClr
 .text          0x00025ef4      0x5b4 ../RedeFFTHW_bsp\libucosii_bsp.a(os_time.o)
                0x00025ef4                OSTimeDly
                0x00026040                OSTimeDlyHMSM
                0x000261d0                OSTimeDlyResume
                0x000263e0                OSTimeGet
                0x00026444                OSTimeSet
 .text          0x000264a8      0x328 ../RedeFFTHW_bsp\libucosii_bsp.a(alt_sys_init.o)
                0x000264a8                alt_irq_init
                0x000264dc                alt_sys_init
 .text          0x000267d0      0x148 ../RedeFFTHW_bsp\libucosii_bsp.a(altera_avalon_jtag_uart_fd.o)
                0x000267d0                altera_avalon_jtag_uart_read_fd
                0x00026828                altera_avalon_jtag_uart_write_fd
                0x00026880                altera_avalon_jtag_uart_close_fd
                0x000268c8                altera_avalon_jtag_uart_ioctl_fd
 .text          0x00026918      0x584 ../RedeFFTHW_bsp\libucosii_bsp.a(altera_avalon_jtag_uart_init.o)
                0x00026918                altera_avalon_jtag_uart_init
                0x00026e28                altera_avalon_jtag_uart_close
 .text          0x00026e9c       0xf4 ../RedeFFTHW_bsp\libucosii_bsp.a(altera_avalon_jtag_uart_ioctl.o)
                0x00026e9c                altera_avalon_jtag_uart_ioctl
 .text          0x00026f90      0x2c0 ../RedeFFTHW_bsp\libucosii_bsp.a(altera_avalon_jtag_uart_read.o)
                0x00026f90                altera_avalon_jtag_uart_read
 .text          0x00027250      0x2dc ../RedeFFTHW_bsp\libucosii_bsp.a(altera_avalon_jtag_uart_write.o)
                0x00027250                altera_avalon_jtag_uart_write
 .text          0x0002752c      0xd0c ../RedeFFTHW_bsp\libucosii_bsp.a(altera_avalon_sgdma.o)
                0x0002752c                alt_avalon_sgdma_do_async_transfer
                0x00027668                alt_avalon_sgdma_do_sync_transfer
                0x0002778c                alt_avalon_sgdma_construct_mem_to_mem_desc
                0x000277fc                alt_avalon_sgdma_construct_mem_to_mem_desc_burst
                0x0002787c                alt_avalon_sgdma_construct_stream_to_mem_desc
                0x000278d0                alt_avalon_sgdma_construct_stream_to_mem_desc_burst
                0x00027940                alt_avalon_sgdma_construct_mem_to_stream_desc
                0x000279b4                alt_avalon_sgdma_construct_mem_to_stream_desc_burst
                0x00027a38                alt_avalon_sgdma_register_callback
                0x00027a88                alt_avalon_sgdma_start
                0x00027adc                alt_avalon_sgdma_stop
                0x00027b34                alt_avalon_sgdma_check_descriptor_status
                0x00027ba4                alt_avalon_sgdma_open
                0x00027c5c                alt_avalon_sgdma_construct_descriptor
                0x00027ce4                alt_avalon_sgdma_construct_descriptor_burst
                0x0002818c                alt_avalon_sgdma_init
 .text          0x00028238      0x100 ../RedeFFTHW_bsp\libucosii_bsp.a(altera_avalon_timer_sc.o)
                0x000282a8                alt_avalon_timer_sc_init
 .text          0x00028338     0x189c ../RedeFFTHW_bsp\libucosii_bsp.a(ins_tse_mac.o)
                0x00028338                triple_speed_ethernet_init
                0x000284b4                prep_tse_mac
                0x00028734                tse_mac_init
                0x000292e4                tse_mac_raw_send
                0x000295dc                tse_sgdmaRx_isr
                0x00029684                tse_sgdma_read_init
                0x0002982c                tse_mac_rcv
                0x00029a7c                tse_mac_stats
                0x00029abc                tse_mac_close
 .text          0x00029bd4      0x294 ../RedeFFTHW_bsp\libucosii_bsp.a(perf_print_formatted_report.o)
                0x00029bd4                perf_print_formatted_report
 .text          0x00029e68       0x54 ../RedeFFTHW_bsp\libucosii_bsp.a(alt_iniche_close.o)
                0x00029e68                close
 .text          0x00029ebc      0x144 ../RedeFFTHW_bsp\libucosii_bsp.a(alt_iniche_dev.o)
                0x00029ebc                iniche_devices_init
 .text          0x0002a000       0x78 ../RedeFFTHW_bsp\libucosii_bsp.a(alt_iniche_read.o)
                0x0002a000                read
 .text          0x0002a078       0x70 ../RedeFFTHW_bsp\libucosii_bsp.a(alt_iniche_write.o)
                0x0002a078                write
 .text          0x0002a0e8      0xedc ../RedeFFTHW_bsp\libucosii_bsp.a(ipnet.o)
                0x0002a0e8                Netinit
                0x0002a734                fixup_subnet_mask
                0x0002a894                netclose
                0x0002a97c                pktdemux
                0x0002ad50                c_older
                0x0002ae20                ip2mac
 .text          0x0002afc4      0x4bc ../RedeFFTHW_bsp\libucosii_bsp.a(ipstart.o)
                0x0002afc4                ip_startup
                0x0002b2b4                exit_hook
                0x0002b320                ip_exit
                0x0002b3f0                if_netnumber
 .text          0x0002b480     0x1010 ../RedeFFTHW_bsp\libucosii_bsp.a(igmp_cmn.o)
                0x0002b480                igmp_init
                0x0002b530                igmp_input
                0x0002b628                igmp_fasttimo
                0x0002b7c4                igmp_send
                0x0002ba6c                igmp_joingroup
                0x0002bcd8                igmp_leavegroup
                0x0002bd54                igmp_validate
                0x0002c0b0                igmp_print_stats
 .text          0x0002c490      0xb6c ../RedeFFTHW_bsp\libucosii_bsp.a(bsdsock.o)
                0x0002c490                bsd_accept
                0x0002c5c8                bsd_getpeername
                0x0002c6f4                bsd_getsockname
                0x0002c820                bsd_i_sockoptlen
                0x0002c9d8                bsd_getsockopt
                0x0002caf8                bsd_ioctl
                0x0002cbfc                bsd_inet_ntoa
                0x0002cc2c                bsd_recvfrom
                0x0002cd8c                bsd_select
                0x0002cf10                bsd_setsockopt
 .text          0x0002cffc      0x118 ../RedeFFTHW_bsp\libucosii_bsp.a(cksum.o)
                0x0002cffc                ccksum
                0x0002d0ac                cksum
 .text          0x0002d114      0xa9c ../RedeFFTHW_bsp\libucosii_bsp.a(in_utils.o)
                0x0002d114                do_trap
                0x0002d140                nextarg
                0x0002d1bc                hexdump
                0x0002d304                print_ipad
                0x0002d378                print_uptime
                0x0002d4a4                panic
                0x0002d4e8                print_eth
                0x0002d64c                uslash
                0x0002d6cc                ns_printf
                0x0002d850                std_out
                0x0002d894                con_page
                0x0002d984                parse_args
 .text          0x0002dbb0      0x1d0 ../RedeFFTHW_bsp\libucosii_bsp.a(netmain.o)
                0x0002dbb0                netmain
                0x0002dcac                tk_netmain
                0x0002dd34                tk_nettick
 .text          0x0002dd80      0x62c ../RedeFFTHW_bsp\libucosii_bsp.a(tk_crnos.o)
                0x0002dd80                TK_OSTimeDly
                0x0002ddac                TK_OSTaskResume
                0x0002de1c                tcp_sleep
                0x0002dfe4                tcp_wakeup
                0x0002e104                TK_OSTaskQuery
                0x0002e178                tk_yield
                0x0002e1a4                tk_stats
 .text          0x0002e3ac     0x326c ../RedeFFTHW_bsp\libucosii_bsp.a(dhcpclnt.o)
                0x0002e3ac                dhc_get_srv_ipaddr
                0x0002e43c                dhc_init
                0x0002e508                dhc_set_callback
                0x0002e560                dhc_upcall
                0x0002ee20                dhc_buildheader
                0x0002f050                dhc_discover
                0x0002f5a0                dhc_rx_offer
                0x0002f6bc                dhc_request
                0x000302b0                dhc_setip
                0x00030550                dhc_resetip
                0x00030634                dhc_decline
                0x00030818                dhc_extract_opts
                0x00030b00                dhc_second
                0x0003111c                dhc_halt
                0x000311b4                dhc_reclaim
                0x000313b4                dhc_state_init
                0x00031414                dhc_alldone
                0x000314bc                dhc_ifacedone
                0x00031548                dhc_set_state
 .text          0x00031618       0xcc ../RedeFFTHW_bsp\libucosii_bsp.a(dhcputil.o)
                0x00031618                find_opt
 .text          0x000316e4      0x79c ../RedeFFTHW_bsp\libucosii_bsp.a(pktalloc.o)
                0x000316e4                pk_init
                0x00031974                pk_alloc
                0x00031a50                pk_validate
                0x00031d08                pk_free
                0x00031db4                pk_get_max_intrsafe_buf_len
                0x00031dd4                dump_buf_estats
 .text          0x00031e80      0x288 ../RedeFFTHW_bsp\libucosii_bsp.a(q.o)
                0x00031e80                getq
                0x00031f48                putq
                0x00031ff8                qdel
 .text          0x00032108      0x31c ../RedeFFTHW_bsp\libucosii_bsp.a(udp_open.o)
                0x00032108                udp_open
                0x00032340                udp_close
 .text          0x00032424      0x194 ../RedeFFTHW_bsp\libucosii_bsp.a(asm_cksum.o)
                0x00032424                asm_cksum
 .text          0x000325b8      0x2a0 ../RedeFFTHW_bsp\libucosii_bsp.a(brdutils.o)
                0x000325b8                dtrap
                0x000325e8                kbhit
                0x00032694                getch
                0x000326f4                clock_init
                0x00032730                clock_c
                0x0003274c                cticks_hook
                0x000327b8                irq_Mask
                0x00032814                irq_Unmask
 .text          0x00032858      0x488 ../RedeFFTHW_bsp\libucosii_bsp.a(osportco.o)
                0x00032858                LOCK_NET_RESOURCE
                0x00032918                UNLOCK_NET_RESOURCE
                0x000329a0                TK_NEWTASK
                0x00032bb4                wait_app_sem
                0x00032c68                post_app_sem
 .text          0x00032ce0      0x58c ../RedeFFTHW_bsp\libucosii_bsp.a(targnios.o)
                0x00032ce0                alt_iniche_init
                0x00032f20                pre_task_setup
                0x00032f94                post_task_setup
                0x00032fb4                prep_armintcp
                0x00032fec                calloc2
                0x00033020                npalloc
                0x00033114                npfree
                0x000331cc                ncpalloc
                0x00033220                ncpfree
 .text          0x0003326c     0x197c ../RedeFFTHW_bsp\libucosii_bsp.a(nptcp.o)
                0x0003326c                pffindtype
                0x0003330c                pffindproto
                0x000333dc                m_getnbuf
                0x00033584                m_free
                0x000336b8                m_freem
                0x000336fc                m_copy
                0x00033a20                m_adj
                0x00033bf0                mbuf_len
                0x00033c48                dtom
                0x00033cf0                remque
                0x00033d60                insque
                0x00033ddc                nptcp_init
                0x00033f00                tcp_rcv
                0x000340ec                ip_output
                0x000346e4                in_broadcast
                0x00034724                np_stripoptions
                0x0003480c                so_icmpdu
                0x00034b64                tcp_tick
 .text          0x00034be8      0xa2c ../RedeFFTHW_bsp\libucosii_bsp.a(rawsock.o)
                0x00034be8                rawip_lookup
                0x00034c58                rawip_soinput
                0x00034e2c                rawip_usrreq
 .text          0x00035614     0x17fc ../RedeFFTHW_bsp\libucosii_bsp.a(sockcall.o)
                0x00035614                DOMAIN_CHECK
                0x00035660                t_socket
                0x000356f0                t_bind
                0x0003586c                t_listen
                0x00035950                t_accept
                0x00035be8                t_connect
                0x00035e90                t_getpeername
                0x00035ed4                t_getsockname
                0x00036114                t_setsockopt
                0x000362f0                t_getsockopt
                0x00036494                t_recv
                0x00036584                t_recvfrom
                0x000366d4                t_sendto
                0x00036900                t_send
                0x00036b28                t_shutdown
                0x00036c0c                t_socketclose
                0x00036d74                t_errno
 .text          0x00036e10     0x237c ../RedeFFTHW_bsp\libucosii_bsp.a(socket.o)
                0x00036e10                socreate
                0x00036fdc                sobind
                0x00037038                solisten
                0x00037128                sofree
                0x00037258                soclose
                0x00037554                soabort
                0x000375a4                soaccept
                0x00037640                soconnect
                0x00037714                sodisconnect
                0x000377b4                sosend
                0x00037dbc                soreceive
                0x000385a0                soshutdown
                0x00038648                sorflush
                0x00038748                sosetopt
                0x00038c08                sogetopt
                0x00039148                sohasoutofband
 .text          0x0003918c     0x1318 ../RedeFFTHW_bsp\libucosii_bsp.a(socket2.o)
                0x0003918c                soisconnecting
                0x000391f8                soisconnected
                0x000392f4                soisdisconnecting
                0x00039380                soisdisconnected
                0x0003943c                sonewconn
                0x00039658                soqinsque
                0x00039704                soqremque
                0x00039824                socantsendmore
                0x00039874                socantrcvmore
                0x000398c4                sbselqueue
                0x000398fc                sbwait
                0x00039964                sbwakeup
                0x00039a00                soreserve
                0x00039a80                sbreserve
                0x00039ae0                sbrelease
                0x00039b28                sbappend
                0x00039bd0                sbappendrecord
                0x00039cb0                sbappendaddr
                0x00039eb8                sbcompress
                0x0003a0a0                sbflush
                0x0003a130                sbdrop
                0x0003a300                sbdropend
                0x0003a410                sbdroprecord
 .text          0x0003a4a4      0x91c ../RedeFFTHW_bsp\libucosii_bsp.a(soselect.o)
                0x0003a4a4                t_select
                0x0003a6c4                sock_selscan
                0x0003a824                sock_select
                0x0003aa38                in_pcbnotify
                0x0003ab04                tcp_notify
                0x0003ab6c                ifd_clr
                0x0003ac5c                ifd_set
                0x0003acd0                ifd_isset
                0x0003ad50                ifd_get
 .text          0x0003adc0     0x2ff0 ../RedeFFTHW_bsp\libucosii_bsp.a(tcp_in.o)
                0x0003adc0                tcp_reass
                0x0003b1c8                tcp_input
                0x0003d724                tcp_dooptions
                0x0003d8b4                tcp_pulloutofband
                0x0003d9e0                tcp_xmit_timer
                0x0003dc4c                ip4_tcpmss
                0x0003dc94                tcp_mss
 .text          0x0003ddb0     0x1370 ../RedeFFTHW_bsp\libucosii_bsp.a(tcp_out.o)
                0x0003ddb0                tcp_output
                0x0003ef3c                tcp_setpersist
 .text          0x0003f120      0x9e8 ../RedeFFTHW_bsp\libucosii_bsp.a(tcp_subr.o)
                0x0003f120                tcp_init
                0x0003f178                tcp_template
                0x0003f290                tcp_respond
                0x0003f718                tcp_newtcpcb
                0x0003f830                tcp_drop
                0x0003f8dc                tcp_close
                0x0003f9c4                tcp_quench
                0x0003fa10                tcp_putseq
                0x0003fa90                tcp_getseq
 .text          0x0003fb08      0x798 ../RedeFFTHW_bsp\libucosii_bsp.a(tcp_timr.o)
                0x0003fb08                tcp_slowtimo
                0x0003fda8                tcp_canceltimers
                0x0003fe04                tcp_timers
 .text          0x000402a0      0x9ec ../RedeFFTHW_bsp\libucosii_bsp.a(tcp_usr.o)
                0x000402a0                tcp_usrreq
                0x000409a4                tcp_attach
                0x00040ad8                tcp_disconnect
                0x00040bac                tcp_usrclosed
 .text          0x00040c8c       0x4c ../RedeFFTHW_bsp\libucosii_bsp.a(tcpport.o)
                0x00040c8c                tcpinit
 .text          0x00040cd8      0xd20 ../RedeFFTHW_bsp\libucosii_bsp.a(udpsock.o)
                0x00040cd8                udp_lookup
                0x00040d48                udp_soinput
                0x00040f00                udp_usrreq
                0x00041184                udp4_sockbind
                0x000414c0                udp4_socksend
                0x0004189c                udp4_sockaddr
 .text          0x000419f8      0x154 ../RedeFFTHW_bsp\libucosii_bsp.a(alt_alarm_start.o)
                0x000419f8                alt_alarm_start
 .text          0x00041b4c      0x15c ../RedeFFTHW_bsp\libucosii_bsp.a(alt_busy_sleep.o)
                0x00041b4c                alt_busy_sleep
 .text          0x00041ca8      0x160 ../RedeFFTHW_bsp\libucosii_bsp.a(alt_close.o)
                0x00041ca8                alt_close
 .text          0x00041e08       0x24 ../RedeFFTHW_bsp\libucosii_bsp.a(alt_dcache_flush.o)
                0x00041e08                alt_dcache_flush
 .text          0x00041e2c       0x1c ../RedeFFTHW_bsp\libucosii_bsp.a(alt_dcache_flush_all.o)
                0x00041e2c                alt_dcache_flush_all
 .text          0x00041e48       0x2c ../RedeFFTHW_bsp\libucosii_bsp.a(alt_dev.o)
 .text          0x00041e74      0x114 ../RedeFFTHW_bsp\libucosii_bsp.a(alt_dev_llist_insert.o)
                0x00041e74                alt_dev_llist_insert
 .text          0x00041f88       0x64 ../RedeFFTHW_bsp\libucosii_bsp.a(alt_do_ctors.o)
                0x00041f88                _do_ctors
 .text          0x00041fec       0x64 ../RedeFFTHW_bsp\libucosii_bsp.a(alt_do_dtors.o)
                0x00041fec                _do_dtors
 .text          0x00042050        0x0 ../RedeFFTHW_bsp\libucosii_bsp.a(alt_errno.o)
 .text          0x00042050       0x94 ../RedeFFTHW_bsp\libucosii_bsp.a(alt_find_dev.o)
                0x00042050                alt_find_dev
 .text          0x000420e4       0x1c ../RedeFFTHW_bsp\libucosii_bsp.a(alt_icache_flush_all.o)
                0x000420e4                alt_icache_flush_all
 .text          0x00042100      0x1d4 ../RedeFFTHW_bsp\libucosii_bsp.a(alt_iic.o)
                0x00042100                alt_ic_isr_register
                0x00042150                alt_ic_irq_enable
                0x000421ec                alt_ic_irq_disable
                0x0004228c                alt_ic_irq_enabled
 .text          0x000422d4       0xf8 ../RedeFFTHW_bsp\libucosii_bsp.a(alt_iic_isr_register.o)
                0x000422d4                alt_iic_isr_register
 .text          0x000423cc      0x150 ../RedeFFTHW_bsp\libucosii_bsp.a(alt_io_redirect.o)
                0x000424a4                alt_io_redirect
 .text          0x0004251c        0x0 ../RedeFFTHW_bsp\libucosii_bsp.a(alt_irq_entry.o)
 .text          0x0004251c        0x0 ../RedeFFTHW_bsp\libucosii_bsp.a(alt_irq_handler.o)
 .text          0x0004251c        0x0 ../RedeFFTHW_bsp\libucosii_bsp.a(alt_irq_vars.o)
 .text          0x0004251c      0x2e4 ../RedeFFTHW_bsp\libucosii_bsp.a(alt_open.o)
                0x00042614                open
 .text          0x00042800      0x184 ../RedeFFTHW_bsp\libucosii_bsp.a(alt_read.o)
                0x00042800                alt_read
 .text          0x00042984       0x78 ../RedeFFTHW_bsp\libucosii_bsp.a(alt_release_fd.o)
                0x00042984                alt_release_fd
 .text          0x000429fc      0x184 ../RedeFFTHW_bsp\libucosii_bsp.a(alt_write.o)
                0x000429fc                alt_write
 .text          0x00042b80       0x20 ../RedeFFTHW_bsp\libucosii_bsp.a(altera_nios2_irq.o)
                0x00042b80                altera_nios2_irq_init
 .text          0x00042ba0       0xd0 ../RedeFFTHW_bsp\libucosii_bsp.a(os_cpu_a.o)
                0x00042ba0                OSCtxSw
                0x00042ba0                OSIntCtxSw
                0x00042c2c                OSStartHighRdy
                0x00042c4c                OSStartTsk
 .text          0x00042c70      0x424 ../RedeFFTHW_bsp\libucosii_bsp.a(os_cpu_c.o)
                0x00042c70                OSTaskStkInit
                0x00042f80                OSTaskCreateHook
                0x00042fa0                OSTaskDelHook
                0x00042fc0                OSTaskSwHook
                0x00042fdc                OSTaskStatHook
                0x00042ff8                OSTimeTickHook
                0x00043020                OSInitHookBegin
                0x0004303c                OSInitHookEnd
                0x00043058                OSTaskIdleHook
                0x00043074                OSTCBInitHook
 .text          0x00043094      0x188 ../RedeFFTHW_bsp\libucosii_bsp.a(altera_avalon_performance_counter.o)
                0x00043094                perf_get_section_time
                0x00043144                perf_get_total_time
                0x00043198                perf_get_num_starts
                0x000431d8                alt_get_performance_counter_base
                0x000431f8                alt_get_cpu_freq
 .text          0x0004321c     0x5444 ../RedeFFTHW_bsp\libucosii_bsp.a(altera_avalon_tse.o)
                0x0004321c                no_printf
                0x00043248                tse_mac_initTransInfo2
                0x000432a8                tse_mac_sTxWrite
                0x00043398                tse_mac_aRxRead
                0x0004343c                tse_mac_SwReset
                0x000434d0                tse_mac_setMIImode
                0x00043528                tse_mac_setGMIImode
                0x0004357c                alt_tse_phy_add_profile
                0x00043754                alt_tse_system_add_sys
                0x00044224                alt_tse_sys_enable_mdio_sharing
                0x000443bc                alt_tse_mac_get_common_speed
                0x000443fc                alt_tse_mac_set_common_speed
                0x00044444                alt_tse_get_system_index
                0x000444cc                alt_tse_get_mac_group_index
                0x0004454c                alt_tse_get_mac_info_index
                0x000445d8                alt_tse_get_mac_info
                0x000446b8                alt_tse_mac_set_speed
                0x000447a4                alt_tse_mac_set_duplex
                0x0004483c                getPHYSpeed
                0x00045654                alt_tse_phy_rd_mdio_addr
                0x0004569c                alt_tse_phy_wr_mdio_addr
                0x000456f0                alt_tse_phy_wr_mdio_reg
                0x00045818                alt_tse_phy_rd_mdio_reg
                0x000458dc                alt_tse_phy_add_profile_default
                0x00045b54                alt_tse_phy_print_profile
                0x00045d44                alt_tse_mac_group_init
                0x0004645c                alt_tse_mac_get_phy
                0x00046874                alt_tse_mac_associate_phy
                0x00046aac                alt_tse_phy_cfg_pcs
                0x00046bcc                alt_tse_phy_init
                0x00046ce0                alt_tse_phy_restart_an
                0x00046e90                alt_tse_phy_check_link
                0x00046fd4                alt_tse_phy_get_cap
                0x00047514                alt_tse_phy_set_adv_1000
                0x000476a8                alt_tse_phy_set_adv_100
                0x000478b8                alt_tse_phy_set_adv_10
                0x00047a50                alt_tse_phy_get_common_speed
                0x00047d6c                alt_tse_phy_set_common_speed
                0x00048250                marvell_phy_cfg
                0x000482f8                marvell_cfg_gmii
                0x000483ec                marvell_cfg_sgmii
                0x000484e0                marvell_cfg_rgmii
                0x000485e0                DP83848C_link_status_read
 .text          0x00048660        0x0 ../RedeFFTHW_bsp\libucosii_bsp.a(altera_avalon_tse_system_info.o)
 .text          0x00048660      0x3dc ../RedeFFTHW_bsp\libucosii_bsp.a(allports.o)
                0x00048660                netmain_init
                0x0004875c                icmp_port_du
                0x000487e4                station_state
                0x00048930                sysuptime
                0x00048974                packet_check
                0x000489c0                mcastlist
                0x000489e4                prep_modules
 .text          0x00048a3c      0x510 ../RedeFFTHW_bsp\libucosii_bsp.a(timeouts.o)
                0x00048a3c                inet_timer
                0x00048cd8                in_timerset
                0x00048e94                in_timerkill
 .text          0x00048f4c       0xa4 ../RedeFFTHW_bsp\libucosii_bsp.a(tk_misc.o)
                0x00048f4c                create_apptasks
                0x00048f70                task_stats
 .text          0x00048ff0       0xb0 ../RedeFFTHW_bsp\libucosii_bsp.a(alt_iniche_fcntl.o)
                0x00048ff0                fcntl
 .text          0x000490a0     0x14a0 ../RedeFFTHW_bsp\libucosii_bsp.a(et_arp.o)
                0x000490a0                etainit
                0x000490f4                et_send
                0x00049270                arp_free_pending
                0x000492f8                arp_send_pending
                0x0004936c                send_arp
                0x00049804                find_oldest_arp
                0x000499ac                make_arp_entry
                0x00049ac0                arpReply
                0x00049d54                arprcv
                0x00049fb4                send_via_arp
                0x0004a15c                cb_arpent_tmo
                0x0004a274                grat_arp
 .text          0x0004a540      0x298 ../RedeFFTHW_bsp\libucosii_bsp.a(iface.o)
                0x0004a540                if_getbynum
                0x0004a5c4                isbcast
                0x0004a6a4                reg_type
                0x0004a740                if_killsocks
 .text          0x0004a7d8     0x22c8 ../RedeFFTHW_bsp\libucosii_bsp.a(ip.o)
                0x0004a7d8                ip_init
                0x0004a8e8                ip_bldhead
                0x0004aa8c                ip_write_internal
                0x0004b20c                ip_write
                0x0004b454                ip_write2
                0x0004b804                ip_raw_write
                0x0004b8dc                ip_fragment_lc
                0x0004bd64                ip_fragment
                0x0004c398                ip_mymach
                0x0004c444                ip_dump
                0x0004c6fc                iproute
                0x0004c968                ip_copypkt
 .text          0x0004caa0     0x1d9c ../RedeFFTHW_bsp\libucosii_bsp.a(ip_reasm.o)
                0x0004caa0                ip_reasm_match_frag_with_ire
                0x0004cb70                ip_reasm_determine_type_of_frag
                0x0004cc5c                ip_reasm_check_mem_useage
                0x0004ccf4                ip_reasm_incr_mem_useage
                0x0004cd9c                ip_reasm_decr_mem_useage
                0x0004ce3c                ip_reasm_process_first_fragment
                0x0004d11c                ip_reassm
                0x0004d1bc                ip_reasm_compute_overlap
                0x0004d74c                ip_reasm_process_subsequent_fragments
                0x0004dce0                ip_reasm_find_ire
                0x0004dd44                ip_reasm_copy_queued_fragments_into_reassy_buffer
                0x0004e0a0                ip_reasm_process_timer_tick
                0x0004e184                ip_reasm_delete_ire
                0x0004e34c                ip_reasm_mark_compact_rfq
                0x0004e494                ipr_stats
                0x0004e7e8                ip_reasm_send_icmp_timex
 .text          0x0004e83c      0xe3c ../RedeFFTHW_bsp\libucosii_bsp.a(ipdemux.o)
                0x0004e83c                ip_rcv
                0x0004ec3c                ip_rcv_phase2
                0x0004f248                ip_demux
 .text          0x0004f678      0x2f0 ../RedeFFTHW_bsp\libucosii_bsp.a(ipmc.o)
                0x0004f678                in_addmulti
                0x0004f7e0                in_delmulti
                0x0004f8f8                lookup_mcast
 .text          0x0004f968       0xe4 ../RedeFFTHW_bsp\libucosii_bsp.a(ipport.o)
                0x0004f968                prep_ifaces
                0x0004f9fc                netexit
                0x0004fa24                evtmap_setup
 .text          0x0004fa4c      0x550 ../RedeFFTHW_bsp\libucosii_bsp.a(ipraw.o)
                0x0004fa4c                ip_raw_open
                0x0004fb3c                ip_raw_close
                0x0004fbfc                ip_raw_input
                0x0004fe34                ip_raw_alloc
                0x0004ff00                ip_raw_free
                0x0004ff40                ip_raw_maxalloc
 .text          0x0004ff9c      0x704 ../RedeFFTHW_bsp\libucosii_bsp.a(iproute.o)
                0x0004ff9c                rt_lookup
                0x0005012c                add_route
                0x00050558                del_route
 .text          0x000506a0      0xe3c ../RedeFFTHW_bsp\libucosii_bsp.a(udp.o)
                0x000506a0                udpdemux
                0x00050ef8                udp_send
                0x000511b0                udpswap
                0x000512e0                udp_socket
                0x000513b0                udp_alloc
                0x00051470                udp_maxalloc
                0x0005149c                udp_free
 .text          0x000514dc      0x2e8 ../RedeFFTHW_bsp\libucosii_bsp.a(igmp.o)
                0x000514dc                igmpv1_input
 .text          0x000517c4      0x7c0 ../RedeFFTHW_bsp\libucosii_bsp.a(igmp2.o)
                0x000517c4                igmpv2_input
                0x00051924                igmpv2_process_report
                0x00051a70                igmpv2_process_query
                0x00051cbc                igmpv2_chk_set_timer
                0x00051e14                igmpv2_chk4_rtr_alert_opt
 .text          0x00051f84      0x8fc ../RedeFFTHW_bsp\libucosii_bsp.a(ipopt.o)
                0x00051f84                IPADDR_TO_NETP
                0x000520cc                ip_setmoptions
                0x000526bc                ip_getmoptions
                0x000527fc                ip_freemoptions
 .text          0x00052880      0x6ac ../RedeFFTHW_bsp\libucosii_bsp.a(u_mctest.o)
                0x00052880                u_mctest_init
                0x000528b0                u_mctest_run
 .text          0x00052f2c      0x398 ../RedeFFTHW_bsp\libucosii_bsp.a(dhcsetup.o)
                0x00052f2c                dhc_setup
                0x000531c0                dhc_main_ipset
 .text          0x000532c4      0x41c ../RedeFFTHW_bsp\libucosii_bsp.a(memdev.o)
                0x000532c4                init_memdev
                0x0005333c                md_fopen
                0x00053364                md_fclose
                0x00053384                md_fread
                0x00053504                md_fwrite
                0x00053594                md_fseek
                0x000535c0                md_ftell
                0x000535e4                md_fgetc
                0x000536bc                md_unlink
 .text          0x000536e0      0x81c ../RedeFFTHW_bsp\libucosii_bsp.a(parseip.o)
                0x000536e0                parse_ipad
                0x000539fc                inet_addr
                0x00053a64                hextoa
                0x00053ad4                inet_pton
                0x00053b80                inet_ntop
                0x00053c0c                print46_addr
                0x00053c6c                inet46_addr
                0x00053d30                inet_setport
                0x00053da4                convert_ip
 .text          0x00053efc      0x1cc ../RedeFFTHW_bsp\libucosii_bsp.a(tcpcksum.o)
                0x00053efc                tcp_cksum
 .text          0x000540c8      0x900 ../RedeFFTHW_bsp\libucosii_bsp.a(in_pcb.o)
                0x000540c8                in_pcballoc
                0x0005415c                in_pcbdetach
                0x000541b0                in_pcbbind
                0x00054404                in_pcbconnect
                0x00054614                in_pcbdisconnect
                0x00054674                in_setsockaddr
                0x000546f0                in_setpeeraddr
                0x0005476c                in_pcblookup
 .text          0x000549c8     0x1a74 ../RedeFFTHW_bsp\libucosii_bsp.a(vfsfiles.o)
                0x000549c8                set_vfopen_error
                0x000549f0                get_vfopen_error
                0x00054a10                vf_alloc_and_link_vop
                0x00054a8c                vf_alloc_buffer
                0x00054b64                vf_free_buffer
                0x00054bb4                vfopen_locked
                0x00054f1c                vfopen
                0x00054f6c                vfclose_locked
                0x00055114                vfclose
                0x00055154                vfflush
                0x0005519c                vfgets
                0x00055280                vfeof
                0x000552d8                vunlink_flag_open_files
                0x00055334                vunlink
                0x00055554                vfread
                0x00055700                vfwrite_locked
                0x00055ae8                vfwrite
                0x00055b48                vfseek
                0x00055cc4                vftell
                0x00055df8                vgetc_locked
                0x00055f18                vgetc
                0x00055f60                vfslookup_locked
                0x00056098                vfslookup
                0x000560e0                strippath
                0x000562c8                isvfile_locked
                0x0005632c                isvfile
                0x00056374                vferror
                0x000563e0                vclearerr
 .text          0x0005643c       0x24 ../RedeFFTHW_bsp\libucosii_bsp.a(vfsport.o)
                0x0005643c                prep_vfs
 .text          0x00056460        0x0 ../RedeFFTHW_bsp\libucosii_bsp.a(alt_exception_entry.o)
 .text          0x00056460      0x1b8 ../RedeFFTHW_bsp\libucosii_bsp.a(alt_fcntl.o)
                0x00056460                alt_fcntl
 .text          0x00056618      0x120 ../RedeFFTHW_bsp\libucosii_bsp.a(alt_find_file.o)
                0x00056618                alt_find_file
 .text          0x00056738      0x104 ../RedeFFTHW_bsp\libucosii_bsp.a(alt_get_fd.o)
                0x00056738                alt_get_fd
 .text          0x0005683c     0x130c ../RedeFFTHW_bsp\libucosii_bsp.a(icmp.o)
                0x0005683c                icmprcv
                0x00057470                icmp_destun
                0x000577c0                icmp_timex
                0x00057af4                icmp_du
 .text          0x00057b48       0x14 c:/altera/10.1sp1/nios2eds/bin/gnu/h-i686-mingw32/bin/../lib/gcc/nios2-elf/4.1.2/../../../../nios2-elf/lib/mno-hw-mul\libc.a(lib_a-atexit.o)
                0x00057b48                atexit
 .text          0x00057b5c       0x18 c:/altera/10.1sp1/nios2eds/bin/gnu/h-i686-mingw32/bin/../lib/gcc/nios2-elf/4.1.2/../../../../nios2-elf/lib/mno-hw-mul\libc.a(lib_a-atoi.o)
                0x00057b5c                _atoi_r
                0x00057b68                atoi
 .text          0x00057b74       0x1c c:/altera/10.1sp1/nios2eds/bin/gnu/h-i686-mingw32/bin/../lib/gcc/nios2-elf/4.1.2/../../../../nios2-elf/lib/mno-hw-mul\libc.a(lib_a-calloc.o)
                0x00057b74                calloc
 .text          0x00057b90       0x38 c:/altera/10.1sp1/nios2eds/bin/gnu/h-i686-mingw32/bin/../lib/gcc/nios2-elf/4.1.2/../../../../nios2-elf/lib/mno-hw-mul\libc.a(lib_a-exit.o)
                0x00057b90                exit
 .text          0x00057bc8       0x74 c:/altera/10.1sp1/nios2eds/bin/gnu/h-i686-mingw32/bin/../lib/gcc/nios2-elf/4.1.2/../../../../nios2-elf/lib/mno-hw-mul\libc.a(lib_a-memcmp.o)
                0x00057bc8                memcmp
 .text          0x00057c3c       0xe0 c:/altera/10.1sp1/nios2eds/bin/gnu/h-i686-mingw32/bin/../lib/gcc/nios2-elf/4.1.2/../../../../nios2-elf/lib/mno-hw-mul\libc.a(lib_a-strchr.o)
                0x00057c3c                strchr
 .text          0x00057d1c       0xf0 c:/altera/10.1sp1/nios2eds/bin/gnu/h-i686-mingw32/bin/../lib/gcc/nios2-elf/4.1.2/../../../../nios2-elf/lib/mno-hw-mul\libc.a(lib_a-strncmp.o)
                0x00057d1c                strncmp
 .text          0x00057e0c       0xbc c:/altera/10.1sp1/nios2eds/bin/gnu/h-i686-mingw32/bin/../lib/gcc/nios2-elf/4.1.2/../../../../nios2-elf/lib/mno-hw-mul\libc.a(lib_a-strncpy.o)
                0x00057e0c                strncpy
 .text          0x00057ec8      0x274 c:/altera/10.1sp1/nios2eds/bin/gnu/h-i686-mingw32/bin/../lib/gcc/nios2-elf/4.1.2/../../../../nios2-elf/lib/mno-hw-mul\libc.a(lib_a-strtol.o)
                0x00057ec8                _strtol_r
                0x00058118                strtol
 .text          0x0005813c       0x34 c:/altera/10.1sp1/nios2eds/bin/gnu/h-i686-mingw32/bin/../lib/gcc/nios2-elf/4.1.2/../../../../nios2-elf/lib/mno-hw-mul\libc.a(lib_a-vprintf.o)
                0x0005813c                _vprintf_r
                0x00058150                vprintf
 .text          0x00058170       0x74 c:/altera/10.1sp1/nios2eds/bin/gnu/h-i686-mingw32/bin/../lib/gcc/nios2-elf/4.1.2/../../../../nios2-elf/lib/mno-hw-mul\libc.a(lib_a-vsprintf.o)
                0x00058170                _vsprintf_r
                0x000581c0                vsprintf
 .text          0x000581e4      0x134 c:/altera/10.1sp1/nios2eds/bin/gnu/h-i686-mingw32/bin/../lib/gcc/nios2-elf/4.1.2/../../../../nios2-elf/lib/mno-hw-mul\libc.a(lib_a-__atexit.o)
                0x000581e4                __register_exitproc
 .text          0x00058318      0x1b4 c:/altera/10.1sp1/nios2eds/bin/gnu/h-i686-mingw32/bin/../lib/gcc/nios2-elf/4.1.2/../../../../nios2-elf/lib/mno-hw-mul\libc.a(lib_a-__call_atexit.o)
                0x0005831c                __call_exitprocs
 .text          0x000584cc       0x88 c:/altera/10.1sp1/nios2eds/bin/gnu/h-i686-mingw32/bin/../lib/gcc/nios2-elf/4.1.2/mno-hw-mul\libgcc.a(_floatundidf.o)
                0x000584cc                __floatundidf
 .text          0x00058554       0x6c ../RedeFFTHW_bsp\libucosii_bsp.a(alt_exit.o)
                0x00058594                _exit
 *(.gnu.warning.*)
 *(.fini)
                0x000585c0                PROVIDE (__etext, ABSOLUTE (.))
                0x000585c0                PROVIDE (_etext, ABSOLUTE (.))
                0x000585c0                PROVIDE (etext, ABSOLUTE (.))
 *(.eh_frame_hdr)
                0x000585c0                . = ALIGN (0x4)
                0x000585c0                PROVIDE (__preinit_array_start, ABSOLUTE (.))
 *(.preinit_array)
                0x000585c0                PROVIDE (__preinit_array_end, ABSOLUTE (.))
                0x000585c0                PROVIDE (__init_array_start, ABSOLUTE (.))
 *(.init_array)
                0x000585c0                PROVIDE (__init_array_end, ABSOLUTE (.))
                0x000585c0                PROVIDE (__fini_array_start, ABSOLUTE (.))
 *(.fini_array)
                0x000585c0                PROVIDE (__fini_array_end, ABSOLUTE (.))
 *(.eh_frame)
 .eh_frame      0x000585c0       0x40 c:/altera/10.1sp1/nios2eds/bin/gnu/h-i686-mingw32/bin/../lib/gcc/nios2-elf/4.1.2/mno-hw-mul\libgcc.a(_udivdi3.o)
 .eh_frame      0x00058600       0x2c c:/altera/10.1sp1/nios2eds/bin/gnu/h-i686-mingw32/bin/../lib/gcc/nios2-elf/4.1.2/mno-hw-mul\libgcc.a(_umoddi3.o)
                                 0x40 (size before relaxing)
 *(.gcc_except_table)
 *(.dynamic)
                0x0005862c                PROVIDE (__CTOR_LIST__, ABSOLUTE (.))
 *(.ctors)
 *(SORT(.ctors.*))
 .ctors.65535   0x0005862c        0x4 c:/altera/10.1sp1/nios2eds/bin/gnu/h-i686-mingw32/bin/../lib/gcc/nios2-elf/4.1.2/../../../../nios2-elf/lib/mno-hw-mul\libc.a(lib_a-__call_atexit.o)
                0x00058630                PROVIDE (__CTOR_END__, ABSOLUTE (.))
                0x00058630                PROVIDE (__DTOR_LIST__, ABSOLUTE (.))
 *(.dtors)
 *(SORT(.dtors.*))
                0x00058630                PROVIDE (__DTOR_END__, ABSOLUTE (.))
 *(.jcr)
                0x00058630                . = ALIGN (0x4)

.rodata         0x00058630    0x1fdf4
                0x00058630                PROVIDE (__ram_rodata_start, ABSOLUTE (.))
                0x00058630                . = ALIGN (0x4)
 *(.rodata .rodata.* .gnu.linkonce.r.*)
 .rodata        0x00058630      0x148 obj/AquisicaoRede.o
 .rodata        0x00058778       0xf8 obj/DanWindow/DanWindow.o
 .rodata        0x00058870       0xe4 obj/FFT/simpleDFT.o
 .rodata        0x00058954    0x19194 obj/LCDTask.o
                0x00058954                logo
 .rodata        0x00071ae8      0xba4 obj/alt_error_handler.o
 .rodata        0x0007268c      0x108 obj/alt_tpo_lcd/alt_tpo_lcd.o
 .rodata        0x00072794       0x14 obj/fixedpoint2_16.o
 .rodata        0x000727a8       0x6c obj/iniche_init.o
 .rodata        0x00072814      0x220 obj/network_utilities.o
 .rodata        0x00072a34      0x7c0 obj/simple_socket_server.o
 .rodata.str1.4
                0x000731f4        0x5 c:/altera/10.1sp1/nios2eds/bin/gnu/h-i686-mingw32/bin/../lib/gcc/nios2-elf/4.1.2/../../../../nios2-elf/lib/mno-hw-mul\libm.a(lib_a-w_sqrt.o)
                                  0x8 (size before relaxing)
 *fill*         0x000731f9        0x3 00
 .rodata.str1.4
                0x000731fc        0x6 c:/altera/10.1sp1/nios2eds/bin/gnu/h-i686-mingw32/bin/../lib/gcc/nios2-elf/4.1.2/../../../../nios2-elf/lib/mno-hw-mul\libm.a(lib_a-wf_sqrt.o)
                                  0x8 (size before relaxing)
 *fill*         0x00073202        0x2 00
 .rodata        0x00073204      0x188 c:/altera/10.1sp1/nios2eds/bin/gnu/h-i686-mingw32/bin/../lib/gcc/nios2-elf/4.1.2/../../../../nios2-elf/lib/mno-hw-mul\libm.a(lib_a-e_rem_pio2.o)
 .rodata        0x0007338c       0x50 c:/altera/10.1sp1/nios2eds/bin/gnu/h-i686-mingw32/bin/../lib/gcc/nios2-elf/4.1.2/../../../../nios2-elf/lib/mno-hw-mul\libm.a(lib_a-k_rem_pio2.o)
 .rodata        0x000733dc       0x10 c:/altera/10.1sp1/nios2eds/bin/gnu/h-i686-mingw32/bin/../lib/gcc/nios2-elf/4.1.2/mno-hw-mul\libgcc.a(_thenan_sf.o)
                0x000733dc                __thenan_sf
 .rodata        0x000733ec       0x14 c:/altera/10.1sp1/nios2eds/bin/gnu/h-i686-mingw32/bin/../lib/gcc/nios2-elf/4.1.2/mno-hw-mul\libgcc.a(_thenan_df.o)
                0x000733ec                __thenan_df
 .rodata        0x00073400      0x100 c:/altera/10.1sp1/nios2eds/bin/gnu/h-i686-mingw32/bin/../lib/gcc/nios2-elf/4.1.2/mno-hw-mul\libgcc.a(_clz.o)
                0x00073400                __clz_tab
 .rodata        0x00073500      0x281 c:/altera/10.1sp1/nios2eds/bin/gnu/h-i686-mingw32/bin/../lib/gcc/nios2-elf/4.1.2/../../../../nios2-elf/lib/mno-hw-mul\libc.a(lib_a-ctype_.o)
                0x00073500                _ctype_
 *fill*         0x00073781        0x3 00
 .rodata.str1.4
                0x00073784        0x2 c:/altera/10.1sp1/nios2eds/bin/gnu/h-i686-mingw32/bin/../lib/gcc/nios2-elf/4.1.2/../../../../nios2-elf/lib/mno-hw-mul\libc.a(lib_a-impure.o)
                                  0x4 (size before relaxing)
 *fill*         0x00073786        0x2 00
 .rodata.str1.4
                0x00073788        0x3 c:/altera/10.1sp1/nios2eds/bin/gnu/h-i686-mingw32/bin/../lib/gcc/nios2-elf/4.1.2/../../../../nios2-elf/lib/mno-hw-mul\libc.a(lib_a-perror.o)
                                  0x4 (size before relaxing)
 *fill*         0x0007378b        0x1 00
 .rodata.str1.4