Archive member included because of file (symbol)

c:/altera/10.1sp1/nios2eds/bin/gnu/h-i686-mingw32/bin/../lib/gcc/nios2-elf/4.1.2/../../../../nios2-elf/lib\libc.a(lib_a-getc.o)
                              obj/create_test_data.o (getc)
c:/altera/10.1sp1/nios2eds/bin/gnu/h-i686-mingw32/bin/../lib/gcc/nios2-elf/4.1.2/../../../../nios2-elf/lib\libc.a(lib_a-impure.o)
                              obj/create_test_data.o (_impure_ptr)
c:/altera/10.1sp1/nios2eds/bin/gnu/h-i686-mingw32/bin/../lib/gcc/nios2-elf/4.1.2/../../../../nios2-elf/lib\libc.a(lib_a-malloc.o)
                              obj/main.o (free)
c:/altera/10.1sp1/nios2eds/bin/gnu/h-i686-mingw32/bin/../lib/gcc/nios2-elf/4.1.2/../../../../nios2-elf/lib\libc.a(lib_a-mallocr.o)
                              c:/altera/10.1sp1/nios2eds/bin/gnu/h-i686-mingw32/bin/../lib/gcc/nios2-elf/4.1.2/../../../../nios2-elf/lib\libc.a(lib_a-malloc.o) (_malloc_r)
c:/altera/10.1sp1/nios2eds/bin/gnu/h-i686-mingw32/bin/../lib/gcc/nios2-elf/4.1.2/../../../../nios2-elf/lib\libc.a(lib_a-printf.o)
                              obj/create_test_data.o (printf)
c:/altera/10.1sp1/nios2eds/bin/gnu/h-i686-mingw32/bin/../lib/gcc/nios2-elf/4.1.2/../../../../nios2-elf/lib\libc.a(lib_a-puts.o)
                              obj/create_test_data.o (puts)
c:/altera/10.1sp1/nios2eds/bin/gnu/h-i686-mingw32/bin/../lib/gcc/nios2-elf/4.1.2/../../../../nios2-elf/lib\libc.a(lib_a-rand.o)
                              obj/create_test_data.o (rand)
c:/altera/10.1sp1/nios2eds/bin/gnu/h-i686-mingw32/bin/../lib/gcc/nios2-elf/4.1.2/../../../../nios2-elf/lib\libc.a(lib_a-rget.o)
                              c:/altera/10.1sp1/nios2eds/bin/gnu/h-i686-mingw32/bin/../lib/gcc/nios2-elf/4.1.2/../../../../nios2-elf/lib\libc.a(lib_a-getc.o) (__srget_r)
c:/altera/10.1sp1/nios2eds/bin/gnu/h-i686-mingw32/bin/../lib/gcc/nios2-elf/4.1.2/../../../../nios2-elf/lib\libc.a(lib_a-sbrkr.o)
                              c:/altera/10.1sp1/nios2eds/bin/gnu/h-i686-mingw32/bin/../lib/gcc/nios2-elf/4.1.2/../../../../nios2-elf/lib\libc.a(lib_a-mallocr.o) (_sbrk_r)
c:/altera/10.1sp1/nios2eds/bin/gnu/h-i686-mingw32/bin/../lib/gcc/nios2-elf/4.1.2/../../../../nios2-elf/lib\libc.a(lib_a-strlen.o)
                              c:/altera/10.1sp1/nios2eds/bin/gnu/h-i686-mingw32/bin/../lib/gcc/nios2-elf/4.1.2/../../../../nios2-elf/lib\libc.a(lib_a-puts.o) (strlen)
c:/altera/10.1sp1/nios2eds/bin/gnu/h-i686-mingw32/bin/../lib/gcc/nios2-elf/4.1.2/../../../../nios2-elf/lib\libc.a(lib_a-vfprintf.o)
                              c:/altera/10.1sp1/nios2eds/bin/gnu/h-i686-mingw32/bin/../lib/gcc/nios2-elf/4.1.2/../../../../nios2-elf/lib\libc.a(lib_a-printf.o) (___vfprintf_internal_r)
c:/altera/10.1sp1/nios2eds/bin/gnu/h-i686-mingw32/bin/../lib/gcc/nios2-elf/4.1.2/../../../../nios2-elf/lib\libc.a(lib_a-wsetup.o)
                              c:/altera/10.1sp1/nios2eds/bin/gnu/h-i686-mingw32/bin/../lib/gcc/nios2-elf/4.1.2/../../../../nios2-elf/lib\libc.a(lib_a-vfprintf.o) (__swsetup_r)
c:/altera/10.1sp1/nios2eds/bin/gnu/h-i686-mingw32/bin/../lib/gcc/nios2-elf/4.1.2/../../../../nios2-elf/lib\libc.a(lib_a-dtoa.o)
                              c:/altera/10.1sp1/nios2eds/bin/gnu/h-i686-mingw32/bin/../lib/gcc/nios2-elf/4.1.2/../../../../nios2-elf/lib\libc.a(lib_a-vfprintf.o) (_dtoa_r)
c:/altera/10.1sp1/nios2eds/bin/gnu/h-i686-mingw32/bin/../lib/gcc/nios2-elf/4.1.2/../../../../nios2-elf/lib\libc.a(lib_a-fflush.o)
                              c:/altera/10.1sp1/nios2eds/bin/gnu/h-i686-mingw32/bin/../lib/gcc/nios2-elf/4.1.2/../../../../nios2-elf/lib\libc.a(lib_a-vfprintf.o) (_fflush_r)
c:/altera/10.1sp1/nios2eds/bin/gnu/h-i686-mingw32/bin/../lib/gcc/nios2-elf/4.1.2/../../../../nios2-elf/lib\libc.a(lib_a-findfp.o)
                              c:/altera/10.1sp1/nios2eds/bin/gnu/h-i686-mingw32/bin/../lib/gcc/nios2-elf/4.1.2/../../../../nios2-elf/lib\libc.a(lib_a-getc.o) (__sinit)
c:/altera/10.1sp1/nios2eds/bin/gnu/h-i686-mingw32/bin/../lib/gcc/nios2-elf/4.1.2/../../../../nios2-elf/lib\libc.a(lib_a-freer.o)
                              c:/altera/10.1sp1/nios2eds/bin/gnu/h-i686-mingw32/bin/../lib/gcc/nios2-elf/4.1.2/../../../../nios2-elf/lib\libc.a(lib_a-malloc.o) (_free_r)
c:/altera/10.1sp1/nios2eds/bin/gnu/h-i686-mingw32/bin/../lib/gcc/nios2-elf/4.1.2/../../../../nios2-elf/lib\libc.a(lib_a-fvwrite.o)
                              c:/altera/10.1sp1/nios2eds/bin/gnu/h-i686-mingw32/bin/../lib/gcc/nios2-elf/4.1.2/../../../../nios2-elf/lib\libc.a(lib_a-puts.o) (__sfvwrite_r)
c:/altera/10.1sp1/nios2eds/bin/gnu/h-i686-mingw32/bin/../lib/gcc/nios2-elf/4.1.2/../../../../nios2-elf/lib\libc.a(lib_a-fwalk.o)
                              c:/altera/10.1sp1/nios2eds/bin/gnu/h-i686-mingw32/bin/../lib/gcc/nios2-elf/4.1.2/../../../../nios2-elf/lib\libc.a(lib_a-fflush.o) (_fwalk_reent)
c:/altera/10.1sp1/nios2eds/bin/gnu/h-i686-mingw32/bin/../lib/gcc/nios2-elf/4.1.2/../../../../nios2-elf/lib\libc.a(lib_a-int_errno.o)
[...]
Memory Configuration

Name             Origin             Length             Attributes
reset            0x00000000         0x00000020
sdram            0x00000020         0x01ffffe0
*default*        0x00000000         0xffffffff

Linker script and memory map

LOAD ../DMA_FFTNIOS_bsp/obj/HAL/src/crt0.o
LOAD obj/create_test_data.o
LOAD obj/descriptor_allocation.o
LOAD obj/main.o
LOAD obj/validate_results.o
LOAD c:/altera/10.1sp1/nios2eds/bin/gnu/h-i686-mingw32/bin/../lib/gcc/nios2-elf/4.1.2/../../../../nios2-elf/lib\libstdc++.a
LOAD c:/altera/10.1sp1/nios2eds/bin/gnu/h-i686-mingw32/bin/../lib/gcc/nios2-elf/4.1.2/../../../../nios2-elf/lib\libm.a
LOAD c:/altera/10.1sp1/nios2eds/bin/gnu/h-i686-mingw32/bin/../lib/gcc/nios2-elf/4.1.2\libgcc.a
START GROUP
LOAD c:/altera/10.1sp1/nios2eds/bin/gnu/h-i686-mingw32/bin/../lib/gcc/nios2-elf/4.1.2/../../../../nios2-elf/lib\libc.a
LOAD c:/altera/10.1sp1/nios2eds/bin/gnu/h-i686-mingw32/bin/../lib/gcc/nios2-elf/4.1.2\libgcc.a
LOAD ../DMA_FFTNIOS_bsp\libhal_bsp.a
END GROUP
LOAD c:/altera/10.1sp1/nios2eds/bin/gnu/h-i686-mingw32/bin/../lib/gcc/nios2-elf/4.1.2\libgcc.a
                0x00000000                __alt_mem_sdram = 0x0

.entry          0x00000000       0x20
 *(.entry)
 .entry         0x00000000       0x20 ../DMA_FFTNIOS_bsp/obj/HAL/src/crt0.o
                0x00000000                __reset

.exceptions     0x00000020      0x194
                0x00000020                PROVIDE (__ram_exceptions_start, ABSOLUTE (.))
                0x00000020                . = ALIGN (0x20)
 *(.irq)
 *(.exceptions.entry.label)
 .exceptions.entry.label
                0x00000020        0x0 ../DMA_FFTNIOS_bsp\libhal_bsp.a(alt_irq_entry.o)
                0x00000020                alt_irq_entry
 .exceptions.entry.label
                0x00000020        0x0 ../DMA_FFTNIOS_bsp\libhal_bsp.a(alt_exception_entry.o)
                0x00000020                alt_exception
 *(.exceptions.entry.user)
 *(.exceptions.entry)
 .exceptions.entry
                0x00000020       0x54 ../DMA_FFTNIOS_bsp\libhal_bsp.a(alt_exception_entry.o)
 *(.exceptions.irqtest.user)
 *(.exceptions.irqtest)
 .exceptions.irqtest
                0x00000074       0x10 ../DMA_FFTNIOS_bsp\libhal_bsp.a(alt_irq_entry.o)
 *(.exceptions.irqhandler.user)
 *(.exceptions.irqhandler)
 .exceptions.irqhandler
                0x00000084        0x4 ../DMA_FFTNIOS_bsp\libhal_bsp.a(alt_irq_entry.o)
 *(.exceptions.irqreturn.user)
 *(.exceptions.irqreturn)
 .exceptions.irqreturn
                0x00000088        0x4 ../DMA_FFTNIOS_bsp\libhal_bsp.a(alt_irq_entry.o)
 *(.exceptions.notirq.label)
 .exceptions.notirq.label
                0x0000008c        0x0 ../DMA_FFTNIOS_bsp\libhal_bsp.a(alt_irq_entry.o)
 *(.exceptions.notirq.user)
 *(.exceptions.notirq)
 .exceptions.notirq
                0x0000008c        0x8 ../DMA_FFTNIOS_bsp\libhal_bsp.a(alt_exception_entry.o)
 *(.exceptions.soft.user)
 *(.exceptions.soft)
 *(.exceptions.unknown.user)
 *(.exceptions.unknown)
 .exceptions.unknown
                0x00000094        0x4 ../DMA_FFTNIOS_bsp\libhal_bsp.a(alt_exception_entry.o)
 *(.exceptions.exit.label)
 .exceptions.exit.label
                0x00000098        0x0 ../DMA_FFTNIOS_bsp\libhal_bsp.a(alt_irq_entry.o)
 .exceptions.exit.label
                0x00000098        0x0 ../DMA_FFTNIOS_bsp\libhal_bsp.a(alt_exception_entry.o)
 *(.exceptions.exit.user)
 *(.exceptions.exit)
 .exceptions.exit
                0x00000098       0x54 ../DMA_FFTNIOS_bsp\libhal_bsp.a(alt_exception_entry.o)
 *(.exceptions)
 .exceptions    0x000000ec       0xc8 ../DMA_FFTNIOS_bsp\libhal_bsp.a(alt_irq_handler.o)
                0x000000ec                alt_irq_handler
                0x000001b4                PROVIDE (__ram_exceptions_end, ABSOLUTE (.))
                0x00000020                PROVIDE (__flash_exceptions_start, LOADADDR (.exceptions))

.text           0x000001b4     0xe9e8
                0x000001b4                PROVIDE (stext, ABSOLUTE (.))
 *(.interp)
 *(.hash)
 *(.dynsym)
 *(.dynstr)
 *(.gnu.version)
 *(.gnu.version_d)
 *(.gnu.version_r)
 *(.rel.init)
 *(.rela.init)
 *(.rel.text .rel.text.* .rel.gnu.linkonce.t.*)
 *(.rela.text .rela.text.* .rela.gnu.linkonce.t.*)
 *(.rel.fini)
 *(.rela.fini)
 *(.rel.rodata .rel.rodata.* .rel.gnu.linkonce.r.*)
 *(.rela.rodata .rela.rodata.* .rela.gnu.linkonce.r.*)
 *(.rel.data .rel.data.* .rel.gnu.linkonce.d.*)
 *(.rela.data .rela.data.* .rela.gnu.linkonce.d.*)
 *(.rel.tdata .rel.tdata.* .rel.gnu.linkonce.td.*)
 *(.rela.tdata .rela.tdata.* .rela.gnu.linkonce.td.*)
 *(.rel.tbss .rel.tbss.* .rel.gnu.linkonce.tb.*)
 *(.rela.tbss .rela.tbss.* .rela.gnu.linkonce.tb.*)
 *(.rel.ctors)
 *(.rela.ctors)
 *(.rel.dtors)
 *(.rela.dtors)
 *(.rel.got)
 *(.rela.got)
 *(.rel.sdata .rel.sdata.* .rel.gnu.linkonce.s.*)
 *(.rela.sdata .rela.sdata.* .rela.gnu.linkonce.s.*)
 *(.rel.sbss .rel.sbss.* .rel.gnu.linkonce.sb.*)
 *(.rela.sbss .rela.sbss.* .rela.gnu.linkonce.sb.*)
 *(.rel.sdata2 .rel.sdata2.* .rel.gnu.linkonce.s2.*)
 *(.rela.sdata2 .rela.sdata2.* .rela.gnu.linkonce.s2.*)
 *(.rel.sbss2 .rel.sbss2.* .rel.gnu.linkonce.sb2.*)
 *(.rela.sbss2 .rela.sbss2.* .rela.gnu.linkonce.sb2.*)
 *(.rel.bss .rel.bss.* .rel.gnu.linkonce.b.*)
 *(.rela.bss .rela.bss.* .rela.gnu.linkonce.b.*)
 *(.rel.plt)
 *(.rela.plt)
 *(.rel.dyn)
 *(.init)
 *(.plt)
 *(.text .stub .text.* .gnu.linkonce.t.*)
 .text          0x000001b4       0x4c ../DMA_FFTNIOS_bsp/obj/HAL/src/crt0.o
                0x000001b4                _start
 .text          0x00000200      0x4f8 obj/create_test_data.o
                0x00000200                create_test_data
 .text          0x000006f8      0x15c obj/descriptor_allocation.o
                0x000006f8                descriptor_allocation
 .text          0x00000854      0x364 obj/main.o
                0x00000854                transmit_callback_function
                0x00000880                receive_callback_function
                0x000008ac                main
 .text          0x00000bb8      0x1b0 obj/validate_results.o
                0x00000bb8                validate_results
 .text          0x00000d68      0x128 c:/altera/10.1sp1/nios2eds/bin/gnu/h-i686-mingw32/bin/../lib/gcc/nios2-elf/4.1.2/../../../../nios2-elf/lib\libc.a(lib_a-getc.o)
                0x00000d68                getc
                0x00000e00                _getc_r
 .text          0x00000e90        0x0 c:/altera/10.1sp1/nios2eds/bin/gnu/h-i686-mingw32/bin/../lib/gcc/nios2-elf/4.1.2/../../../../nios2-elf/lib\libc.a(lib_a-impure.o)
 .text          0x00000e90       0x28 c:/altera/10.1sp1/nios2eds/bin/gnu/h-i686-mingw32/bin/../lib/gcc/nios2-elf/4.1.2/../../../../nios2-elf/lib\libc.a(lib_a-malloc.o)
                0x00000e90                free
                0x00000ea4                malloc
 .text          0x00000eb8      0x740 c:/altera/10.1sp1/nios2eds/bin/gnu/h-i686-mingw32/bin/../lib/gcc/nios2-elf/4.1.2/../../../../nios2-elf/lib\libc.a(lib_a-mallocr.o)
                0x00000eb8                _malloc_r
 .text          0x000015f8       0x78 c:/altera/10.1sp1/nios2eds/bin/gnu/h-i686-mingw32/bin/../lib/gcc/nios2-elf/4.1.2/../../../../nios2-elf/lib\libc.a(lib_a-printf.o)
                0x000015f8                printf
                0x0000163c                _printf_r
 .text          0x00001670       0xb4 c:/altera/10.1sp1/nios2eds/bin/gnu/h-i686-mingw32/bin/../lib/gcc/nios2-elf/4.1.2/../../../../nios2-elf/lib\libc.a(lib_a-puts.o)
                0x00001670                _puts_r
                0x00001710                puts
 .text          0x00001724       0x94 c:/altera/10.1sp1/nios2eds/bin/gnu/h-i686-mingw32/bin/../lib/gcc/nios2-elf/4.1.2/../../../../nios2-elf/lib\libc.a(lib_a-rand.o)
                0x00001724                srand
                0x00001740                rand
 .text          0x000017b8       0x60 c:/altera/10.1sp1/nios2eds/bin/gnu/h-i686-mingw32/bin/../lib/gcc/nios2-elf/4.1.2/../../../../nios2-elf/lib\libc.a(lib_a-rget.o)
                0x000017b8                __srget_r
                0x00001804                __srget
 .text          0x00001818       0x70 c:/altera/10.1sp1/nios2eds/bin/gnu/h-i686-mingw32/bin/../lib/gcc/nios2-elf/4.1.2/../../../../nios2-elf/lib\libc.a(lib_a-sbrkr.o)
                0x00001818                _sbrk_r
 .text          0x00001888       0x74 c:/altera/10.1sp1/nios2eds/bin/gnu/h-i686-mingw32/bin/../lib/gcc/nios2-elf/4.1.2/../../../../nios2-elf/lib\libc.a(lib_a-strlen.o)
                0x00001888                strlen
 .text          0x000018fc     0x1f28 c:/altera/10.1sp1/nios2eds/bin/gnu/h-i686-mingw32/bin/../lib/gcc/nios2-elf/4.1.2/../../../../nios2-elf/lib\libc.a(lib_a-vfprintf.o)
                0x00001954                ___vfprintf_internal_r
                0x00003800                __vfprintf_internal
 .text          0x00003824      0x13c c:/altera/10.1sp1/nios2eds/bin/gnu/h-i686-mingw32/bin/../lib/gcc/nios2-elf/4.1.2/../../../../nios2-elf/lib\libc.a(lib_a-wsetup.o)
                0x00003824                __swsetup_r
 .text          0x00003960     0x17cc c:/altera/10.1sp1/nios2eds/bin/gnu/h-i686-mingw32/bin/../lib/gcc/nios2-elf/4.1.2/../../../../nios2-elf/lib\libc.a(lib_a-dtoa.o)
                0x00003b78                _dtoa_r
 .text          0x0000512c      0x230 c:/altera/10.1sp1/nios2eds/bin/gnu/h-i686-mingw32/bin/../lib/gcc/nios2-elf/4.1.2/../../../../nios2-elf/lib\libc.a(lib_a-fflush.o)
                0x0000512c                _fflush_r
                0x00005328                fflush
 .text          0x0000535c      0x2c0 c:/altera/10.1sp1/nios2eds/bin/gnu/h-i686-mingw32/bin/../lib/gcc/nios2-elf/4.1.2/../../../../nios2-elf/lib\libc.a(lib_a-findfp.o)
                0x000053b4                __sfp_lock_acquire
                0x000053b8                __sfp_lock_release
                0x000053bc                __sinit_lock_acquire
                0x000053c0                __sinit_lock_release
                0x000053c4                __sinit
                0x00005478                __fp_unlock_all
                0x00005490                __fp_lock_all
                0x000054a8                _cleanup_r
                0x000054b4                _cleanup
                0x000054c4                __sfmoreglue
                0x0000552c                __sfp
 .text          0x0000561c      0x440 c:/altera/10.1sp1/nios2eds/bin/gnu/h-i686-mingw32/bin/../lib/gcc/nios2-elf/4.1.2/../../../../nios2-elf/lib\libc.a(lib_a-freer.o)
                0x0000561c                _malloc_trim_r
                0x00005748                _free_r
 .text          0x00005a5c      0x49c c:/altera/10.1sp1/nios2eds/bin/gnu/h-i686-mingw32/bin/../lib/gcc/nios2-elf/4.1.2/../../../../nios2-elf/lib\libc.a(lib_a-fvwrite.o)
                0x00005a5c                __sfvwrite_r
 .text          0x00005ef8      0x180 c:/altera/10.1sp1/nios2eds/bin/gnu/h-i686-mingw32/bin/../lib/gcc/nios2-elf/4.1.2/../../../../nios2-elf/lib\libc.a(lib_a-fwalk.o)
                0x00005ef8                _fwalk_reent
                0x00005fc0                _fwalk
 .text          0x00006078        0x0 c:/altera/10.1sp1/nios2eds/bin/gnu/h-i686-mingw32/bin/../lib/gcc/nios2-elf/4.1.2/../../../../nios2-elf/lib\libc.a(lib_a-int_errno.o)
 .text          0x00006078       0xc4 c:/altera/10.1sp1/nios2eds/bin/gnu/h-i686-mingw32/bin/../lib/gcc/nios2-elf/4.1.2/../../../../nios2-elf/lib\libc.a(lib_a-locale.o)
                0x00006078                __locale_charset
                0x00006080                _localeconv_r
                0x0000608c                localeconv
                0x0000609c                _setlocale_r
                0x00006120                setlocale
 .text          0x0000613c      0x194 c:/altera/10.1sp1/nios2eds/bin/gnu/h-i686-mingw32/bin/../lib/gcc/nios2-elf/4.1.2/../../../../nios2-elf/lib\libc.a(lib_a-makebuf.o)
                0x0000613c                __smakebuf_r
 .text          0x000062d0       0xe4 c:/altera/10.1sp1/nios2eds/bin/gnu/h-i686-mingw32/bin/../lib/gcc/nios2-elf/4.1.2/../../../../nios2-elf/lib\libc.a(lib_a-memchr.o)
                0x000062d0                memchr
 .text          0x000063b4       0xa0 c:/altera/10.1sp1/nios2eds/bin/gnu/h-i686-mingw32/bin/../lib/gcc/nios2-elf/4.1.2/../../../../nios2-elf/lib\libc.a(lib_a-memcpy.o)
                0x000063b4                memcpy
 .text          0x00006454       0xe0 c:/altera/10.1sp1/nios2eds/bin/gnu/h-i686-mingw32/bin/../lib/gcc/nios2-elf/4.1.2/../../../../nios2-elf/lib\libc.a(lib_a-memmove.o)
                0x00006454                memmove
 .text          0x00006534       0x98 c:/altera/10.1sp1/nios2eds/bin/gnu/h-i686-mingw32/bin/../lib/gcc/nios2-elf/4.1.2/../../../../nios2-elf/lib\libc.a(lib_a-memset.o)
                0x00006534                memset
 .text          0x000065cc      0xff4 c:/altera/10.1sp1/nios2eds/bin/gnu/h-i686-mingw32/bin/../lib/gcc/nios2-elf/4.1.2/../../../../nios2-elf/lib\libc.a(lib_a-mprec.o)
                0x000065cc                _Bfree
                0x000065f4                __hi0bits
                0x00006664                __lo0bits
                0x00006728                __mcmp
                0x00006788                __ulp
                0x00006808                __b2d
                0x00006928                __ratio
                0x000069d8                _mprec_log10
                0x00006a6c                __copybits
                0x00006ac4                __any_on
                0x00006b4c                _Balloc
                0x00006c08                __d2b
                0x00006d84                __mdiff
                0x00006f10                __lshift
                0x0000705c                __multiply
                0x00007244                __i2b
                0x00007280                __multadd
                0x00007380                __pow5mult
                0x000074a0                __s2b
 .text          0x000075c0      0x5f4 c:/altera/10.1sp1/nios2eds/bin/gnu/h-i686-mingw32/bin/../lib/gcc/nios2-elf/4.1.2/../../../../nios2-elf/lib\libc.a(lib_a-reallocr.o)
                0x000075c0                _realloc_r
 .text          0x00007bb4      0x1e0 c:/altera/10.1sp1/nios2eds/bin/gnu/h-i686-mingw32/bin/../lib/gcc/nios2-elf/4.1.2/../../../../nios2-elf/lib\libc.a(lib_a-refill.o)
                0x00007bb4                __srefill_r
 .text          0x00007d94       0x40 c:/altera/10.1sp1/nios2eds/bin/gnu/h-i686-mingw32/bin/../lib/gcc/nios2-elf/4.1.2/../../../../nios2-elf/lib\libc.a(lib_a-s_isinfd.o)
                0x00007d94                __isinfd
 .text          0x00007dd4       0x30 c:/altera/10.1sp1/nios2eds/bin/gnu/h-i686-mingw32/bin/../lib/gcc/nios2-elf/4.1.2/../../../../nios2-elf/lib\libc.a(lib_a-s_isnand.o)
                0x00007dd4                __isnand
 .text          0x00007e04      0x14c c:/altera/10.1sp1/nios2eds/bin/gnu/h-i686-mingw32/bin/../lib/gcc/nios2-elf/4.1.2/../../../../nios2-elf/lib\libc.a(lib_a-stdio.o)
                0x00007e04                __sclose
                0x00007e0c                __sseek
                0x00007e74                __swrite
                0x00007ef0                __sread
 .text          0x00007f50       0xbc c:/altera/10.1sp1/nios2eds/bin/gnu/h-i686-mingw32/bin/../lib/gcc/nios2-elf/4.1.2/../../../../nios2-elf/lib\libc.a(lib_a-strcmp.o)
                0x00007f50                strcmp
 .text          0x0000800c       0x78 c:/altera/10.1sp1/nios2eds/bin/gnu/h-i686-mingw32/bin/../lib/gcc/nios2-elf/4.1.2/../../../../nios2-elf/lib\libc.a(lib_a-writer.o)
                0x0000800c                _write_r
 .text          0x00008084       0xb4 c:/altera/10.1sp1/nios2eds/bin/gnu/h-i686-mingw32/bin/../lib/gcc/nios2-elf/4.1.2/../../../../nios2-elf/lib\libc.a(lib_a-callocr.o)
                0x00008084                _calloc_r
 .text          0x00008138       0x70 c:/altera/10.1sp1/nios2eds/bin/gnu/h-i686-mingw32/bin/../lib/gcc/nios2-elf/4.1.2/../../../../nios2-elf/lib\libc.a(lib_a-closer.o)
                0x00008138                _close_r
 .text          0x000081a8      0x124 c:/altera/10.1sp1/nios2eds/bin/gnu/h-i686-mingw32/bin/../lib/gcc/nios2-elf/4.1.2/../../../../nios2-elf/lib\libc.a(lib_a-fclose.o)
                0x000081a8                _fclose_r
                0x000082b8                fclose
 .text          0x000082cc       0x74 c:/altera/10.1sp1/nios2eds/bin/gnu/h-i686-mingw32/bin/../lib/gcc/nios2-elf/4.1.2/../../../../nios2-elf/lib\libc.a(lib_a-fstatr.o)
                0x000082cc                _fstat_r
 .text          0x00008340       0x70 c:/altera/10.1sp1/nios2eds/bin/gnu/h-i686-mingw32/bin/../lib/gcc/nios2-elf/4.1.2/../../../../nios2-elf/lib\libc.a(lib_a-isattyr.o)
                0x00008340                _isatty_r
 .text          0x000083b0       0x78 c:/altera/10.1sp1/nios2eds/bin/gnu/h-i686-mingw32/bin/../lib/gcc/nios2-elf/4.1.2/../../../../nios2-elf/lib\libc.a(lib_a-lseekr.o)
                0x000083b0                _lseek_r
 .text          0x00008428       0x78 c:/altera/10.1sp1/nios2eds/bin/gnu/h-i686-mingw32/bin/../lib/gcc/nios2-elf/4.1.2/../../../../nios2-elf/lib\libc.a(lib_a-readr.o)
                0x00008428                _read_r
 .text          0x000084a0       0x98 c:/altera/10.1sp1/nios2eds/bin/gnu/h-i686-mingw32/bin/../lib/gcc/nios2-elf/4.1.2\libgcc.a(_muldi3.o)
                0x000084a0                __muldi3
 .text          0x00008538      0x5dc c:/altera/10.1sp1/nios2eds/bin/gnu/h-i686-mingw32/bin/../lib/gcc/nios2-elf/4.1.2\libgcc.a(_udivdi3.o)
                0x00008538                __udivdi3
 .text          0x00008b14      0x5b0 c:/altera/10.1sp1/nios2eds/bin/gnu/h-i686-mingw32/bin/../lib/gcc/nios2-elf/4.1.2\libgcc.a(_umoddi3.o)
                0x00008b14                __umoddi3
 .text          0x000090c4      0x504 c:/altera/10.1sp1/nios2eds/bin/gnu/h-i686-mingw32/bin/../lib/gcc/nios2-elf/4.1.2\libgcc.a(_addsub_df.o)
                0x000094d4                __subdf3
                0x00009554                __adddf3
 .text          0x000095c8      0x3c4 c:/altera/10.1sp1/nios2eds/bin/gnu/h-i686-mingw32/bin/../lib/gcc/nios2-elf/4.1.2\libgcc.a(_mul_df.o)
                0x000095c8                __muldf3
 .text          0x0000998c      0x258 c:/altera/10.1sp1/nios2eds/bin/gnu/h-i686-mingw32/bin/../lib/gcc/nios2-elf/4.1.2\libgcc.a(_div_df.o)
                0x0000998c                __divdf3
 .text          0x00009be4       0x88 c:/altera/10.1sp1/nios2eds/bin/gnu/h-i686-mingw32/bin/../lib/gcc/nios2-elf/4.1.2\libgcc.a(_eq_df.o)
                0x00009be4                __eqdf2
 .text          0x00009c6c       0x88 c:/altera/10.1sp1/nios2eds/bin/gnu/h-i686-mingw32/bin/../lib/gcc/nios2-elf/4.1.2\libgcc.a(_ne_df.o)
                0x00009c6c                __nedf2
 .text          0x00009cf4       0x88 c:/altera/10.1sp1/nios2eds/bin/gnu/h-i686-mingw32/bin/../lib/gcc/nios2-elf/4.1.2\libgcc.a(_gt_df.o)
                0x00009cf4                __gtdf2
 .text          0x00009d7c       0x88 c:/altera/10.1sp1/nios2eds/bin/gnu/h-i686-mingw32/bin/../lib/gcc/nios2-elf/4.1.2\libgcc.a(_ge_df.o)
                0x00009d7c                __gedf2
 .text          0x00009e04       0x88 c:/altera/10.1sp1/nios2eds/bin/gnu/h-i686-mingw32/bin/../lib/gcc/nios2-elf/4.1.2\libgcc.a(_lt_df.o)
                0x00009e04                __ltdf2
 .text          0x00009e8c       0xf8 c:/altera/10.1sp1/nios2eds/bin/gnu/h-i686-mingw32/bin/../lib/gcc/nios2-elf/4.1.2\libgcc.a(_si_to_df.o)
                0x00009e8c                __floatsidf
 .text          0x00009f84       0xd8 c:/altera/10.1sp1/nios2eds/bin/gnu/h-i686-mingw32/bin/../lib/gcc/nios2-elf/4.1.2\libgcc.a(_df_to_si.o)
                0x00009f84                __fixdfsi
 .text          0x0000a05c        0x0 c:/altera/10.1sp1/nios2eds/bin/gnu/h-i686-mingw32/bin/../lib/gcc/nios2-elf/4.1.2\libgcc.a(_thenan_df.o)
 .text          0x0000a05c      0x194 c:/altera/10.1sp1/nios2eds/bin/gnu/h-i686-mingw32/bin/../lib/gcc/nios2-elf/4.1.2\libgcc.a(_usi_to_df.o)
                0x0000a05c                __floatunsidf
 .text          0x0000a1f0      0x14c c:/altera/10.1sp1/nios2eds/bin/gnu/h-i686-mingw32/bin/../lib/gcc/nios2-elf/4.1.2\libgcc.a(lib2-divmod.o)
                0x0000a26c                __divsi3
                0x0000a2cc                __modsi3
                0x0000a32c                __udivsi3
                0x0000a334                __umodsi3
 .text          0x0000a33c        0x0 c:/altera/10.1sp1/nios2eds/bin/gnu/h-i686-mingw32/bin/../lib/gcc/nios2-elf/4.1.2\libgcc.a(_clz.o)
 .text          0x0000a33c       0x80 c:/altera/10.1sp1/nios2eds/bin/gnu/h-i686-mingw32/bin/../lib/gcc/nios2-elf/4.1.2\libgcc.a(_clzsi2.o)
                0x0000a33c                __clzsi2
 .text          0x0000a3bc      0x314 c:/altera/10.1sp1/nios2eds/bin/gnu/h-i686-mingw32/bin/../lib/gcc/nios2-elf/4.1.2\libgcc.a(_pack_df.o)
                0x0000a3bc                __pack_d
 .text          0x0000a6d0      0x138 c:/altera/10.1sp1/nios2eds/bin/gnu/h-i686-mingw32/bin/../lib/gcc/nios2-elf/4.1.2\libgcc.a(_unpack_df.o)
                0x0000a6d0                __unpack_d
 .text          0x0000a808       0xc8 c:/altera/10.1sp1/nios2eds/bin/gnu/h-i686-mingw32/bin/../lib/gcc/nios2-elf/4.1.2\libgcc.a(_fpcmp_parts_df.o)
                0x0000a808                __fpcmp_parts_d
 .text          0x0000a8d0      0x15c ../DMA_FFTNIOS_bsp\libhal_bsp.a(alt_close.o)
                0x0000a8d0                close
 .text          0x0000aa2c       0x44 ../DMA_FFTNIOS_bsp\libhal_bsp.a(alt_dcache_flush_all.o)
                0x0000aa2c                alt_dcache_flush_all
 .text          0x0000aa70       0x2c ../DMA_FFTNIOS_bsp\libhal_bsp.a(alt_dev.o)
 .text          0x0000aa9c        0x0 ../DMA_FFTNIOS_bsp\libhal_bsp.a(alt_errno.o)
 .text          0x0000aa9c      0x134 ../DMA_FFTNIOS_bsp\libhal_bsp.a(alt_fstat.o)
                0x0000aa9c                fstat
 .text          0x0000abd0      0x120 ../DMA_FFTNIOS_bsp\libhal_bsp.a(alt_isatty.o)
                0x0000abd0                isatty
 .text          0x0000acf0       0xec ../DMA_FFTNIOS_bsp\libhal_bsp.a(alt_load.o)
                0x0000acf0                alt_load
 .text          0x0000addc      0x150 ../DMA_FFTNIOS_bsp\libhal_bsp.a(alt_lseek.o)
                0x0000addc                lseek
 .text          0x0000af2c       0x6c ../DMA_FFTNIOS_bsp\libhal_bsp.a(alt_main.o)
                0x0000af2c                alt_main
 .text          0x0000af98       0x40 ../DMA_FFTNIOS_bsp\libhal_bsp.a(alt_malloc_lock.o)
                0x0000af98                __malloc_lock
                0x0000afb8                __malloc_unlock
 .text          0x0000afd8      0x180 ../DMA_FFTNIOS_bsp\libhal_bsp.a(alt_read.o)
                0x0000afd8                read
 .text          0x0000b158       0x60 ../DMA_FFTNIOS_bsp\libhal_bsp.a(alt_release_fd.o)
                0x0000b158                alt_release_fd
 .text          0x0000b1b8       0xbc ../DMA_FFTNIOS_bsp\libhal_bsp.a(alt_sbrk.o)
                0x0000b1b8                sbrk
 .text          0x0000b274      0x180 ../DMA_FFTNIOS_bsp\libhal_bsp.a(alt_write.o)
                0x0000b274                write
 .text          0x0000b3f4      0x124 ../DMA_FFTNIOS_bsp\libhal_bsp.a(alt_sys_init.o)
                0x0000b3f4                alt_irq_init
                0x0000b428                alt_sys_init
 .text          0x0000b518      0x148 ../DMA_FFTNIOS_bsp\libhal_bsp.a(altera_avalon_jtag_uart_fd.o)
                0x0000b518                altera_avalon_jtag_uart_read_fd
                0x0000b570                altera_avalon_jtag_uart_write_fd
                0x0000b5c8                altera_avalon_jtag_uart_close_fd
                0x0000b610                altera_avalon_jtag_uart_ioctl_fd
 .text          0x0000b660      0x40c ../DMA_FFTNIOS_bsp\libhal_bsp.a(altera_avalon_jtag_uart_init.o)
                0x0000b660                altera_avalon_jtag_uart_init
                0x0000b9f8                altera_avalon_jtag_uart_close
 .text          0x0000ba6c       0xf4 ../DMA_FFTNIOS_bsp\libhal_bsp.a(altera_avalon_jtag_uart_ioctl.o)
                0x0000ba6c                altera_avalon_jtag_uart_ioctl
 .text          0x0000bb60      0x224 ../DMA_FFTNIOS_bsp\libhal_bsp.a(altera_avalon_jtag_uart_read.o)
                0x0000bb60                altera_avalon_jtag_uart_read
 .text          0x0000bd84      0x240 ../DMA_FFTNIOS_bsp\libhal_bsp.a(altera_avalon_jtag_uart_write.o)
                0x0000bd84                altera_avalon_jtag_uart_write
 .text          0x0000bfc4      0xd0c ../DMA_FFTNIOS_bsp\libhal_bsp.a(altera_avalon_sgdma.o)
                0x0000bfc4                alt_avalon_sgdma_do_async_transfer
                0x0000c100                alt_avalon_sgdma_do_sync_transfer
                0x0000c224                alt_avalon_sgdma_construct_mem_to_mem_desc
                0x0000c294                alt_avalon_sgdma_construct_mem_to_mem_desc_burst
                0x0000c314                alt_avalon_sgdma_construct_stream_to_mem_desc
                0x0000c368                alt_avalon_sgdma_construct_stream_to_mem_desc_burst
                0x0000c3d8                alt_avalon_sgdma_construct_mem_to_stream_desc
                0x0000c44c                alt_avalon_sgdma_construct_mem_to_stream_desc_burst
                0x0000c4d0                alt_avalon_sgdma_register_callback
                0x0000c520                alt_avalon_sgdma_start
                0x0000c574                alt_avalon_sgdma_stop
                0x0000c5cc                alt_avalon_sgdma_check_descriptor_status
                0x0000c63c                alt_avalon_sgdma_open
                0x0000c6f4                alt_avalon_sgdma_construct_descriptor
                0x0000c77c                alt_avalon_sgdma_construct_descriptor_burst
                0x0000cc24                alt_avalon_sgdma_init
 .text          0x0000ccd0      0x100 ../DMA_FFTNIOS_bsp\libhal_bsp.a(altera_avalon_timer_sc.o)
                0x0000cd40                alt_avalon_timer_sc_init
 .text          0x0000cdd0       0xf8 ../DMA_FFTNIOS_bsp\libhal_bsp.a(altera_avalon_uart_fd.o)
                0x0000cdd0                altera_avalon_uart_read_fd
                0x0000ce28                altera_avalon_uart_write_fd
                0x0000ce80                altera_avalon_uart_close_fd
 .text          0x0000cec8      0x400 ../DMA_FFTNIOS_bsp\libhal_bsp.a(altera_avalon_uart_init.o)
                0x0000cec8                altera_avalon_uart_init
                0x0000d268                altera_avalon_uart_close
 .text          0x0000d2c8      0x290 ../DMA_FFTNIOS_bsp\libhal_bsp.a(altera_avalon_uart_read.o)
                0x0000d2c8                altera_avalon_uart_read
 .text          0x0000d558      0x228 ../DMA_FFTNIOS_bsp\libhal_bsp.a(altera_avalon_uart_write.o)
                0x0000d558                altera_avalon_uart_write
 .text          0x0000d780      0x154 ../DMA_FFTNIOS_bsp\libhal_bsp.a(alt_alarm_start.o)
                0x0000d780                alt_alarm_start
 .text          0x0000d8d4      0x114 ../DMA_FFTNIOS_bsp\libhal_bsp.a(alt_dev_llist_insert.o)
                0x0000d8d4                alt_dev_llist_insert
 .text          0x0000d9e8       0x64 ../DMA_FFTNIOS_bsp\libhal_bsp.a(alt_do_ctors.o)
                0x0000d9e8                _do_ctors
 .text          0x0000da4c       0x64 ../DMA_FFTNIOS_bsp\libhal_bsp.a(alt_do_dtors.o)
                0x0000da4c                _do_dtors
 .text          0x0000dab0       0x94 ../DMA_FFTNIOS_bsp\libhal_bsp.a(alt_find_dev.o)
                0x0000dab0                alt_find_dev
 .text          0x0000db44       0x30 ../DMA_FFTNIOS_bsp\libhal_bsp.a(alt_icache_flush_all.o)
                0x0000db44                alt_icache_flush_all
 .text          0x0000db74      0x1d4 ../DMA_FFTNIOS_bsp\libhal_bsp.a(alt_iic.o)
                0x0000db74                alt_ic_isr_register
                0x0000dbc4                alt_ic_irq_enable
                0x0000dc60                alt_ic_irq_disable
                0x0000dd00                alt_ic_irq_enabled
 .text          0x0000dd48       0xf8 ../DMA_FFTNIOS_bsp\libhal_bsp.a(alt_iic_isr_register.o)
                0x0000dd48                alt_iic_isr_register
 .text          0x0000de40      0x13c ../DMA_FFTNIOS_bsp\libhal_bsp.a(alt_io_redirect.o)
                0x0000df04                alt_io_redirect
 .text          0x0000df7c        0x0 ../DMA_FFTNIOS_bsp\libhal_bsp.a(alt_irq_entry.o)
 .text          0x0000df7c        0x0 ../DMA_FFTNIOS_bsp\libhal_bsp.a(alt_irq_handler.o)
 .text          0x0000df7c        0x0 ../DMA_FFTNIOS_bsp\libhal_bsp.a(alt_irq_vars.o)
 .text          0x0000df7c      0x2c4 ../DMA_FFTNIOS_bsp\libhal_bsp.a(alt_open.o)
                0x0000e058                open
 .text          0x0000e240       0x40 ../DMA_FFTNIOS_bsp\libhal_bsp.a(alt_remap_uncached.o)
                0x0000e240                alt_remap_uncached
 .text          0x0000e280      0x1a4 ../DMA_FFTNIOS_bsp\libhal_bsp.a(alt_tick.o)
                0x0000e280                alt_alarm_stop
                0x0000e318                alt_tick
 .text          0x0000e424       0x20 ../DMA_FFTNIOS_bsp\libhal_bsp.a(altera_nios2_irq.o)
                0x0000e424                altera_nios2_irq_init
 .text          0x0000e444       0x78 ../DMA_FFTNIOS_bsp\libhal_bsp.a(alt_dcache_flush.o)
                0x0000e444                alt_dcache_flush
 .text          0x0000e4bc        0x0 ../DMA_FFTNIOS_bsp\libhal_bsp.a(alt_exception_entry.o)
 .text          0x0000e4bc      0x120 ../DMA_FFTNIOS_bsp\libhal_bsp.a(alt_find_file.o)
                0x0000e4bc                alt_find_file
 .text          0x0000e5dc       0xb8 ../DMA_FFTNIOS_bsp\libhal_bsp.a(alt_get_fd.o)
                0x0000e5dc                alt_get_fd
 .text          0x0000e694       0x90 ../DMA_FFTNIOS_bsp\libhal_bsp.a(alt_icache_flush.o)
                0x0000e694                alt_icache_flush
 .text          0x0000e724       0x14 c:/altera/10.1sp1/nios2eds/bin/gnu/h-i686-mingw32/bin/../lib/gcc/nios2-elf/4.1.2/../../../../nios2-elf/lib\libc.a(lib_a-atexit.o)
                0x0000e724                atexit
 .text          0x0000e738       0x38 c:/altera/10.1sp1/nios2eds/bin/gnu/h-i686-mingw32/bin/../lib/gcc/nios2-elf/4.1.2/../../../../nios2-elf/lib\libc.a(lib_a-exit.o)
                0x0000e738                exit
 .text          0x0000e770       0x74 c:/altera/10.1sp1/nios2eds/bin/gnu/h-i686-mingw32/bin/../lib/gcc/nios2-elf/4.1.2/../../../../nios2-elf/lib\libc.a(lib_a-memcmp.o)
                0x0000e770                memcmp
 .text          0x0000e7e4      0x134 c:/altera/10.1sp1/nios2eds/bin/gnu/h-i686-mingw32/bin/../lib/gcc/nios2-elf/4.1.2/../../../../nios2-elf/lib\libc.a(lib_a-__atexit.o)
                0x0000e7e4                __register_exitproc
 .text          0x0000e918      0x1b4 c:/altera/10.1sp1/nios2eds/bin/gnu/h-i686-mingw32/bin/../lib/gcc/nios2-elf/4.1.2/../../../../nios2-elf/lib\libc.a(lib_a-__call_atexit.o)
                0x0000e91c                __call_exitprocs
 .text          0x0000eacc       0x60 ../DMA_FFTNIOS_bsp\libhal_bsp.a(alt_exit.o)
                0x0000eb0c                _exit
 *(.gnu.warning.*)
 *(.fini)
                0x0000eb2c                PROVIDE (__etext, ABSOLUTE (.))
                0x0000eb2c                PROVIDE (_etext, ABSOLUTE (.))
                0x0000eb2c                PROVIDE (etext, ABSOLUTE (.))
 *(.eh_frame_hdr)
                0x0000eb2c                . = ALIGN (0x4)
                0x0000eb2c                PROVIDE (__preinit_array_start, ABSOLUTE (.))
 *(.preinit_array)
                0x0000eb2c                PROVIDE (__preinit_array_end, ABSOLUTE (.))
                0x0000eb2c                PROVIDE (__init_array_start, ABSOLUTE (.))
 *(.init_array)
                0x0000eb2c                PROVIDE (__init_array_end, ABSOLUTE (.))
                0x0000eb2c                PROVIDE (__fini_array_start, ABSOLUTE (.))
 *(.fini_array)
                0x0000eb2c                PROVIDE (__fini_array_end, ABSOLUTE (.))
 *(.eh_frame)
 .eh_frame      0x0000eb2c       0x40 c:/altera/10.1sp1/nios2eds/bin/gnu/h-i686-mingw32/bin/../lib/gcc/nios2-elf/4.1.2\libgcc.a(_udivdi3.o)
 .eh_frame      0x0000eb6c       0x2c c:/altera/10.1sp1/nios2eds/bin/gnu/h-i686-mingw32/bin/../lib/gcc/nios2-elf/4.1.2\libgcc.a(_umoddi3.o)
                                 0x40 (size before relaxing)
 *(.gcc_except_table)
 *(.dynamic)
                0x0000eb98                PROVIDE (__CTOR_LIST__, ABSOLUTE (.))
 *(.ctors)
 *(SORT(.ctors.*))
 .ctors.65535   0x0000eb98        0x4 c:/altera/10.1sp1/nios2eds/bin/gnu/h-i686-mingw32/bin/../lib/gcc/nios2-elf/4.1.2/../../../../nios2-elf/lib\libc.a(lib_a-__call_atexit.o)
                0x0000eb9c                PROVIDE (__CTOR_END__, ABSOLUTE (.))
                0x0000eb9c                PROVIDE (__DTOR_LIST__, ABSOLUTE (.))
 *(.dtors)
 *(SORT(.dtors.*))
                0x0000eb9c                PROVIDE (__DTOR_END__, ABSOLUTE (.))
 *(.jcr)
                0x0000eb9c                . = ALIGN (0x4)

.rodata         0x0000eb9c      0x8f4
                0x0000eb9c                PROVIDE (__ram_rodata_start, ABSOLUTE (.))
                0x0000eb9c                . = ALIGN (0x4)
 *(.rodata .rodata.* .gnu.linkonce.r.*)
 .rodata        0x0000eb9c      0x1b4 obj/create_test_data.o
 .rodata        0x0000ed50       0x70 obj/descriptor_allocation.o
 .rodata        0x0000edc0      0x2e4 obj/main.o
 .rodata        0x0000f0a4       0x64 obj/validate_results.o
 .rodata.str1.4
                0x0000f108        0x2 c:/altera/10.1sp1/nios2eds/bin/gnu/h-i686-mingw32/bin/../lib/gcc/nios2-elf/4.1.2/../../../../nios2-elf/lib\libc.a(lib_a-impure.o)
                                  0x4 (size before relaxing)
 *fill*         0x0000f10a        0x2 00
 .rodata.str1.4
                0x0000f10c        0x2 c:/altera/10.1sp1/nios2eds/bin/gnu/h-i686-mingw32/bin/../lib/gcc/nios2-elf/4.1.2/../../../../nios2-elf/lib\libc.a(lib_a-puts.o)
                                  0x4 (size before relaxing)
 *fill*         0x0000f10e        0x2 00
 .rodata.str1.4
                0x0000f110       0x5e c:/altera/10.1sp1/nios2eds/bin/gnu/h-i686-mingw32/bin/../lib/gcc/nios2-elf/4.1.2/../../../../nios2-elf/lib\libc.a(lib_a-vfprintf.o)
                                 0x60 (size before relaxing)
 .rodata        0x0000f16e       0x20 c:/altera/10.1sp1/nios2eds/bin/gnu/h-i686-mingw32/bin/../lib/gcc/nios2-elf/4.1.2/../../../../nios2-elf/lib\libc.a(lib_a-vfprintf.o)
 *fill*         0x0000f18e        0x2 00
 .rodata.str1.4
                0x0000f190       0x10 c:/altera/10.1sp1/nios2eds/bin/gnu/h-i686-mingw32/bin/../lib/gcc/nios2-elf/4.1.2/../../../../nios2-elf/lib\libc.a(lib_a-dtoa.o)
                                 0x14 (size before relaxing)
 .rodata.str1.4
                0x0000f1a0       0x10 c:/altera/10.1sp1/nios2eds/bin/gnu/h-i686-mingw32/bin/../lib/gcc/nios2-elf/4.1.2/../../../../nios2-elf/lib\libc.a(lib_a-locale.o)
                                 0x18 (size before relaxing)
 .rodata        0x0000f1b0       0x30 c:/altera/10.1sp1/nios2eds/bin/gnu/h-i686-mingw32/bin/../lib/gcc/nios2-elf/4.1.2/../../../../nios2-elf/lib\libc.a(lib_a-locale.o)
 .rodata        0x0000f1e0      0x124 c:/altera/10.1sp1/nios2eds/bin/gnu/h-i686-mingw32/bin/../lib/gcc/nios2-elf/4.1.2/../../../../nios2-elf/lib\libc.a(lib_a-mprec.o)
                0x0000f1e0                __mprec_tens
                0x0000f2a8                __mprec_bigtens
                0x0000f2d0                __mprec_tinytens
 .rodata        0x0000f304       0x14 c:/altera/10.1sp1/nios2eds/bin/gnu/h-i686-mingw32/bin/../lib/gcc/nios2-elf/4.1.2\libgcc.a(_thenan_df.o)
                0x0000f304                __thenan_df
 .rodata        0x0000f318      0x100 c:/altera/10.1sp1/nios2eds/bin/gnu/h-i686-mingw32/bin/../lib/gcc/nios2-elf/4.1.2\libgcc.a(_clz.o)
                0x0000f318                __clz_tab
 .rodata        0x0000f418        0xc ../DMA_FFTNIOS_bsp\libhal_bsp.a(alt_dev.o)
 .rodata        0x0000f424       0x10 ../DMA_FFTNIOS_bsp\libhal_bsp.a(alt_main.o)
 .rodata        0x0000f434       0x5c ../DMA_FFTNIOS_bsp\libhal_bsp.a(alt_sys_init.o)
 *(.rodata1)
                0x0000f490                . = ALIGN (0x4)
                0x0000f490                PROVIDE (__ram_rodata_end, ABSOLUTE (.))
                0x0000eb9c                PROVIDE (__flash_rodata_start, LOADADDR (.rodata))

.rwdata         0x0000f490     0x1bb8 load address 0x00011048
                0x0000f490                PROVIDE (__ram_rwdata_start, ABSOLUTE (.))
                0x0000f490                . = ALIGN (0x4)
 *(.got.plt)
 *(.got)
 *(.data1)
 *(.data .data.* .gnu.linkonce.d.*)
 .data          0x0000f490        0x0 ../DMA_FFTNIOS_bsp/obj/HAL/src/crt0.o
 .data          0x0000f490        0x0 obj/create_test_data.o
 .data          0x0000f490        0x0 obj/descriptor_allocation.o
 .data          0x0000f490        0x0 obj/main.o
 .data          0x0000f490        0x0 obj/validate_results.o
 .data          0x0000f490        0x0 c:/altera/10.1sp1/nios2eds/bin/gnu/h-i686-mingw32/bin/../lib/gcc/nios2-elf/4.1.2/../../../../nios2-elf/lib\libc.a(lib_a-getc.o)
 .data          0x0000f490      0x400 c:/altera/10.1sp1/nios2eds/bin/gnu/h-i686-mingw32/bin/../lib/gcc/nios2-elf/4.1.2/../../../../nios2-elf/lib\libc.a(lib_a-impure.o)
 .data          0x0000f890        0x0 c:/altera/10.1sp1/nios2eds/bin/gnu/h-i686-mingw32/bin/../lib/gcc/nios2-elf/4.1.2/../../../../nios2-elf/lib\libc.a(lib_a-malloc.o)
 .data          0x0000f890      0x408 c:/altera/10.1sp1/nios2eds/bin/gnu/h-i686-mingw32/bin/../lib/gcc/nios2-elf/4.1.2/../../../../nios2-elf/lib\libc.a(lib_a-mallocr.o)
                0x0000f890                __malloc_av_
 .data          0x0000fc98        0x0 c:/altera/10.1sp1/nios2eds/bin/gnu/h-i686-mingw32/bin/../lib/gcc/nios2-elf/4.1.2/../../../../nios2-elf/lib\libc.a(lib_a-printf.o)
 .data          0x0000fc98        0x0 c:/altera/10.1sp1/nios2eds/bin/gnu/h-i686-mingw32/bin/../lib/gcc/nios2-elf/4.1.2/../../../../nios2-elf/lib\libc.a(lib_a-puts.o)
 .data          0x0000fc98        0x0 c:/altera/10.1sp1/nios2eds/bin/gnu/h-i686-mingw32/bin/../lib/gcc/nios2-elf/4.1.2/../../../../nios2-elf/lib\libc.a(lib_a-rand.o)
 .data          0x0000fc98        0x0 c:/altera/10.1sp1/nios2eds/bin/gnu/h-i686-mingw32/bin/../lib/gcc/nios2-elf/4.1.2/../../../../nios2-elf/lib\libc.a(lib_a-rget.o)
 .data          0x0000fc98        0x0 c:/altera/10.1sp1/nios2eds/bin/gnu/h-i686-mingw32/bin/../lib/gcc/nios2-elf/4.1.2/../../../../nios2-elf/lib\libc.a(lib_a-sbrkr.o)
 .data          0x0000fc98        0x0 c:/altera/10.1sp1/nios2eds/bin/gnu/h-i686-mingw32/bin/../lib/gcc/nios2-elf/4.1.2/../../../../nios2-elf/lib\libc.a(lib_a-strlen.o)
 .data          0x0000fc98        0x0 c:/altera/10.1sp1/nios2eds/bin/gnu/h-i686-mingw32/bin/../lib/gcc/nios2-elf/4.1.2/../../../../nios2-elf/lib\libc.a(lib_a-vfprintf.o)
 .data          0x0000fc98        0x0 c:/altera/10.1sp1/nios2eds/bin/gnu/h-i686-mingw32/bin/../lib/gcc/nios2-elf/4.1.2/../../../../nios2-elf/lib\libc.a(lib_a-wsetup.o)
 .data          0x0000fc98        0x0 c:/altera/10.1sp1/nios2eds/bin/gnu/h-i686-mingw32/bin/../lib/gcc/nios2-elf/4.1.2/../../../../nios2-elf/lib\libc.a(lib_a-dtoa.o)
 .data          0x0000fc98        0x0 c:/altera/10.1sp1/nios2eds/bin/gnu/h-i686-mingw32/bin/../lib/gcc/nios2-elf/4.1.2/../../../../nios2-elf/lib\libc.a(lib_a-fflush.o)
 .data          0x0000fc98        0x0 c:/altera/10.1sp1/nios2eds/bin/gnu/h-i686-mingw32/bin/../lib/gcc/nios2-elf/4.1.2/../../../../nios2-elf/lib\libc.a(lib_a-findfp.o)
 .data          0x0000fc98        0x0 c:/altera/10.1sp1/nios2eds/bin/gnu/h-i686-mingw32/bin/../lib/gcc/nios2-elf/4.1.2/../../../../nios2-elf/lib\libc.a(lib_a-freer.o)
 .data          0x0000fc98        0x0 c:/altera/10.1sp1/nios2eds/bin/gnu/h-i686-mingw32/bin/../lib/gcc/nios2-elf/4.1.2/../../../../nios2-elf/lib\libc.a(lib_a-fvwrite.o)
 .data          0x0000fc98        0x0 c:/altera/10.1sp1/nios2eds/bin/gnu/h-i686-mingw32/bin/../lib/gcc/nios2-elf/4.1.2/../../../../nios2-elf/lib\libc.a(lib_a-fwalk.o)
 .data          0x0000fc98        0x0 c:/altera/10.1sp1/nios2eds/bin/gnu/h-i686-mingw32/bin/../lib/gcc/nios2-elf/4.1.2/../../../../nios2-elf/lib\libc.a(lib_a-int_errno.o)
 .data          0x0000fc98        0xc c:/altera/10.1sp1/nios2eds/bin/gnu/h-i686-mingw32/bin/../lib/gcc/nios2-elf/4.1.2/../../../../nios2-elf/lib\libc.a(lib_a-locale.o)
                0x0000fc98                __lc_ctype
 .data          0x0000fca4        0x0 c:/altera/10.1sp1/nios2eds/bin/gnu/h-i686-mingw32/bin/../lib/gcc/nios2-elf/4.1.2/../../../../nios2-elf/lib\libc.a(lib_a-makebuf.o)
 .data          0x0000fca4        0x0 c:/altera/10.1sp1/nios2eds/bin/gnu/h-i686-mingw32/bin/../lib/gcc/nios2-elf/4.1.2/../../../../nios2-elf/lib\libc.a(lib_a-memchr.o)
 .data          0x0000fca4        0x0 c:/altera/10.1sp1/nios2eds/bin/gnu/h-i686-mingw32/bin/../lib/gcc/nios2-elf/4.1.2/../../../../nios2-elf/lib\libc.a(lib_a-memcpy.o)
 .data          0x0000fca4        0x0 c:/altera/10.1sp1/nios2eds/bin/gnu/h-i686-mingw32/bin/../lib/gcc/nios2-elf/4.1.2/../../../../nios2-elf/lib\libc.a(lib_a-memmove.o)
 .data          0x0000fca4        0x0 c:/altera/10.1sp1/nios2eds/bin/gnu/h-i686-mingw32/bin/../lib/gcc/nios2-elf/4.1.2/../../../../nios2-elf/lib\libc.a(lib_a-memset.o)
 .data          0x0000fca4        0x0 c:/altera/10.1sp1/nios2eds/bin/gnu/h-i686-mingw32/bin/../lib/gcc/nios2-elf/4.1.2/../../../../nios2-elf/lib\libc.a(lib_a-mprec.o)
 .data          0x0000fca4        0x0 c:/altera/10.1sp1/nios2eds/bin/gnu/h-i686-mingw32/bin/../lib/gcc/nios2-elf/4.1.2/../../../../nios2-elf/lib\libc.a(lib_a-reallocr.o)
 .data          0x0000fca4        0x0 c:/altera/10.1sp1/nios2eds/bin/gnu/h-i686-mingw32/bin/../lib/gcc/nios2-elf/4.1.2/../../../../nios2-elf/lib\libc.a(lib_a-refill.o)
 .data          0x0000fca4        0x0 c:/altera/10.1sp1/nios2eds/bin/gnu/h-i686-mingw32/bin/../lib/gcc/nios2-elf/4.1.2/../../../../nios2-elf/lib\libc.a(lib_a-s_isinfd.o)
 .data          0x0000fca4        0x0 c:/altera/10.1sp1/nios2eds/bin/gnu/h-i686-mingw32/bin/../lib/gcc/nios2-elf/4.1.2/../../../../nios2-elf/lib\libc.a(lib_a-s_isnand.o)
 .data          0x0000fca4        0x0 c:/altera/10.1sp1/nios2eds/bin/gnu/h-i686-mingw32/bin/../lib/gcc/nios2-elf/4.1.2/../../../../nios2-elf/lib\libc.a(lib_a-stdio.o)
 .data          0x0000fca4        0x0 c:/altera/10.1sp1/nios2eds/bin/gnu/h-i686-mingw32/bin/../lib/gcc/nios2-elf/4.1.2/../../../../nios2-elf/lib\libc.a(lib_a-strcmp.o)
 .data          0x0000fca4        0x0 c:/altera/10.1sp1/nios2eds/bin/gnu/h-i686-mingw32/bin/../lib/gcc/nios2-elf/4.1.2/../../../../nios2-elf/lib\libc.a(lib_a-writer.o)
 .data          0x0000fca4        0x0 c:/altera/10.1sp1/nios2eds/bin/gnu/h-i686-mingw32/bin/../lib/gcc/nios2-elf/4.1.2/../../../../nios2-elf/lib\libc.a(lib_a-callocr.o)
 .data          0x0000fca4        0x0 c:/altera/10.1sp1/nios2eds/bin/gnu/h-i686-mingw32/bin/../lib/gcc/nios2-elf/4.1.2/../../../../nios2-elf/lib\libc.a(lib_a-closer.o)
 .data          0x0000fca4        0x0 c:/altera/10.1sp1/nios2eds/bin/gnu/h-i686-mingw32/bin/../lib/gcc/nios2-elf/4.1.2/../../../../nios2-elf/lib\libc.a(lib_a-fclose.o)
 .data          0x0000fca4        0x0 c:/altera/10.1sp1/nios2eds/bin/gnu/h-i686-mingw32/bin/../lib/gcc/nios2-elf/4.1.2/../../../../nios2-elf/lib\libc.a(lib_a-fstatr.o)
 .data          0x0000fca4        0x0 c:/altera/10.1sp1/nios2eds/bin/gnu/h-i686-mingw32/bin/../lib/gcc/nios2-elf/4.1.2/../../../../nios2-elf/lib\libc.a(lib_a-isattyr.o)
 .data          0x0000fca4        0x0 c:/altera/10.1sp1/nios2eds/bin/gnu/h-i686-mingw32/bin/../lib/gcc/nios2-elf/4.1.2/../../../../nios2-elf/lib\libc.a(lib_a-lseekr.o)
 .data          0x0000fca4        0x0 c:/altera/10.1sp1/nios2eds/bin/gnu/h-i686-mingw32/bin/../lib/gcc/nios2-elf/4.1.2/../../../../nios2-elf/lib\libc.a(lib_a-readr.o)
 .data          0x0000fca4        0x0 c:/altera/10.1sp1/nios2eds/bin/gnu/h-i686-mingw32/bin/../lib/gcc/nios2-elf/4.1.2\libgcc.a(_muldi3.o)
 .data          0x0000fca4        0x0 c:/altera/10.1sp1/nios2eds/bin/gnu/h-i686-mingw32/bin/../lib/gcc/nios2-elf/4.1.2\libgcc.a(_udivdi3.o)
 .data          0x0000fca4        0x0 c:/altera/10.1sp1/nios2eds/bin/gnu/h-i686-mingw32/bin/../lib/gcc/nios2-elf/4.1.2\libgcc.a(_umoddi3.o)
 .data          0x0000fca4        0x0 c:/altera/10.1sp1/nios2eds/bin/gnu/h-i686-mingw32/bin/../lib/gcc/nios2-elf/4.1.2\libgcc.a(_addsub_df.o)
 .data          0x0000fca4        0x0 c:/altera/10.1sp1/nios2eds/bin/gnu/h-i686-mingw32/bin/../lib/gcc/nios2-elf/4.1.2\libgcc.a(_mul_df.o)
 .data          0x0000fca4        0x0 c:/altera/10.1sp1/nios2eds/bin/gnu/h-i686-mingw32/bin/../lib/gcc/nios2-elf/4.1.2\libgcc.a(_div_df.o)
 .data          0x0000fca4        0x0 c:/altera/10.1sp1/nios2eds/bin/gnu/h-i686-mingw32/bin/../lib/gcc/nios2-elf/4.1.2\libgcc.a(_eq_df.o)
 .data          0x0000fca4        0x0 c:/altera/10.1sp1/nios2eds/bin/gnu/h-i686-mingw32/bin/../lib/gcc/nios2-elf/4.1.2\libgcc.a(_ne_df.o)
 .data          0x0000fca4        0x0 c:/altera/10.1sp1/nios2eds/bin/gnu/h-i686-mingw32/bin/../lib/gcc/nios2-elf/4.1.2\libgcc.a(_gt_df.o)
 .data          0x0000fca4        0x0 c:/altera/10.1sp1/nios2eds/bin/gnu/h-i686-mingw32/bin/../lib/gcc/nios2-elf/4.1.2\libgcc.a(_ge_df.o)
 .data          0x0000fca4        0x0 c:/altera/10.1sp1/nios2eds/bin/gnu/h-i686-mingw32/bin/../lib/gcc/nios2-elf/4.1.2\libgcc.a(_lt_df.o)
 .data          0x0000fca4        0x0 c:/altera/10.1sp1/nios2eds/bin/gnu/h-i686-mingw32/bin/../lib/gcc/nios2-elf/4.1.2\libgcc.a(_si_to_df.o)
 .data          0x0000fca4        0x0 c:/altera/10.1sp1/nios2eds/bin/gnu/h-i686-mingw32/bin/../lib/gcc/nios2-elf/4.1.2\libgcc.a(_df_to_si.o)
 .data          0x0000fca4        0x0 c:/altera/10.1sp1/nios2eds/bin/gnu/h-i686-mingw32/bin/../lib/gcc/nios2-elf/4.1.2\libgcc.a(_thenan_df.o)
 .data          0x0000fca4        0x0 c:/altera/10.1sp1/nios2eds/bin/gnu/h-i686-mingw32/bin/../lib/gcc/nios2-elf/4.1.2\libgcc.a(_usi_to_df.o)
 .data          0x0000fca4        0x0 c:/altera/10.1sp1/nios2eds/bin/gnu/h-i686-mingw32/bin/../lib/gcc/nios2-elf/4.1.2\libgcc.a(lib2-divmod.o)
 .data          0x0000fca4        0x0 c:/altera/10.1sp1/nios2eds/bin/gnu/h-i686-mingw32/bin/../lib/gcc/nios2-elf/4.1.2\libgcc.a(_clz.o)
 .data          0x0000fca4        0x0 c:/altera/10.1sp1/nios2eds/bin/gnu/h-i686-mingw32/bin/../lib/gcc/nios2-elf/4.1.2\libgcc.a(_clzsi2.o)
 .data          0x0000fca4        0x0 c:/altera/10.1sp1/nios2eds/bin/gnu/h-i686-mingw32/bin/../lib/gcc/nios2-elf/4.1.2\libgcc.a(_pack_df.o)
 .data          0x0000fca4        0x0 c:/altera/10.1sp1/nios2eds/bin/gnu/h-i686-mingw32/bin/../lib/gcc/nios2-elf/4.1.2\libgcc.a(_unpack_df.o)
 .data          0x0000fca4        0x0 c:/altera/10.1sp1/nios2eds/bin/gnu/h-i686-mingw32/bin/../lib/gcc/nios2-elf/4.1.2\libgcc.a(_fpcmp_parts_df.o)
 .data          0x0000fca4        0x0 ../DMA_FFTNIOS_bsp\libhal_bsp.a(alt_close.o)
 .data          0x0000fca4        0x0 ../DMA_FFTNIOS_bsp\libhal_bsp.a(alt_dcache_flush_all.o)
 .data          0x0000fca4      0x1a8 ../DMA_FFTNIOS_bsp\libhal_bsp.a(alt_dev.o)
                0x0000fca4                alt_dev_null
                0x0000fccc                alt_fd_list
 .data          0x0000fe4c        0x0 ../DMA_FFTNIOS_bsp\libhal_bsp.a(alt_errno.o)
 .data          0x0000fe4c        0x0 ../DMA_FFTNIOS_bsp\libhal_bsp.a(alt_fstat.o)
 .data          0x0000fe4c        0x0 ../DMA_FFTNIOS_bsp\libhal_bsp.a(alt_isatty.o)
 .data          0x0000fe4c        0x0 ../DMA_FFTNIOS_bsp\libhal_bsp.a(alt_load.o)
 .data          0x0000fe4c        0x0 ../DMA_FFTNIOS_bsp\libhal_bsp.a(alt_lseek.o)
 .data          0x0000fe4c        0x0 ../DMA_FFTNIOS_bsp\libhal_bsp.a(alt_main.o)
 .data          0x0000fe4c        0x0 ../DMA_FFTNIOS_bsp\libhal_bsp.a(alt_malloc_lock.o)
 .data          0x0000fe4c        0x0 ../DMA_FFTNIOS_bsp\libhal_bsp.a(alt_read.o)
 .data          0x0000fe4c        0x0 ../DMA_FFTNIOS_bsp\libhal_bsp.a(alt_release_fd.o)
 .data          0x0000fe4c        0x0 ../DMA_FFTNIOS_bsp\libhal_bsp.a(alt_sbrk.o)
 .data          0x0000fe4c        0x0 ../DMA_FFTNIOS_bsp\libhal_bsp.a(alt_write.o)
 .data          0x0000fe4c     0x11b4 ../DMA_FFTNIOS_bsp\libhal_bsp.a(alt_sys_init.o)
 .data          0x00011000        0x0 ../DMA_FFTNIOS_bsp\libhal_bsp.a(altera_avalon_jtag_uart_fd.o)
 .data          0x00011000        0x0 ../DMA_FFTNIOS_bsp\libhal_bsp.a(altera_avalon_jtag_uart_init.o)
 .data          0x00011000        0x0 ../DMA_FFTNIOS_bsp\libhal_bsp.a(altera_avalon_jtag_uart_ioctl.o)
 .data          0x00011000        0x0 ../DMA_FFTNIOS_bsp\libhal_bsp.a(altera_avalon_jtag_uart_read.o)
 .data          0x00011000        0x0 ../DMA_FFTNIOS_bsp\libhal_bsp.a(altera_avalon_jtag_uart_write.o)
 .data          0x00011000        0x0 ../DMA_FFTNIOS_bsp\libhal_bsp.a(altera_avalon_sgdma.o)
 .data          0x00011000        0x0 ../DMA_FFTNIOS_bsp\libhal_bsp.a(altera_avalon_timer_sc.o)
 .data          0x00011000        0x0 ../DMA_FFTNIOS_bsp\libhal_bsp.a(altera_avalon_uart_fd.o)
 .data          0x00011000        0x0 ../DMA_FFTNIOS_bsp\libhal_bsp.a(altera_avalon_uart_init.o)
 .data          0x00011000        0x0 ../DMA_FFTNIOS_bsp\libhal_bsp.a(altera_avalon_uart_read.o)
 .data          0x00011000        0x0 ../DMA_FFTNIOS_bsp\libhal_bsp.a(altera_avalon_uart_write.o)
 .data          0x00011000        0x0 ../DMA_FFTNIOS_bsp\libhal_bsp.a(alt_alarm_start.o)
 .data          0x00011000        0x0 ../DMA_FFTNIOS_bsp\libhal_bsp.a(alt_dev_llist_insert.o)
 .data          0x00011000        0x0 ../DMA_FFTNIOS_bsp\libhal_bsp.a(alt_do_ctors.o)
 .data          0x00011000        0x0 ../DMA_FFTNIOS_bsp\libhal_bsp.a(alt_do_dtors.o)
 .data          0x00011000        0x0 ../DMA_FFTNIOS_bsp\libhal_bsp.a(alt_find_dev.o)
 .data          0x00011000        0x0 ../DMA_FFTNIOS_bsp\libhal_bsp.a(alt_icache_flush_all.o)
 .data          0x00011000        0x0 ../DMA_FFTNIOS_bsp\libhal_bsp.a(alt_iic.o)
 .data          0x00011000        0x0 ../DMA_FFTNIOS_bsp\libhal_bsp.a(alt_iic_isr_register.o)
 .data          0x00011000        0x0 ../DMA_FFTNIOS_bsp\libhal_bsp.a(alt_io_redirect.o)
 .data          0x00011000        0x0 ../DMA_FFTNIOS_bsp\libhal_bsp.a(alt_irq_entry.o)
 .data          0x00011000        0x0 ../DMA_FFTNIOS_bsp\libhal_bsp.a(alt_irq_handler.o)
 .data          0x00011000        0x0 ../DMA_FFTNIOS_bsp\libhal_bsp.a(alt_irq_vars.o)
 .data          0x00011000        0x0 ../DMA_FFTNIOS_bsp\libhal_bsp.a(alt_open.o)
 .data          0x00011000        0x0 ../DMA_FFTNIOS_bsp\libhal_bsp.a(alt_remap_uncached.o)
 .data          0x00011000        0x0 ../DMA_FFTNIOS_bsp\libhal_bsp.a(alt_tick.o)
 .data          0x00011000        0x0 ../DMA_FFTNIOS_bsp\libhal_bsp.a(altera_nios2_irq.o)
 .data          0x00011000        0x0 ../DMA_FFTNIOS_bsp\libhal_bsp.a(alt_dcache_flush.o)
 .data          0x00011000        0x0 ../DMA_FFTNIOS_bsp\libhal_bsp.a(alt_exception_entry.o)
 .data          0x00011000        0x0 ../DMA_FFTNIOS_bsp\libhal_bsp.a(alt_find_file.o)
 .data          0x00011000        0x0 ../DMA_FFTNIOS_bsp\libhal_bsp.a(alt_get_fd.o)
 .data          0x00011000        0x0 ../DMA_FFTNIOS_bsp\libhal_bsp.a(alt_icache_flush.o)
 .data          0x00011000        0x0 c:/altera/10.1sp1/nios2eds/bin/gnu/h-i686-mingw32/bin/../lib/gcc/nios2-elf/4.1.2/../../../../nios2-elf/lib\libc.a(lib_a-atexit.o)
 .data          0x00011000        0x0 c:/altera/10.1sp1/nios2eds/bin/gnu/h-i686-mingw32/bin/../lib/gcc/nios2-elf/4.1.2/../../../../nios2-elf/lib\libc.a(lib_a-exit.o)
 .data          0x00011000        0x0 c:/altera/10.1sp1/nios2eds/bin/gnu/h-i686-mingw32/bin/../lib/gcc/nios2-elf/4.1.2/../../../../nios2-elf/lib\libc.a(lib_a-memcmp.o)
 .data          0x00011000        0x0 c:/altera/10.1sp1/nios2eds/bin/gnu/h-i686-mingw32/bin/../lib/gcc/nios2-elf/4.1.2/../../../../nios2-elf/lib\libc.a(lib_a-__atexit.o)
 .data          0x00011000        0x0 c:/altera/10.1sp1/nios2eds/bin/gnu/h-i686-mingw32/bin/../lib/gcc/nios2-elf/4.1.2/../../../../nios2-elf/lib\libc.a(lib_a-__call_atexit.o)
 .data          0x00011000        0x0 ../DMA_FFTNIOS_bsp\libhal_bsp.a(alt_exit.o)
                0x00019000                _gp = ABSOLUTE ((. + 0x8000))
                0x00019000                PROVIDE (gp, _gp)
 *(.sdata .sdata.* .gnu.linkonce.s.*)
 .sdata         0x00011000        0x8 c:/altera/10.1sp1/nios2eds/bin/gnu/h-i686-mingw32/bin/../lib/gcc/nios2-elf/4.1.2/../../../../nios2-elf/lib\libc.a(lib_a-impure.o)
                0x00011000                _impure_ptr
                0x00011004                _global_impure_ptr
 .sdata         0x00011008        0x8 c:/altera/10.1sp1/nios2eds/bin/gnu/h-i686-mingw32/bin/../lib/gcc/nios2-elf/4.1.2/../../../../nios2-elf/lib\libc.a(lib_a-mallocr.o)
                0x00011008                __malloc_trim_threshold
                0x0001100c                __malloc_sbrk_base
 .sdata         0x00011010        0x8 c:/altera/10.1sp1/nios2eds/bin/gnu/h-i686-mingw32/bin/../lib/gcc/nios2-elf/4.1.2/../../../../nios2-elf/lib\libc.a(lib_a-locale.o)
                0x00011010                __mb_cur_max
 .sdata         0x00011018       0x14 ../DMA_FFTNIOS_bsp\libhal_bsp.a(alt_dev.o)
                0x00011018                alt_fs_list
                0x00011020                alt_dev_list
                0x00011028                alt_max_fd
 .sdata         0x0001102c        0x4 ../DMA_FFTNIOS_bsp\libhal_bsp.a(alt_errno.o)
                0x0001102c                alt_errno
 .sdata         0x00011030        0x4 ../DMA_FFTNIOS_bsp\libhal_bsp.a(alt_sbrk.o)
 .sdata         0x00011034        0x8 ../DMA_FFTNIOS_bsp\libhal_bsp.a(altera_avalon_sgdma.o)
                0x00011034                alt_sgdma_list
 .sdata         0x0001103c        0x4 ../DMA_FFTNIOS_bsp\libhal_bsp.a(alt_irq_vars.o)
                0x0001103c                alt_priority_mask
 .sdata         0x00011040        0x8 ../DMA_FFTNIOS_bsp\libhal_bsp.a(alt_tick.o)
                0x00011040                alt_alarm_list
 *(.sdata2 .sdata2.* .gnu.linkonce.s2.*)
                0x00011048                . = ALIGN (0x4)
                0x00011048                _edata = ABSOLUTE (.)
                0x00011048                PROVIDE (edata, ABSOLUTE (.))
                0x00011048                PROVIDE (__ram_rwdata_end, ABSOLUTE (.))
                0x00011048                PROVIDE (__flash_rwdata_start, LOADADDR (.rwdata))

.bss            0x00012c00      0x2f0
                0x00012c00                __bss_start = ABSOLUTE (.)
                0x00012c00                PROVIDE (__sbss_start, ABSOLUTE (.))
                0x00012c00                PROVIDE (___sbss_start, ABSOLUTE (.))
 *(.dynsbss)
 *(.sbss .sbss.* .gnu.linkonce.sb.*)
 .sbss          0x00012c00        0x2 obj/main.o
                0x00012c00                tx_done
                0x00012c01                rx_done
 *fill*         0x00012c02        0x2 00
 .sbss          0x00012c04        0xc c:/altera/10.1sp1/nios2eds/bin/gnu/h-i686-mingw32/bin/../lib/gcc/nios2-elf/4.1.2/../../../../nios2-elf/lib\libc.a(lib_a-mallocr.o)
                0x00012c04                __malloc_top_pad
                0x00012c08                __malloc_max_sbrked_mem
                0x00012c0c                __malloc_max_total_mem
 .sbss          0x00012c10        0x4 c:/altera/10.1sp1/nios2eds/bin/gnu/h-i686-mingw32/bin/../lib/gcc/nios2-elf/4.1.2/../../../../nios2-elf/lib\libc.a(lib_a-int_errno.o)
                0x00012c10                errno
 .sbss          0x00012c14        0xc c:/altera/10.1sp1/nios2eds/bin/gnu/h-i686-mingw32/bin/../lib/gcc/nios2-elf/4.1.2/../../../../nios2-elf/lib\libc.a(lib_a-locale.o)
                0x00012c14                __nlocale_changed
                0x00012c18                __mlocale_changed
                0x00012c1c                _PathLocale
 .sbss          0x00012c20        0xc ../DMA_FFTNIOS_bsp\libhal_bsp.a(alt_main.o)
                0x00012c20                alt_argc
                0x00012c24                alt_argv
                0x00012c28                alt_envp
 .sbss          0x00012c2c        0x4 ../DMA_FFTNIOS_bsp\libhal_bsp.a(alt_irq_vars.o)
                0x00012c2c                alt_irq_active
 .sbss          0x00012c30        0x8 ../DMA_FFTNIOS_bsp\libhal_bsp.a(alt_tick.o)
                0x00012c30                _alt_tick_rate
                0x00012c34                _alt_nticks
 *(.sbss2 .sbss2.* .gnu.linkonce.sb2.*)
 *(.scommon)
                0x00012c38                PROVIDE (__sbss_end, ABSOLUTE (.))
                0x00012c38                PROVIDE (___sbss_end, ABSOLUTE (.))
 *(.dynbss)
 *(.bss .bss.* .gnu.linkonce.b.*)
 .bss           0x00012c38        0x0 ../DMA_FFTNIOS_bsp/obj/HAL/src/crt0.o
 .bss           0x00012c38        0x0 obj/create_test_data.o
 .bss           0x00012c38        0x0 obj/descriptor_allocation.o
 .bss           0x00012c38        0x0 obj/main.o
 .bss           0x00012c38        0x0 obj/validate_results.o
 .bss           0x00012c38        0x0 c:/altera/10.1sp1/nios2eds/bin/gnu/h-i686-mingw32/bin/../lib/gcc/nios2-elf/4.1.2/../../../../nios2-elf/lib\libc.a(lib_a-getc.o)
 .bss           0x00012c38        0x0 c:/altera/10.1sp1/nios2eds/bin/gnu/h-i686-mingw32/bin/../lib/gcc/nios2-elf/4.1.2/../../../../nios2-elf/lib\libc.a(lib_a-impure.o)
 .bss           0x00012c38        0x0 c:/altera/10.1sp1/nios2eds/bin/gnu/h-i686-mingw32/bin/../lib/gcc/nios2-elf/4.1.2/../../../../nios2-elf/lib\libc.a(lib_a-malloc.o)
 .bss           0x00012c38       0x28 c:/altera/10.1sp1/nios2eds/bin/gnu/h-i686-mingw32/bin/../lib/gcc/nios2-elf/4.1.2/../../../../nios2-elf/lib\libc.a(lib_a-mallocr.o)
                0x00012c38                __malloc_current_mallinfo
 .bss           0x00012c60        0x0 c:/altera/10.1sp1/nios2eds/bin/gnu/h-i686-mingw32/bin/../lib/gcc/nios2-elf/4.1.2/../../../../nios2-elf/lib\libc.a(lib_a-printf.o)
 .bss           0x00012c60        0x0 c:/altera/10.1sp1/nios2eds/bin/gnu/h-i686-mingw32/bin/../lib/gcc/nios2-elf/4.1.2/../../../../nios2-elf/lib\libc.a(lib_a-puts.o)
 .bss           0x00012c60        0x0 c:/altera/10.1sp1/nios2eds/bin/gnu/h-i686-mingw32/bin/../lib/gcc/nios2-elf/4.1.2/../../../../nios2-elf/lib\libc.a(lib_a-rand.o)
 .bss           0x00012c60        0x0 c:/altera/10.1sp1/nios2eds/bin/gnu/h-i686-mingw32/bin/../lib/gcc/nios2-elf/4.1.2/../../../../nios2-elf/lib\libc.a(lib_a-rget.o)
 .bss           0x00012c60        0x0 c:/altera/10.1sp1/nios2eds/bin/gnu/h-i686-mingw32/bin/../lib/gcc/nios2-elf/4.1.2/../../../../nios2-elf/lib\libc.a(lib_a-sbrkr.o)
 .bss           0x00012c60        0x0 c:/altera/10.1sp1/nios2eds/bin/gnu/h-i686-mingw32/bin/../lib/gcc/nios2-elf/4.1.2/../../../../nios2-elf/lib\libc.a(lib_a-strlen.o)
 .bss           0x00012c60        0x0 c:/altera/10.1sp1/nios2eds/bin/gnu/h-i686-mingw32/bin/../lib/gcc/nios2-elf/4.1.2/../../../../nios2-elf/lib\libc.a(lib_a-vfprintf.o)
 .bss           0x00012c60        0x0 c:/altera/10.1sp1/nios2eds/bin/gnu/h-i686-mingw32/bin/../lib/gcc/nios2-elf/4.1.2/../../../../nios2-elf/lib\libc.a(lib_a-wsetup.o)
 .bss           0x00012c60        0x0 c:/altera/10.1sp1/nios2eds/bin/gnu/h-i686-mingw32/bin/../lib/gcc/nios2-elf/4.1.2/../../../../nios2-elf/lib\libc.a(lib_a-dtoa.o)
 .bss           0x00012c60        0x0 c:/altera/10.1sp1/nios2eds/bin/gnu/h-i686-mingw32/bin/../lib/gcc/nios2-elf/4.1.2/../../../../nios2-elf/lib\libc.a(lib_a-fflush.o)
 .bss           0x00012c60        0x0 c:/altera/10.1sp1/nios2eds/bin/gnu/h-i686-mingw32/bin/../lib/gcc/nios2-elf/4.1.2/../../../../nios2-elf/lib\libc.a(lib_a-findfp.o)
 .bss           0x00012c60        0x0 c:/altera/10.1sp1/nios2eds/bin/gnu/h-i686-mingw32/bin/../lib/gcc/nios2-elf/4.1.2/../../../../nios2-elf/lib\libc.a(lib_a-freer.o)
 .bss           0x00012c60        0x0 c:/altera/10.1sp1/nios2eds/bin/gnu/h-i686-mingw32/bin/../lib/gcc/nios2-elf/4.1.2/../../../../nios2-elf/lib\libc.a(lib_a-fvwrite.o)
 .bss           0x00012c60        0x0 c:/altera/10.1sp1/nios2eds/bin/gnu/h-i686-mingw32/bin/../lib/gcc/nios2-elf/4.1.2/../../../../nios2-elf/lib\libc.a(lib_a-fwalk.o)
 .bss           0x00012c60        0x0 c:/altera/10.1sp1/nios2eds/bin/gnu/h-i686-mingw32/bin/../lib/gcc/nios2-elf/4.1.2/../../../../nios2-elf/lib\libc.a(lib_a-int_errno.o)
 .bss           0x00012c60        0x0 c:/altera/10.1sp1/nios2eds/bin/gnu/h-i686-mingw32/bin/../lib/gcc/nios2-elf/4.1.2/../../../../nios2-elf/lib\libc.a(lib_a-locale.o)
 .bss           0x00012c60        0x0 c:/altera/10.1sp1/nios2eds/bin/gnu/h-i686-mingw32/bin/../lib/gcc/nios2-elf/4.1.2/../../../../nios2-elf/lib\libc.a(lib_a-makebuf.o)
 .bss           0x00012c60        0x0 c:/altera/10.1sp1/nios2eds/bin/gnu/h-i686-mingw32/bin/../lib/gcc/nios2-elf/4.1.2/../../../../nios2-elf/lib\libc.a(lib_a-memchr.o)
 .bss           0x00012c60        0x0 c:/altera/10.1sp1/nios2eds/bin/gnu/h-i686-mingw32/bin/../lib/gcc/nios2-elf/4.1.2/../../../../nios2-elf/lib\libc.a(lib_a-memcpy.o)
 .bss           0x00012c60        0x0 c:/altera/10.1sp1/nios2eds/bin/gnu/h-i686-mingw32/bin/../lib/gcc/nios2-elf/4.1.2/../../../../nios2-elf/lib\libc.a(lib_a-memmove.o)
 .bss           0x00012c60        0x0 c:/altera/10.1sp1/nios2eds/bin/gnu/h-i686-mingw32/bin/../lib/gcc/nios2-elf/4.1.2/../../../../nios2-elf/lib\libc.a(lib_a-memset.o)
 .bss           0x00012c60        0x0 c:/altera/10.1sp1/nios2eds/bin/gnu/h-i686-mingw32/bin/../lib/gcc/nios2-elf/4.1.2/../../../../nios2-elf/lib\libc.a(lib_a-mprec.o)
 .bss           0x00012c60        0x0 c:/altera/10.1sp1/nios2eds/bin/gnu/h-i686-mingw32/bin/../lib/gcc/nios2-elf/4.1.2/../../../../nios2-elf/lib\libc.a(lib_a-reallocr.o)
 .bss           0x00012c60        0x0 c:/altera/10.1sp1/nios2eds/bin/gnu/h-i686-mingw32/bin/../lib/gcc/nios2-elf/4.1.2/../../../../nios2-elf/lib\libc.a(lib_a-refill.o)
 .bss           0x00012c60        0x0 c:/altera/10.1sp1/nios2eds/bin/gnu/h-i686-mingw32/bin/../lib/gcc/nios2-elf/4.1.2/../../../../nios2-elf/lib\libc.a(lib_a-s_isinfd.o)
 .bss           0x00012c60        0x0 c:/altera/10.1sp1/nios2eds/bin/gnu/h-i686-mingw32/bin/../lib/gcc/nios2-elf/4.1.2/../../../../nios2-elf/lib\libc.a(lib_a-s_isnand.o)
 .bss           0x00012c60        0x0 c:/altera/10.1sp1/nios2eds/bin/gnu/h-i686-mingw32/bin/../lib/gcc/nios2-elf/4.1.2/../../../../nios2-elf/lib\libc.a(lib_a-stdio.o)
 .bss           0x00012c60        0x0 c:/altera/10.1sp1/nios2eds/bin/gnu/h-i686-mingw32/bin/../lib/gcc/nios2-elf/4.1.2/../../../../nios2-elf/lib\libc.a(lib_a-strcmp.o)
 .bss           0x00012c60        0x0 c:/altera/10.1sp1/nios2eds/bin/gnu/h-i686-mingw32/bin/../lib/gcc/nios2-elf/4.1.2/../../../../nios2-elf/lib\libc.a(lib_a-writer.o)
 .bss           0x00012c60        0x0 c:/altera/10.1sp1/nios2eds/bin/gnu/h-i686-mingw32/bin/../lib/gcc/nios2-elf/4.1.2/../../../../nios2-elf/lib\libc.a(lib_a-callocr.o)
 .bss           0x00012c60        0x0 c:/altera/10.1sp1/nios2eds/bin/gnu/h-i686-mingw32/bin/../lib/gcc/nios2-elf/4.1.2/../../../../nios2-elf/lib\libc.a(lib_a-closer.o)
 .bss           0x00012c60        0x0 c:/altera/10.1sp1/nios2eds/bin/gnu/h-i686-mingw32/bin/../lib/gcc/nios2-elf/4.1.2/../../../../nios2-elf/lib\libc.a(lib_a-fclose.o)
 .bss           0x00012c60        0x0 c:/altera/10.1sp1/nios2eds/bin/gnu/h-i686-mingw32/bin/../lib/gcc/nios2-elf/4.1.2/../../../../nios2-elf/lib\libc.a(lib_a-fstatr.o)
 .bss           0x00012c60        0x0 c:/altera/10.1sp1/nios2eds/bin/gnu/h-i686-mingw32/bin/../lib/gcc/nios2-elf/4.1.2/../../../../nios2-elf/lib\libc.a(lib_a-isattyr.o)
 .bss           0x00012c60        0x0 c:/altera/10.1sp1/nios2eds/bin/gnu/h-i686-mingw32/bin/../lib/gcc/nios2-elf/4.1.2/../../../../nios2-elf/lib\libc.a(lib_a-lseekr.o)
 .bss           0x00012c60        0x0 c:/altera/10.1sp1/nios2eds/bin/gnu/h-i686-mingw32/bin/../lib/gcc/nios2-elf/4.1.2/../../../../nios2-elf/lib\libc.a(lib_a-readr.o)
 .bss           0x00012c60        0x0 c:/altera/10.1sp1/nios2eds/bin/gnu/h-i686-mingw32/bin/../lib/gcc/nios2-elf/4.1.2\libgcc.a(_muldi3.o)
 .bss           0x00012c60        0x0 c:/altera/10.1sp1/nios2eds/bin/gnu/h-i686-mingw32/bin/../lib/gcc/nios2-elf/4.1.2\libgcc.a(_udivdi3.o)
 .bss           0x00012c60        0x0 c:/altera/10.1sp1/nios2eds/bin/gnu/h-i686-mingw32/bin/../lib/gcc/nios2-elf/4.1.2\libgcc.a(_umoddi3.o)
 .bss           0x00012c60        0x0 c:/altera/10.1sp1/nios2eds/bin/gnu/h-i686-mingw32/bin/../lib/gcc/nios2-elf/4.1.2\libgcc.a(_addsub_df.o)
 .bss           0x00012c60        0x0 c:/altera/10.1sp1/nios2eds/bin/gnu/h-i686-mingw32/bin/../lib/gcc/nios2-elf/4.1.2\libgcc.a(_mul_df.o)
 .bss           0x00012c60        0x0 c:/altera/10.1sp1/nios2eds/bin/gnu/h-i686-mingw32/bin/../lib/gcc/nios2-elf/4.1.2\libgcc.a(_div_df.o)
 .bss           0x00012c60        0x0 c:/altera/10.1sp1/nios2eds/bin/gnu/h-i686-mingw32/bin/../lib/gcc/nios2-elf/4.1.2\libgcc.a(_eq_df.o)
 .bss           0x00012c60        0x0 c:/altera/10.1sp1/nios2eds/bin/gnu/h-i686-mingw32/bin/../lib/gcc/nios2-elf/4.1.2\libgcc.a(_ne_df.o)
 .bss           0x00012c60        0x0 c:/altera/10.1sp1/nios2eds/bin/gnu/h-i686-mingw32/bin/../lib/gcc/nios2-elf/4.1.2\libgcc.a(_gt_df.o)
 .bss           0x00012c60        0x0 c:/altera/10.1sp1/nios2eds/bin/gnu/h-i686-mingw32/bin/../lib/gcc/nios2-elf/4.1.2\libgcc.a(_ge_df.o)
 .bss           0x00012c60        0x0 c:/altera/10.1sp1/nios2eds/bin/gnu/h-i686-mingw32/bin/../lib/gcc/nios2-elf/4.1.2\libgcc.a(_lt_df.o)
 .bss           0x00012c60        0x0 c:/altera/10.1sp1/nios2eds/bin/gnu/h-i686-mingw32/bin/../lib/gcc/nios2-elf/4.1.2\libgcc.a(_si_to_df.o)
 .bss           0x00012c60        0x0 c:/altera/10.1sp1/nios2eds/bin/gnu/h-i686-mingw32/bin/../lib/gcc/nios2-elf/4.1.2\libgcc.a(_df_to_si.o)
 .bss           0x00012c60        0x0 c:/altera/10.1sp1/nios2eds/bin/gnu/h-i686-mingw32/bin/../lib/gcc/nios2-elf/4.1.2\libgcc.a(_thenan_df.o)
 .bss           0x00012c60        0x0 c:/altera/10.1sp1/nios2eds/bin/gnu/h-i686-mingw32/bin/../lib/gcc/nios2-elf/4.1.2\libgcc.a(_usi_to_df.o)
 .bss           0x00012c60        0x0 c:/altera/10.1sp1/nios2eds/bin/gnu/h-i686-mingw32/bin/../lib/gcc/nios2-elf/4.1.2\libgcc.a(lib2-divmod.o)
 .bss           0x00012c60        0x0 c:/altera/10.1sp1/nios2eds/bin/gnu/h-i686-mingw32/bin/../lib/gcc/nios2-elf/4.1.2\libgcc.a(_clz.o)
 .bss           0x00012c60        0x0 c:/altera/10.1sp1/nios2eds/bin/gnu/h-i686-mingw32/bin/../lib/gcc/nios2-elf/4.1.2\libgcc.a(_clzsi2.o)
 .bss           0x00012c60        0x0 c:/altera/10.1sp1/nios2eds/bin/gnu/h-i686-mingw32/bin/../lib/gcc/nios2-elf/4.1.2\libgcc.a(_pack_df.o)
 .bss           0x00012c60        0x0 c:/altera/10.1sp1/nios2eds/bin/gnu/h-i686-mingw32/bin/../lib/gcc/nios2-elf/4.1.2\libgcc.a(_unpack_df.o)
 .bss           0x00012c60        0x0 c:/altera/10.1sp1/nios2eds/bin/gnu/h-i686-mingw32/bin/../lib/gcc/nios2-elf/4.1.2\libgcc.a(_fpcmp_parts_df.o)
 .bss           0x00012c60        0x0 ../DMA_FFTNIOS_bsp\libhal_bsp.a(alt_close.o)
 .bss           0x00012c60        0x0 ../DMA_FFTNIOS_bsp\libhal_bsp.a(alt_dcache_flush_all.o)
 .bss           0x00012c60        0x0 ../DMA_FFTNIOS_bsp\libhal_bsp.a(alt_dev.o)
 .bss           0x00012c60        0x0 ../DMA_FFTNIOS_bsp\libhal_bsp.a(alt_errno.o)
 .bss           0x00012c60        0x0 ../DMA_FFTNIOS_bsp\libhal_bsp.a(alt_fstat.o)
 .bss           0x00012c60        0x0 ../DMA_FFTNIOS_bsp\libhal_bsp.a(alt_isatty.o)
 .bss           0x00012c60        0x0 ../DMA_FFTNIOS_bsp\libhal_bsp.a(alt_load.o)
 .bss           0x00012c60        0x0 ../DMA_FFTNIOS_bsp\libhal_bsp.a(alt_lseek.o)
 .bss           0x00012c60        0x0 ../DMA_FFTNIOS_bsp\libhal_bsp.a(alt_main.o)
 .bss           0x00012c60        0x0 ../DMA_FFTNIOS_bsp\libhal_bsp.a(alt_malloc_lock.o)
 .bss           0x00012c60        0x0 ../DMA_FFTNIOS_bsp\libhal_bsp.a(alt_read.o)
 .bss           0x00012c60        0x0 ../DMA_FFTNIOS_bsp\libhal_bsp.a(alt_release_fd.o)
 .bss           0x00012c60        0x0 ../DMA_FFTNIOS_bsp\libhal_bsp.a(alt_sbrk.o)
 .bss           0x00012c60        0x0 ../DMA_FFTNIOS_bsp\libhal_bsp.a(alt_write.o)
 .bss           0x00012c60        0x0 ../DMA_FFTNIOS_bsp\libhal_bsp.a(alt_sys_init.o)
 .bss           0x00012c60        0x0 ../DMA_FFTNIOS_bsp\libhal_bsp.a(altera_avalon_jtag_uart_fd.o)
 .bss           0x00012c60        0x0 ../DMA_FFTNIOS_bsp\libhal_bsp.a(altera_avalon_jtag_uart_init.o)
 .bss           0x00012c60        0x0 ../DMA_FFTNIOS_bsp\libhal_bsp.a(altera_avalon_jtag_uart_ioctl.o)
 .bss           0x00012c60        0x0 ../DMA_FFTNIOS_bsp\libhal_bsp.a(altera_avalon_jtag_uart_read.o)
 .bss           0x00012c60        0x0 ../DMA_FFTNIOS_bsp\libhal_bsp.a(altera_avalon_jtag_uart_write.o)
 .bss           0x00012c60        0x0 ../DMA_FFTNIOS_bsp\libhal_bsp.a(altera_avalon_sgdma.o)
 .bss           0x00012c60        0x0 ../DMA_FFTNIOS_bsp\libhal_bsp.a(altera_avalon_timer_sc.o)
 .bss           0x00012c60        0x0 ../DMA_FFTNIOS_bsp\libhal_bsp.a(altera_avalon_uart_fd.o)
 .bss           0x00012c60        0x0 ../DMA_FFTNIOS_bsp\libhal_bsp.a(altera_avalon_uart_init.o)
 .bss           0x00012c60        0x0 ../DMA_FFTNIOS_bsp\libhal_bsp.a(altera_avalon_uart_read.o)
 .bss           0x00012c60        0x0 ../DMA_FFTNIOS_bsp\libhal_bsp.a(altera_avalon_uart_write.o)
 .bss           0x00012c60        0x0 ../DMA_FFTNIOS_bsp\libhal_bsp.a(alt_alarm_start.o)
 .bss           0x00012c60        0x0 ../DMA_FFTNIOS_bsp\libhal_bsp.a(alt_dev_llist_insert.o)
 .bss           0x00012c60        0x0 ../DMA_FFTNIOS_bsp\libhal_bsp.a(alt_do_ctors.o)
 .bss           0x00012c60        0x0 ../DMA_FFTNIOS_bsp\libhal_bsp.a(alt_do_dtors.o)
 .bss           0x00012c60        0x0 ../DMA_FFTNIOS_bsp\libhal_bsp.a(alt_find_dev.o)
 .bss           0x00012c60        0x0 ../DMA_FFTNIOS_bsp\libhal_bsp.a(alt_icache_flush_all.o)
 .bss           0x00012c60        0x0 ../DMA_FFTNIOS_bsp\libhal_bsp.a(alt_iic.o)
 .bss           0x00012c60        0x0 ../DMA_FFTNIOS_bsp\libhal_bsp.a(alt_iic_isr_register.o)
 .bss           0x00012c60        0x0 ../DMA_FFTNIOS_bsp\libhal_bsp.a(alt_io_redirect.o)
 .bss           0x00012c60        0x0 ../DMA_FFTNIOS_bsp\libhal_bsp.a(alt_irq_entry.o)
 .bss           0x00012c60        0x0 ../DMA_FFTNIOS_bsp\libhal_bsp.a(alt_irq_handler.o)
 .bss           0x00012c60        0x0 ../DMA_FFTNIOS_bsp\libhal_bsp.a(alt_irq_vars.o)
 .bss           0x00012c60        0x0 ../DMA_FFTNIOS_bsp\libhal_bsp.a(alt_open.o)
 .bss           0x00012c60        0x0 ../DMA_FFTNIOS_bsp\libhal_bsp.a(alt_remap_uncached.o)
 .bss           0x00012c60        0x0 ../DMA_FFTNIOS_bsp\libhal_bsp.a(alt_tick.o)
 .bss           0x00012c60        0x0 ../DMA_FFTNIOS_bsp\libhal_bsp.a(altera_nios2_irq.o)
 .bss           0x00012c60        0x0 ../DMA_FFTNIOS_bsp\libhal_bsp.a(alt_dcache_flush.o)
 .bss           0x00012c60        0x0 ../DMA_FFTNIOS_bsp\libhal_bsp.a(alt_exception_entry.o)
 .bss           0x00012c60        0x0 ../DMA_FFTNIOS_bsp\libhal_bsp.a(alt_find_file.o)
 .bss           0x00012c60        0x0 ../DMA_FFTNIOS_bsp\libhal_bsp.a(alt_get_fd.o)
 .bss           0x00012c60        0x0 ../DMA_FFTNIOS_bsp\libhal_bsp.a(alt_icache_flush.o)
 .bss           0x00012c60        0x0 c:/altera/10.1sp1/nios2eds/bin/gnu/h-i686-mingw32/bin/../lib/gcc/nios2-elf/4.1.2/../../../../nios2-elf/lib\libc.a(lib_a-atexit.o)
 .bss           0x00012c60        0x0 c:/altera/10.1sp1/nios2eds/bin/gnu/h-i686-mingw32/bin/../lib/gcc/nios2-elf/4.1.2/../../../../nios2-elf/lib\libc.a(lib_a-exit.o)
 .bss           0x00012c60        0x0 c:/altera/10.1sp1/nios2eds/bin/gnu/h-i686-mingw32/bin/../lib/gcc/nios2-elf/4.1.2/../../../../nios2-elf/lib\libc.a(lib_a-memcmp.o)
 .bss           0x00012c60        0x0 c:/altera/10.1sp1/nios2eds/bin/gnu/h-i686-mingw32/bin/../lib/gcc/nios2-elf/4.1.2/../../../../nios2-elf/lib\libc.a(lib_a-__atexit.o)
 .bss           0x00012c60        0x0 c:/altera/10.1sp1/nios2eds/bin/gnu/h-i686-mingw32/bin/../lib/gcc/nios2-elf/4.1.2/../../../../nios2-elf/lib\libc.a(lib_a-__call_atexit.o)
 .bss           0x00012c60        0x0 ../DMA_FFTNIOS_bsp\libhal_bsp.a(alt_exit.o)
 *(COMMON)
 COMMON         0x00012c60      0x100 ../DMA_FFTNIOS_bsp\libhal_bsp.a(alt_irq_handler.o)
                0x00012c60                alt_irq
 COMMON         0x00012d60      0x190 c:/altera/10.1sp1/nios2eds/bin/gnu/h-i686-mingw32/bin/../lib/gcc/nios2-elf/4.1.2/../../../../nios2-elf/lib\libc.a(lib_a-atexit.o)
                0x00012d60                _atexit0
                0x00012ef0                . = ALIGN (0x4)
                0x00012ef0                __bss_end = ABSOLUTE (.)

.sdram          0x00012ef0        0x0
                0x00012ef0                PROVIDE (_alt_partition_sdram_start, ABSOLUTE (.))
 *(.sdram. sdram.*)
                0x00012ef0                . = ALIGN (0x4)
                0x00012ef0                PROVIDE (_alt_partition_sdram_end, ABSOLUTE (.))
                0x00012ef0                _end = ABSOLUTE (.)
                0x00012ef0                end = ABSOLUTE (.)
                0x00012ef0                __alt_stack_base = ABSOLUTE (.)
                0x00012ef0                PROVIDE (_alt_partition_sdram_load_addr, LOADADDR (.sdram))

.stab
 *(.stab)

.stabstr
 *(.stabstr)

.stab.excl
 *(.stab.excl)

.stab.exclstr
 *(.stab.exclstr)

.stab.index
 *(.stab.index)

.stab.indexstr
 *(.stab.indexstr)

.comment        0x00000000       0x23
 *(.comment)
 .comment       0x00000000       0x23 obj/create_test_data.o
                                 0x24 (size before relaxing)
 .comment       0x00000000       0x24 obj/descriptor_allocation.o
 .comment       0x00000000       0x24 obj/main.o
 .comment       0x00000000       0x24 obj/validate_results.o
 .comment       0x00000000       0x24 c:/altera/10.1sp1/nios2eds/bin/gnu/h-i686-mingw32/bin/../lib/gcc/nios2-elf/4.1.2/../../../../nios2-elf/lib\libc.a(lib_a-getc.o)
 .comment       0x00000000       0x24 c:/altera/10.1sp1/nios2eds/bin/gnu/h-i686-mingw32/bin/../lib/gcc/nios2-elf/4.1.2/../../../../nios2-elf/lib\libc.a(lib_a-impure.o)
 .comment       0x00000000       0x24 c:/altera/10.1sp1/nios2eds/bin/gnu/h-i686-mingw32/bin/../lib/gcc/nios2-elf/4.1.2/../../../../nios2-elf/lib\libc.a(lib_a-malloc.o)
 .comment       0x00000000       0x24 c:/altera/10.1sp1/nios2eds/bin/gnu/h-i686-mingw32/bin/../lib/gcc/nios2-elf/4.1.2/../../../../nios2-elf/lib\libc.a(lib_a-mallocr.o)
 .comment       0x00000000       0x24 c:/altera/10.1sp1/nios2eds/bin/gnu/h-i686-mingw32/bin/../lib/gcc/nios2-elf/4.1.2/../../../../nios2-elf/lib\libc.a(lib_a-printf.o)
 .comment       0x00000000       0x24 c:/altera/10.1sp1/nios2eds/bin/gnu/h-i686-mingw32/bin/../lib/gcc/nios2-elf/4.1.2/../../../../nios2-elf/lib\libc.a(lib_a-puts.o)
 .comment       0x00000000       0x24 c:/altera/10.1sp1/nios2eds/bin/gnu/h-i686-mingw32/bin/../lib/gcc/nios2-elf/4.1.2/../../../../nios2-elf/lib\libc.a(lib_a-rand.o)
 .comment       0x00000000       0x24 c:/altera/10.1sp1/nios2eds/bin/gnu/h-i686-mingw32/bin/../lib/gcc/nios2-elf/4.1.2/../../../../nios2-elf/lib\libc.a(lib_a-rget.o)
 .comment       0x00000000       0x24 c:/altera/10.1sp1/nios2eds/bin/gnu/h-i686-mingw32/bin/../lib/gcc/nios2-elf/4.1.2/../../../../nios2-elf/lib\libc.a(lib_a-sbrkr.o)
 .comment       0x00000000       0x24 c:/altera/10.1sp1/nios2eds/bin/gnu/h-i686-mingw32/bin/../lib/gcc/nios2-elf/4.1.2/../../../../nios2-elf/lib\libc.a(lib_a-strlen.o)
 .comment       0x00000000       0x24 c:/altera/10.1sp1/nios2eds/bin/gnu/h-i686-mingw32/bin/../lib/gcc/nios2-elf/4.1.2/../../../../nios2-elf/lib\libc.a(lib_a-vfprintf.o)
 .comment       0x00000000       0x24 c:/altera/10.1sp1/nios2eds/bin/gnu/h-i686-mingw32/bin/../lib/gcc/nios2-elf/4.1.2/../../../../nios2-elf/lib\libc.a(lib_a-wsetup.o)
 .comment       0x00000000       0x24 c:/altera/10.1sp1/nios2eds/bin/gnu/h-i686-mingw32/bin/../lib/gcc/nios2-elf/4.1.2/../../../../nios2-elf/lib\libc.a(lib_a-dtoa.o)
 .comment       0x00000000       0x24 c:/altera/10.1sp1/nios2eds/bin/gnu/h-i686-mingw32/bin/../lib/gcc/nios2-elf/4.1.2/../../../../nios2-elf/lib\libc.a(lib_a-fflush.o)
 .comment       0x00000000       0x24 c:/altera/10.1sp1/nios2eds/bin/gnu/h-i686-mingw32/bin/../lib/gcc/nios2-elf/4.1.2/../../../../nios2-elf/lib\libc.a(lib_a-findfp.o)
 .comment       0x00000000       0x24 c:/altera/10.1sp1/nios2eds/bin/gnu/h-i686-mingw32/bin/../lib/gcc/nios2-elf/4.1.2/../../../../nios2-elf/lib\libc.a(lib_a-freer.o)
 .comment       0x00000000       0x24 c:/altera/10.1sp1/nios2eds/bin/gnu/h-i686-mingw32/bin/../lib/gcc/nios2-elf/4.1.2/../../../../nios2-elf/lib\libc.a(lib_a-fvwrite.o)
 .comment       0x00000000       0x24 c:/altera/10.1sp1/nios2eds/bin/gnu/h-i686-mingw32/bin/../lib/gcc/nios2-elf/4.1.2/../../../../nios2-elf/lib\libc.a(lib_a-fwalk.o)
 .comment       0x00000000       0x24 c:/altera/10.1sp1/nios2eds/bin/gnu/h-i686-mingw32/bin/../lib/gcc/nios2-elf/4.1.2/../../../../nios2-elf/lib\libc.a(lib_a-int_errno.o)
 .comment       0x00000000       0x24 c:/altera/10.1sp1/nios2eds/bin/gnu/h-i686-mingw32/bin/../lib/gcc/nios2-elf/4.1.2/../../../../nios2-elf/lib\libc.a(lib_a-locale.o)
 .comment       0x00000000       0x24 c:/altera/10.1sp1/nios2eds/bin/gnu/h-i686-mingw32/bin/../lib/gcc/nios2-elf/4.1.2/../../../../nios2-elf/lib\libc.a(lib_a-makebuf.o)
 .comment       0x00000000       0x24 c:/altera/10.1sp1/nios2eds/bin/gnu/h-i686-mingw32/bin/../lib/gcc/nios2-elf/4.1.2/../../../../nios2-elf/lib\libc.a(lib_a-memchr.o)
 .comment       0x00000000       0x24 c:/altera/10.1sp1/nios2eds/bin/gnu/h-i686-mingw32/bin/../lib/gcc/nios2-elf/4.1.2/../../../../nios2-elf/lib\libc.a(lib_a-memcpy.o)
 .comment       0x00000000       0x24 c:/altera/10.1sp1/nios2eds/bin/gnu/h-i686-mingw32/bin/../lib/gcc/nios2-elf/4.1.2/../../../../nios2-elf/lib\libc.a(lib_a-memmove.o)
 .comment       0x00000000       0x24 c:/altera/10.1sp1/nios2eds/bin/gnu/h-i686-mingw32/bin/../lib/gcc/nios2-elf/4.1.2/../../../../nios2-elf/lib\libc.a(lib_a-memset.o)
 .comment       0x00000000       0x24 c:/altera/10.1sp1/nios2eds/bin/gnu/h-i686-mingw32/bin/../lib/gcc/nios2-elf/4.1.2/../../../../nios2-elf/lib\libc.a(lib_a-mprec.o)
 .comment       0x00000000       0x24 c:/altera/10.1sp1/nios2eds/bin/gnu/h-i686-mingw32/bin/../lib/gcc/nios2-elf/4.1.2/../../../../nios2-elf/lib\libc.a(lib_a-reallocr.o)
 .comment       0x00000000       0x24 c:/altera/10.1sp1/nios2eds/bin/gnu/h-i686-mingw32/bin/../lib/gcc/nios2-elf/4.1.2/../../../../nios2-elf/lib\libc.a(lib_a-refill.o)
 .comment       0x00000000       0x24 c:/altera/10.1sp1/nios2eds/bin/gnu/h-i686-mingw32/bin/../lib/gcc/nios2-elf/4.1.2/../../../../nios2-elf/lib\libc.a(lib_a-s_isinfd.o)
 .comment       0x00000000       0x24 c:/altera/10.1sp1/nios2eds/bin/gnu/h-i686-mingw32/bin/../lib/gcc/nios2-elf/4.1.2/../../../../nios2-elf/lib\libc.a(lib_a-s_isnand.o)
 .comment       0x00000000       0x24 c:/altera/10.1sp1/nios2eds/bin/gnu/h-i686-mingw32/bin/../lib/gcc/nios2-elf/4.1.2/../../../../nios2-elf/lib\libc.a(lib_a-stdio.o)
 .comment       0x00000000       0x24 c:/altera/10.1sp1/nios2eds/bin/gnu/h-i686-mingw32/bin/../lib/gcc/nios2-elf/4.1.2/../../../../nios2-elf/lib\libc.a(lib_a-strcmp.o)
 .comment       0x00000000       0x24 c:/altera/10.1sp1/nios2eds/bin/gnu/h-i686-mingw32/bin/../lib/gcc/nios2-elf/4.1.2/../../../../nios2-elf/lib\libc.a(lib_a-writer.o)
 .comment       0x00000000       0x24 c:/altera/10.1sp1/nios2eds/bin/gnu/h-i686-mingw32/bin/../lib/gcc/nios2-elf/4.1.2/../../../../nios2-elf/lib\libc.a(lib_a-callocr.o)
 .comment       0x00000000       0x24 c:/altera/10.1sp1/nios2eds/bin/gnu/h-i686-mingw32/bin/../lib/gcc/nios2-elf/4.1.2/../../../../nios2-elf/lib\libc.a(lib_a-closer.o)
 .comment       0x00000000       0x24 c:/altera/10.1sp1/nios2eds/bin/gnu/h-i686-mingw32/bin/../lib/gcc/nios2-elf/4.1.2/../../../../nios2-elf/lib\libc.a(lib_a-fclose.o)
 .comment       0x00000000       0x24 c:/altera/10.1sp1/nios2eds/bin/gnu/h-i686-mingw32/bin/../lib/gcc/nios2-elf/4.1.2/../../../../nios2-elf/lib\libc.a(lib_a-fstatr.o)
 .comment       0x00000000       0x24 c:/altera/10.1sp1/nios2eds/bin/gnu/h-i686-mingw32/bin/../lib/gcc/nios2-elf/4.1.2/../../../../nios2-elf/lib\libc.a(lib_a-isattyr.o)
 .comment       0x00000000       0x24 c:/altera/10.1sp1/nios2eds/bin/gnu/h-i686-mingw32/bin/../lib/gcc/nios2-elf/4.1.2/../../../../nios2-elf/lib\libc.a(lib_a-lseekr.o)
 .comment       0x00000000       0x24 c:/altera/10.1sp1/nios2eds/bin/gnu/h-i686-mingw32/bin/../lib/gcc/nios2-elf/4.1.2/../../../../nios2-elf/lib\libc.a(lib_a-readr.o)
 .comment       0x00000000       0x24 c:/altera/10.1sp1/nios2eds/bin/gnu/h-i686-mingw32/bin/../lib/gcc/nios2-elf/4.1.2\libgcc.a(_muldi3.o)
 .comment       0x00000000       0x24 c:/altera/10.1sp1/nios2eds/bin/gnu/h-i686-mingw32/bin/../lib/gcc/nios2-elf/4.1.2\libgcc.a(_udivdi3.o)
 .comment       0x00000000       0x24 c:/altera/10.1sp1/nios2eds/bin/gnu/h-i686-mingw32/bin/../lib/gcc/nios2-elf/4.1.2\libgcc.a(_umoddi3.o)
 .comment       0x00000000       0x24 c:/altera/10.1sp1/nios2eds/bin/gnu/h-i686-mingw32/bin/../lib/gcc/nios2-elf/4.1.2\libgcc.a(_addsub_df.o)
 .comment       0x00000000       0x24 c:/altera/10.1sp1/nios2eds/bin/gnu/h-i686-mingw32/bin/../lib/gcc/nios2-elf/4.1.2\libgcc.a(_mul_df.o)
 .comment       0x00000000       0x24 c:/altera/10.1sp1/nios2eds/bin/gnu/h-i686-mingw32/bin/../lib/gcc/nios2-elf/4.1.2\libgcc.a(_div_df.o)
 .comment       0x00000000       0x24 c:/altera/10.1sp1/nios2eds/bin/gnu/h-i686-mingw32/bin/../lib/gcc/nios2-elf/4.1.2\libgcc.a(_eq_df.o)
 .comment       0x00000000       0x24 c:/altera/10.1sp1/nios2eds/bin/gnu/h-i686-mingw32/bin/../lib/gcc/nios2-elf/4.1.2\libgcc.a(_ne_df.o)
 .comment       0x00000000       0x24 c:/altera/10.1sp1/nios2eds/bin/gnu/h-i686-mingw32/bin/../lib/gcc/nios2-elf/4.1.2\libgcc.a(_gt_df.o)
 .comment       0x00000000       0x24 c:/altera/10.1sp1/nios2eds/bin/gnu/h-i686-mingw32/bin/../lib/gcc/nios2-elf/4.1.2\libgcc.a(_ge_df.o)
 .comment       0x00000000       0x24 c:/altera/10.1sp1/nios2eds/bin/gnu/h-i686-mingw32/bin/../lib/gcc/nios2-elf/4.1.2\libgcc.a(_lt_df.o)
 .comment       0x00000000       0x24 c:/altera/10.1sp1/nios2eds/bin/gnu/h-i686-mingw32/bin/../lib/gcc/nios2-elf/4.1.2\libgcc.a(_si_to_df.o)
 .comment       0x00000000       0x24 c:/altera/10.1sp1/nios2eds/bin/gnu/h-i686-mingw32/bin/../lib/gcc/nios2-elf/4.1.2\libgcc.a(_df_to_si.o)
 .comment       0x00000000       0x24 c:/altera/10.1sp1/nios2eds/bin/gnu/h-i686-mingw32/bin/../lib/gcc/nios2-elf/4.1.2\libgcc.a(_thenan_df.o)
 .comment       0x00000000       0x24 c:/altera/10.1sp1/nios2eds/bin/gnu/h-i686-mingw32/bin/../lib/gcc/nios2-elf/4.1.2\libgcc.a(_usi_to_df.o)
 .comment       0x00000000       0x24 c:/altera/10.1sp1/nios2eds/bin/gnu/h-i686-mingw32/bin/../lib/gcc/nios2-elf/4.1.2\libgcc.a(lib2-divmod.o)
 .comment       0x00000000       0x24 c:/altera/10.1sp1/nios2eds/bin/gnu/h-i686-mingw32/bin/../lib/gcc/nios2-elf/4.1.2\libgcc.a(_clz.o)
 .comment       0x00000000       0x24 c:/altera/10.1sp1/nios2eds/bin/gnu/h-i686-mingw32/bin/../lib/gcc/nios2-elf/4.1.2\libgcc.a(_clzsi2.o)
 .comment       0x00000000       0x24 c:/altera/10.1sp1/nios2eds/bin/gnu/h-i686-mingw32/bin/../lib/gcc/nios2-elf/4.1.2\libgcc.a(_pack_df.o)
 .comment       0x00000000       0x24 c:/altera/10.1sp1/nios2eds/bin/gnu/h-i686-mingw32/bin/../lib/gcc/nios2-elf/4.1.2\libgcc.a(_unpack_df.o)
 .comment       0x00000000       0x24 c:/altera/10.1sp1/nios2eds/bin/gnu/h-i686-mingw32/bin/../lib/gcc/nios2-elf/4.1.2\libgcc.a(_fpcmp_parts_df.o)
 .comment       0x00000000       0x24 ../DMA_FFTNIOS_bsp\libhal_bsp.a(alt_close.o)
 .comment       0x00000000       0x24 ../DMA_FFTNIOS_bsp\libhal_bsp.a(alt_dcache_flush_all.o)
 .comment       0x00000000       0x24 ../DMA_FFTNIOS_bsp\libhal_bsp.a(alt_dev.o)
 .comment       0x00000000       0x24 ../DMA_FFTNIOS_bsp\libhal_bsp.a(alt_errno.o)
 .comment       0x00000000       0x24 ../DMA_FFTNIOS_bsp\libhal_bsp.a(alt_fstat.o)
 .comment       0x00000000       0x24 ../DMA_FFTNIOS_bsp\libhal_bsp.a(alt_isatty.o)
 .comment       0x00000000       0x24 ../DMA_FFTNIOS_bsp\libhal_bsp.a(alt_load.o)
 .comment       0x00000000       0x24 ../DMA_FFTNIOS_bsp\libhal_bsp.a(alt_lseek.o)
 .comment       0x00000000       0x24 ../DMA_FFTNIOS_bsp\libhal_bsp.a(alt_main.o)
 .comment       0x00000000       0x24 ../DMA_FFTNIOS_bsp\libhal_bsp.a(alt_malloc_lock.o)
 .comment       0x00000000       0x24 ../DMA_FFTNIOS_bsp\libhal_bsp.a(alt_read.o)
 .comment       0x00000000       0x24 ../DMA_FFTNIOS_bsp\libhal_bsp.a(alt_release_fd.o)
 .comment       0x00000000       0x24 ../DMA_FFTNIOS_bsp\libhal_bsp.a(alt_sbrk.o)
 .comment       0x00000000       0x24 ../DMA_FFTNIOS_bsp\libhal_bsp.a(alt_write.o)
 .comment       0x00000000       0x24 ../DMA_FFTNIOS_bsp\libhal_bsp.a(alt_sys_init.o)
 .comment       0x00000000       0x24 ../DMA_FFTNIOS_bsp\libhal_bsp.a(altera_avalon_jtag_uart_fd.o)
 .comment       0x00000000       0x24 ../DMA_FFTNIOS_bsp\libhal_bsp.a(altera_avalon_jtag_uart_init.o)
 .comment       0x00000000       0x24 ../DMA_FFTNIOS_bsp\libhal_bsp.a(altera_avalon_jtag_uart_ioctl.o)
 .comment       0x00000000       0x24 ../DMA_FFTNIOS_bsp\libhal_bsp.a(altera_avalon_jtag_uart_read.o)
 .comment       0x00000000       0x24 ../DMA_FFTNIOS_bsp\libhal_bsp.a(altera_avalon_jtag_uart_write.o)
 .comment       0x00000000       0x24 ../DMA_FFTNIOS_bsp\libhal_bsp.a(altera_avalon_sgdma.o)
 .comment       0x00000000       0x24 ../DMA_FFTNIOS_bsp\libhal_bsp.a(altera_avalon_timer_sc.o)
 .comment       0x00000000       0x24 ../DMA_FFTNIOS_bsp\libhal_bsp.a(altera_avalon_uart_fd.o)
 .comment       0x00000000       0x24 ../DMA_FFTNIOS_bsp\libhal_bsp.a(altera_avalon_uart_init.o)
 .comment       0x00000000       0x24 ../DMA_FFTNIOS_bsp\libhal_bsp.a(altera_avalon_uart_read.o)
 .comment       0x00000000       0x24 ../DMA_FFTNIOS_bsp\libhal_bsp.a(altera_avalon_uart_write.o)
 .comment       0x00000000       0x24 ../DMA_FFTNIOS_bsp\libhal_bsp.a(alt_alarm_start.o)
 .comment       0x00000000       0x24 ../DMA_FFTNIOS_bsp\libhal_bsp.a(alt_dev_llist_insert.o)
 .comment       0x00000000       0x24 ../DMA_FFTNIOS_bsp\libhal_bsp.a(alt_do_ctors.o)
 .comment       0x00000000       0x24 ../DMA_FFTNIOS_bsp\libhal_bsp.a(alt_do_dtors.o)
 .comment       0x00000000       0x24 ../DMA_FFTNIOS_bsp\libhal_bsp.a(alt_find_dev.o)
 .comment       0x00000000       0x24 ../DMA_FFTNIOS_bsp\libhal_bsp.a(alt_icache_flush_all.o)
 .comment       0x00000000       0x24 ../DMA_FFTNIOS_bsp\libhal_bsp.a(alt_iic.o)
 .comment       0x00000000       0x24 ../DMA_FFTNIOS_bsp\libhal_bsp.a(alt_iic_isr_register.o)
 .comment       0x00000000       0x24 ../DMA_FFTNIOS_bsp\libhal_bsp.a(alt_io_redirect.o)
 .comment       0x00000000       0x24 ../DMA_FFTNIOS_bsp\libhal_bsp.a(alt_irq_handler.o)
 .comment       0x00000000       0x24 ../DMA_FFTNIOS_bsp\libhal_bsp.a(alt_irq_vars.o)
 .comment       0x00000000       0x24 ../DMA_FFTNIOS_bsp\libhal_bsp.a(alt_open.o)
 .comment       0x00000000       0x24 ../DMA_FFTNIOS_bsp\libhal_bsp.a(alt_remap_uncached.o)
 .comment       0x00000000       0x24 ../DMA_FFTNIOS_bsp\libhal_bsp.a(alt_tick.o)
 .comment       0x00000000       0x24 ../DMA_FFTNIOS_bsp\libhal_bsp.a(altera_nios2_irq.o)
 .comment       0x00000000       0x24 ../DMA_FFTNIOS_bsp\libhal_bsp.a(alt_dcache_flush.o)
 .comment       0x00000000       0x24 ../DMA_FFTNIOS_bsp\libhal_bsp.a(alt_find_file.o)
 .comment       0x00000000       0x24 ../DMA_FFTNIOS_bsp\libhal_bsp.a(alt_get_fd.o)
 .comment       0x00000000       0x24 ../DMA_FFTNIOS_bsp\libhal_bsp.a(alt_icache_flush.o)
 .comment       0x00000000       0x24 c:/altera/10.1sp1/nios2eds/bin/gnu/h-i686-mingw32/bin/../lib/gcc/nios2-elf/4.1.2/../../../../nios2-elf/lib\libc.a(lib_a-atexit.o)
 .comment       0x00000000       0x24 c:/altera/10.1sp1/nios2eds/bin/gnu/h-i686-mingw32/bin/../lib/gcc/nios2-elf/4.1.2/../../../../nios2-elf/lib\libc.a(lib_a-exit.o)
 .comment       0x00000000       0x24 c:/altera/10.1sp1/nios2eds/bin/gnu/h-i686-mingw32/bin/../lib/gcc/nios2-elf/4.1.2/../../../../nios2-elf/lib\libc.a(lib_a-memcmp.o)
 .comment       0x00000000       0x24 c:/altera/10.1sp1/nios2eds/bin/gnu/h-i686-mingw32/bin/../lib/gcc/nios2-elf/4.1.2/../../../../nios2-elf/lib\libc.a(lib_a-__atexit.o)
 .comment       0x00000000       0x24 c:/altera/10.1sp1/nios2eds/bin/gnu/h-i686-mingw32/bin/../lib/gcc/nios2-elf/4.1.2/../../../../nios2-elf/lib\libc.a(lib_a-__call_atexit.o)
 .comment       0x00000000       0x24 ../DMA_FFTNIOS_bsp\libhal_bsp.a(alt_exit.o)

.debug
 *(.debug)

.line
 *(.line)

.debug_srcinfo
 *(.debug_srcinfo)

.debug_sfnames
 *(.debug_sfnames)

.debug_aranges  0x00000000      0xe58
 *(.debug_aranges)
 .debug_aranges
                0x00000000       0x28 ../DMA_FFTNIOS_bsp/obj/HAL/src/crt0.o
 .debug_aranges
                0x00000028       0x20 obj/create_test_data.o
 .debug_aranges
                0x00000048       0x20 obj/descriptor_allocation.o
 .debug_aranges
                0x00000068       0x20 obj/main.o
 .debug_aranges
                0x00000088       0x20 obj/validate_results.o
 .debug_aranges
                0x000000a8       0x20 c:/altera/10.1sp1/nios2eds/bin/gnu/h-i686-mingw32/bin/../lib/gcc/nios2-elf/4.1.2/../../../../nios2-elf/lib\libc.a(lib_a-getc.o)
 .debug_aranges
                0x000000c8       0x20 c:/altera/10.1sp1/nios2eds/bin/gnu/h-i686-mingw32/bin/../lib/gcc/nios2-elf/4.1.2/../../../../nios2-elf/lib\libc.a(lib_a-malloc.o)
 .debug_aranges
                0x000000e8       0x20 c:/altera/10.1sp1/nios2eds/bin/gnu/h-i686-mingw32/bin/../lib/gcc/nios2-elf/4.1.2/../../../../nios2-elf/lib\libc.a(lib_a-mallocr.o)
 .debug_aranges
                0x00000108       0x20 c:/altera/10.1sp1/nios2eds/bin/gnu/h-i686-mingw32/bin/../lib/gcc/nios2-elf/4.1.2/../../../../nios2-elf/lib\libc.a(lib_a-printf.o)
 .debug_aranges
                0x00000128       0x20 c:/altera/10.1sp1/nios2eds/bin/gnu/h-i686-mingw32/bin/../lib/gcc/nios2-elf/4.1.2/../../../../nios2-elf/lib\libc.a(lib_a-puts.o)
 .debug_aranges
                0x00000148       0x20 c:/altera/10.1sp1/nios2eds/bin/gnu/h-i686-mingw32/bin/../lib/gcc/nios2-elf/4.1.2/../../../../nios2-elf/lib\libc.a(lib_a-rand.o)
 .debug_aranges
                0x00000168       0x20 c:/altera/10.1sp1/nios2eds/bin/gnu/h-i686-mingw32/bin/../lib/gcc/nios2-elf/4.1.2/../../../../nios2-elf/lib\libc.a(lib_a-rget.o)
 .debug_aranges
                0x00000188       0x20 c:/altera/10.1sp1/nios2eds/bin/gnu/h-i686-mingw32/bin/../lib/gcc/nios2-elf/4.1.2/../../../../nios2-elf/lib\libc.a(lib_a-sbrkr.o)
 .debug_aranges
                0x000001a8       0x20 c:/altera/10.1sp1/nios2eds/bin/gnu/h-i686-mingw32/bin/../lib/gcc/nios2-elf/4.1.2/../../../../nios2-elf/lib\libc.a(lib_a-strlen.o)
 .debug_aranges
                0x000001c8       0x20 c:/altera/10.1sp1/nios2eds/bin/gnu/h-i686-mingw32/bin/../lib/gcc/nios2-elf/4.1.2/../../../../nios2-elf/lib\libc.a(lib_a-vfprintf.o)
 .debug_aranges
                0x000001e8       0x20 c:/altera/10.1sp1/nios2eds/bin/gnu/h-i686-mingw32/bin/../lib/gcc/nios2-elf/4.1.2/../../../../nios2-elf/lib\libc.a(lib_a-wsetup.o)
 .debug_aranges
                0x00000208       0x20 c:/altera/10.1sp1/nios2eds/bin/gnu/h-i686-mingw32/bin/../lib/gcc/nios2-elf/4.1.2/../../../../nios2-elf/lib\libc.a(lib_a-dtoa.o)
 .debug_aranges
                0x00000228       0x20 c:/altera/10.1sp1/nios2eds/bin/gnu/h-i686-mingw32/bin/../lib/gcc/nios2-elf/4.1.2/../../../../nios2-elf/lib\libc.a(lib_a-fflush.o)
 .debug_aranges
                0x00000248       0x20 c:/altera/10.1sp1/nios2eds/bin/gnu/h-i686-mingw32/bin/../lib/gcc/nios2-elf/4.1.2/../../../../nios2-elf/lib\libc.a(lib_a-findfp.o)
 .debug_aranges
                0x00000268       0x20 c:/altera/10.1sp1/nios2eds/bin/gnu/h-i686-mingw32/bin/../lib/gcc/nios2-elf/4.1.2/../../../../nios2-elf/lib\libc.a(lib_a-freer.o)
 .debug_aranges
                0x00000288       0x20 c:/altera/10.1sp1/nios2eds/bin/gnu/h-i686-mingw32/bin/../lib/gcc/nios2-elf/4.1.2/../../../../nios2-elf/lib\libc.a(lib_a-fvwrite.o)
 .debug_aranges
                0x000002a8       0x20 c:/altera/10.1sp1/nios2eds/bin/gnu/h-i686-mingw32/bin/../lib/gcc/nios2-elf/4.1.2/../../../../nios2-elf/lib\libc.a(lib_a-fwalk.o)
 .debug_aranges
                0x000002c8       0x20 c:/altera/10.1sp1/nios2eds/bin/gnu/h-i686-mingw32/bin/../lib/gcc/nios2-elf/4.1.2/../../../../nios2-elf/lib\libc.a(lib_a-locale.o)
 .debug_aranges
                0x000002e8       0x20 c:/altera/10.1sp1/nios2eds/bin/gnu/h-i686-mingw32/bin/../lib/gcc/nios2-elf/4.1.2/../../../../nios2-elf/lib\libc.a(lib_a-makebuf.o)
 .debug_aranges
                0x00000308       0x20 c:/altera/10.1sp1/nios2eds/bin/gnu/h-i686-mingw32/bin/../lib/gcc/nios2-elf/4.1.2/../../../../nios2-elf/lib\libc.a(lib_a-memchr.o)
 .debug_aranges
                0x00000328       0x20 c:/altera/10.1sp1/nios2eds/bin/gnu/h-i686-mingw32/bin/../lib/gcc/nios2-elf/4.1.2/../../../../nios2-elf/lib\libc.a(lib_a-memcpy.o)
 .debug_aranges
                0x00000348       0x20 c:/altera/10.1sp1/nios2eds/bin/gnu/h-i686-mingw32/bin/../lib/gcc/nios2-elf/4.1.2/../../../../nios2-elf/lib\libc.a(lib_a-memmove.o)
 .debug_aranges
                0x00000368       0x20 c:/altera/10.1sp1/nios2eds/bin/gnu/h-i686-mingw32/bin/../lib/gcc/nios2-elf/4.1.2/../../../../nios2-elf/lib\libc.a(lib_a-memset.o)
 .debug_aranges
                0x00000388       0x20 c:/altera/10.1sp1/nios2eds/bin/gnu/h-i686-mingw32/bin/../lib/gcc/nios2-elf/4.1.2/../../../../nios2-elf/lib\libc.a(lib_a-mprec.o)
 .debug_aranges
                0x000003a8       0x20 c:/altera/10.1sp1/nios2eds/bin/gnu/h-i686-mingw32/bin/../lib/gcc/nios2-elf/4.1.2/../../../../nios2-elf/lib\libc.a(lib_a-reallocr.o)
 .debug_aranges
                0x000003c8       0x20 c:/altera/10.1sp1/nios2eds/bin/gnu/h-i686-mingw32/bin/../lib/gcc/nios2-elf/4.1.2/../../../../nios2-elf/lib\libc.a(lib_a-refill.o)
 .debug_aranges
                0x000003e8       0x20 c:/altera/10.1sp1/nios2eds/bin/gnu/h-i686-mingw32/bin/../lib/gcc/nios2-elf/4.1.2/../../../../nios2-elf/lib\libc.a(lib_a-s_isinfd.o)
 .debug_aranges
                0x00000408       0x20 c:/altera/10.1sp1/nios2eds/bin/gnu/h-i686-mingw32/bin/../lib/gcc/nios2-elf/4.1.2/../../../../nios2-elf/lib\libc.a(lib_a-s_isnand.o)
 .debug_aranges
                0x00000428       0x20 c:/altera/10.1sp1/nios2eds/bin/gnu/h-i686-mingw32/bin/../lib/gcc/nios2-elf/4.1.2/../../../../nios2-elf/lib\libc.a(lib_a-stdio.o)
 .debug_aranges
                0x00000448       0x20 c:/altera/10.1sp1/nios2eds/bin/gnu/h-i686-mingw32/bin/../lib/gcc/nios2-elf/4.1.2/../../../../nios2-elf/lib\libc.a(lib_a-strcmp.o)
 .debug_aranges
                0x00000468       0x20 c:/altera/10.1sp1/nios2eds/bin/gnu/h-i686-mingw32/bin/../lib/gcc/nios2-elf/4.1.2/../../../../nios2-elf/lib\libc.a(lib_a-writer.o)
 .debug_aranges
                0x00000488       0x20 c:/altera/10.1sp1/nios2eds/bin/gnu/h-i686-mingw32/bin/../lib/gcc/nios2-elf/4.1.2/../../../../nios2-elf/lib\libc.a(lib_a-callocr.o)
 .debug_aranges
                0x000004a8       0x20 c:/altera/10.1sp1/nios2eds/bin/gnu/h-i686-mingw32/bin/../lib/gcc/nios2-elf/4.1.2/../../../../nios2-elf/lib\libc.a(lib_a-closer.o)
 .debug_aranges
                0x000004c8       0x20 c:/altera/10.1sp1/nios2eds/bin/gnu/h-i686-mingw32/bin/../lib/gcc/nios2-elf/4.1.2/../../../../nios2-elf/lib\libc.a(lib_a-fclose.o)
 .debug_aranges
                0x000004e8       0x20 c:/altera/10.1sp1/nios2eds/bin/gnu/h-i686-mingw32/bin/../lib/gcc/nios2-elf/4.1.2/../../../../nios2-elf/lib\libc.a(lib_a-fstatr.o)