Archive member included because of file (symbol)

c:/altera/10.1sp1/nios2eds/bin/gnu/h-i686-mingw32/bin/../lib/gcc/nios2-elf/4.1.2/../../../../nios2-elf/lib/mno-hw-mul\libm.a(lib_a-s_sin.o)
                              obj/hello_world.o (sin)
c:/altera/10.1sp1/nios2eds/bin/gnu/h-i686-mingw32/bin/../lib/gcc/nios2-elf/4.1.2/../../../../nios2-elf/lib/mno-hw-mul\libm.a(lib_a-e_rem_pio2.o)
                              c:/altera/10.1sp1/nios2eds/bin/gnu/h-i686-mingw32/bin/../lib/gcc/nios2-elf/4.1.2/../../../../nios2-elf/lib/mno-hw-mul\libm.a(lib_a-s_sin.o) (__ieee754_rem_pio2)
c:/altera/10.1sp1/nios2eds/bin/gnu/h-i686-mingw32/bin/../lib/gcc/nios2-elf/4.1.2/../../../../nios2-elf/lib/mno-hw-mul\libm.a(lib_a-k_cos.o)
                              c:/altera/10.1sp1/nios2eds/bin/gnu/h-i686-mingw32/bin/../lib/gcc/nios2-elf/4.1.2/../../../../nios2-elf/lib/mno-hw-mul\libm.a(lib_a-s_sin.o) (__kernel_cos)
c:/altera/10.1sp1/nios2eds/bin/gnu/h-i686-mingw32/bin/../lib/gcc/nios2-elf/4.1.2/../../../../nios2-elf/lib/mno-hw-mul\libm.a(lib_a-k_rem_pio2.o)
                              c:/altera/10.1sp1/nios2eds/bin/gnu/h-i686-mingw32/bin/../lib/gcc/nios2-elf/4.1.2/../../../../nios2-elf/lib/mno-hw-mul\libm.a(lib_a-e_rem_pio2.o) (__kernel_rem_pio2)
c:/altera/10.1sp1/nios2eds/bin/gnu/h-i686-mingw32/bin/../lib/gcc/nios2-elf/4.1.2/../../../../nios2-elf/lib/mno-hw-mul\libm.a(lib_a-k_sin.o)
                              c:/altera/10.1sp1/nios2eds/bin/gnu/h-i686-mingw32/bin/../lib/gcc/nios2-elf/4.1.2/../../../../nios2-elf/lib/mno-hw-mul\libm.a(lib_a-s_sin.o) (__kernel_sin)
c:/altera/10.1sp1/nios2eds/bin/gnu/h-i686-mingw32/bin/../lib/gcc/nios2-elf/4.1.2/../../../../nios2-elf/lib/mno-hw-mul\libm.a(lib_a-s_fabs.o)
                              c:/altera/10.1sp1/nios2eds/bin/gnu/h-i686-mingw32/bin/../lib/gcc/nios2-elf/4.1.2/../../../../nios2-elf/lib/mno-hw-mul\libm.a(lib_a-e_rem_pio2.o) (fabs)
c:/altera/10.1sp1/nios2eds/bin/gnu/h-i686-mingw32/bin/../lib/gcc/nios2-elf/4.1.2/../../../../nios2-elf/lib/mno-hw-mul\libm.a(lib_a-s_floor.o)
                              c:/altera/10.1sp1/nios2eds/bin/gnu/h-i686-mingw32/bin/../lib/gcc/nios2-elf/4.1.2/../../../../nios2-elf/lib/mno-hw-mul\libm.a(lib_a-k_rem_pio2.o) (floor)
c:/altera/10.1sp1/nios2eds/bin/gnu/h-i686-mingw32/bin/../lib/gcc/nios2-elf/4.1.2/../../../../nios2-elf/lib/mno-hw-mul\libm.a(lib_a-s_scalbn.o)
                              c:/altera/10.1sp1/nios2eds/bin/gnu/h-i686-mingw32/bin/../lib/gcc/nios2-elf/4.1.2/../../../../nios2-elf/lib/mno-hw-mul\libm.a(lib_a-k_rem_pio2.o) (scalbn)
c:/altera/10.1sp1/nios2eds/bin/gnu/h-i686-mingw32/bin/../lib/gcc/nios2-elf/4.1.2/../../../../nios2-elf/lib/mno-hw-mul\libm.a(lib_a-s_copysign.o)
                              c:/altera/10.1sp1/nios2eds/bin/gnu/h-i686-mingw32/bin/../lib/gcc/nios2-elf/4.1.2/../../../../nios2-elf/lib/mno-hw-mul\libm.a(lib_a-s_scalbn.o) (copysign)
c:/altera/10.1sp1/nios2eds/bin/gnu/h-i686-mingw32/bin/../lib/gcc/nios2-elf/4.1.2/mno-hw-mul\libgcc.a(_muldi3.o)
                              obj/fixedpoint2_16.o (__muldi3)
c:/altera/10.1sp1/nios2eds/bin/gnu/h-i686-mingw32/bin/../lib/gcc/nios2-elf/4.1.2/mno-hw-mul\libgcc.a(_addsub_sf.o)
                              obj/hello_world.o (__addsf3)
c:/altera/10.1sp1/nios2eds/bin/gnu/h-i686-mingw32/bin/../lib/gcc/nios2-elf/4.1.2/mno-hw-mul\libgcc.a(_mul_sf.o)
                              obj/fixedpoint2_16.o (__mulsf3)
c:/altera/10.1sp1/nios2eds/bin/gnu/h-i686-mingw32/bin/../lib/gcc/nios2-elf/4.1.2/mno-hw-mul\libgcc.a(_div_sf.o)
                              obj/fixedpoint2_16.o (__divsf3)
c:/altera/10.1sp1/nios2eds/bin/gnu/h-i686-mingw32/bin/../lib/gcc/nios2-elf/4.1.2/mno-hw-mul\libgcc.a(_ge_sf.o)
                              obj/fixedpoint2_16.o (__gesf2)
c:/altera/10.1sp1/nios2eds/bin/gnu/h-i686-mingw32/bin/../lib/gcc/nios2-elf/4.1.2/mno-hw-mul\libgcc.a(_si_to_sf.o)
                              obj/fixedpoint2_16.o (__floatsisf)
c:/altera/10.1sp1/nios2eds/bin/gnu/h-i686-mingw32/bin/../lib/gcc/nios2-elf/4.1.2/mno-hw-mul\libgcc.a(_sf_to_df.o)
                              obj/fixedpoint2_16.o (__extendsfdf2)
c:/altera/10.1sp1/nios2eds/bin/gnu/h-i686-mingw32/bin/../lib/gcc/nios2-elf/4.1.2/mno-hw-mul\libgcc.a(_thenan_sf.o)
                              c:/altera/10.1sp1/nios2eds/bin/gnu/h-i686-mingw32/bin/../lib/gcc/nios2-elf/4.1.2/mno-hw-mul\libgcc.a(_addsub_sf.o) (__thenan_sf)
c:/altera/10.1sp1/nios2eds/bin/gnu/h-i686-mingw32/bin/../lib/gcc/nios2-elf/4.1.2/mno-hw-mul\libgcc.a(_addsub_df.o)
                              c:/altera/10.1sp1/nios2eds/bin/gnu/h-i686-mingw32/bin/../lib/gcc/nios2-elf/4.1.2/../../../../nios2-elf/lib/mno-hw-mul\libm.a(lib_a-s_sin.o) (__subdf3)
c:/altera/10.1sp1/nios2eds/bin/gnu/h-i686-mingw32/bin/../lib/gcc/nios2-elf/4.1.2/mno-hw-mul\libgcc.a(_mul_df.o)
                              obj/hello_world.o (__muldf3)
c:/altera/10.1sp1/nios2eds/bin/gnu/h-i686-mingw32/bin/../lib/gcc/nios2-elf/4.1.2/mno-hw-mul\libgcc.a(_div_df.o)
[...]
Memory Configuration

Name             Origin             Length             Attributes
reset            0x00000000         0x00000020
sdram            0x00000020         0x01ffffe0
descriptor_memory 0x04002000         0x00001000
*default*        0x00000000         0xffffffff

Linker script and memory map

LOAD ../FFT_TESTER_bsp/obj/HAL/src/crt0.o
LOAD obj/fixedpoint2_16.o
LOAD obj/hello_world.o
LOAD c:/altera/10.1sp1/nios2eds/bin/gnu/h-i686-mingw32/bin/../lib/gcc/nios2-elf/4.1.2/../../../../nios2-elf/lib/mno-hw-mul\libstdc++.a
LOAD c:/altera/10.1sp1/nios2eds/bin/gnu/h-i686-mingw32/bin/../lib/gcc/nios2-elf/4.1.2/../../../../nios2-elf/lib/mno-hw-mul\libm.a
LOAD c:/altera/10.1sp1/nios2eds/bin/gnu/h-i686-mingw32/bin/../lib/gcc/nios2-elf/4.1.2/mno-hw-mul\libgcc.a
START GROUP
LOAD c:/altera/10.1sp1/nios2eds/bin/gnu/h-i686-mingw32/bin/../lib/gcc/nios2-elf/4.1.2/../../../../nios2-elf/lib/mno-hw-mul\libc.a
LOAD c:/altera/10.1sp1/nios2eds/bin/gnu/h-i686-mingw32/bin/../lib/gcc/nios2-elf/4.1.2/mno-hw-mul\libgcc.a
LOAD ../FFT_TESTER_bsp\libhal_bsp.a
END GROUP
LOAD c:/altera/10.1sp1/nios2eds/bin/gnu/h-i686-mingw32/bin/../lib/gcc/nios2-elf/4.1.2/mno-hw-mul\libgcc.a
                0x00000000                __alt_mem_sdram = 0x0
                0x04002000                __alt_mem_descriptor_memory = 0x4002000

.entry          0x00000000       0x20
 *(.entry)
 .entry         0x00000000       0x20 ../FFT_TESTER_bsp/obj/HAL/src/crt0.o
                0x00000000                __reset

.exceptions     0x00000020      0x194
                0x00000020                PROVIDE (__ram_exceptions_start, ABSOLUTE (.))
                0x00000020                . = ALIGN (0x20)
 *(.irq)
 *(.exceptions.entry.label)
 .exceptions.entry.label
                0x00000020        0x0 ../FFT_TESTER_bsp\libhal_bsp.a(alt_irq_entry.o)
                0x00000020                alt_irq_entry
 .exceptions.entry.label
                0x00000020        0x0 ../FFT_TESTER_bsp\libhal_bsp.a(alt_exception_entry.o)
                0x00000020                alt_exception
 *(.exceptions.entry.user)
 *(.exceptions.entry)
 .exceptions.entry
                0x00000020       0x54 ../FFT_TESTER_bsp\libhal_bsp.a(alt_exception_entry.o)
 *(.exceptions.irqtest.user)
 *(.exceptions.irqtest)
 .exceptions.irqtest
                0x00000074       0x10 ../FFT_TESTER_bsp\libhal_bsp.a(alt_irq_entry.o)
 *(.exceptions.irqhandler.user)
 *(.exceptions.irqhandler)
 .exceptions.irqhandler
                0x00000084        0x4 ../FFT_TESTER_bsp\libhal_bsp.a(alt_irq_entry.o)
 *(.exceptions.irqreturn.user)
 *(.exceptions.irqreturn)
 .exceptions.irqreturn
                0x00000088        0x4 ../FFT_TESTER_bsp\libhal_bsp.a(alt_irq_entry.o)
 *(.exceptions.notirq.label)
 .exceptions.notirq.label
                0x0000008c        0x0 ../FFT_TESTER_bsp\libhal_bsp.a(alt_irq_entry.o)
 *(.exceptions.notirq.user)
 *(.exceptions.notirq)
 .exceptions.notirq
                0x0000008c        0x8 ../FFT_TESTER_bsp\libhal_bsp.a(alt_exception_entry.o)
 *(.exceptions.soft.user)
 *(.exceptions.soft)
 *(.exceptions.unknown.user)
 *(.exceptions.unknown)
 .exceptions.unknown
                0x00000094        0x4 ../FFT_TESTER_bsp\libhal_bsp.a(alt_exception_entry.o)
 *(.exceptions.exit.label)
 .exceptions.exit.label
                0x00000098        0x0 ../FFT_TESTER_bsp\libhal_bsp.a(alt_irq_entry.o)
 .exceptions.exit.label
                0x00000098        0x0 ../FFT_TESTER_bsp\libhal_bsp.a(alt_exception_entry.o)
 *(.exceptions.exit.user)
 *(.exceptions.exit)
 .exceptions.exit
                0x00000098       0x54 ../FFT_TESTER_bsp\libhal_bsp.a(alt_exception_entry.o)
 *(.exceptions)
 .exceptions    0x000000ec       0xc8 ../FFT_TESTER_bsp\libhal_bsp.a(alt_irq_handler.o)
                0x000000ec                alt_irq_handler
                0x000001b4                PROVIDE (__ram_exceptions_end, ABSOLUTE (.))
                0x00000020                PROVIDE (__flash_exceptions_start, LOADADDR (.exceptions))

.text           0x000001b4    0x116c4
                0x000001b4                PROVIDE (stext, ABSOLUTE (.))
 *(.interp)
 *(.hash)
 *(.dynsym)
 *(.dynstr)
 *(.gnu.version)
 *(.gnu.version_d)
 *(.gnu.version_r)
 *(.rel.init)
 *(.rela.init)
 *(.rel.text .rel.text.* .rel.gnu.linkonce.t.*)
 *(.rela.text .rela.text.* .rela.gnu.linkonce.t.*)
 *(.rel.fini)
 *(.rela.fini)
 *(.rel.rodata .rel.rodata.* .rel.gnu.linkonce.r.*)
 *(.rela.rodata .rela.rodata.* .rela.gnu.linkonce.r.*)
 *(.rel.data .rel.data.* .rel.gnu.linkonce.d.*)
 *(.rela.data .rela.data.* .rela.gnu.linkonce.d.*)
 *(.rel.tdata .rel.tdata.* .rel.gnu.linkonce.td.*)
 *(.rela.tdata .rela.tdata.* .rela.gnu.linkonce.td.*)
 *(.rel.tbss .rel.tbss.* .rel.gnu.linkonce.tb.*)
 *(.rela.tbss .rela.tbss.* .rela.gnu.linkonce.tb.*)
 *(.rel.ctors)
 *(.rela.ctors)
 *(.rel.dtors)
 *(.rela.dtors)
 *(.rel.got)
 *(.rela.got)
 *(.rel.sdata .rel.sdata.* .rel.gnu.linkonce.s.*)
 *(.rela.sdata .rela.sdata.* .rela.gnu.linkonce.s.*)
 *(.rel.sbss .rel.sbss.* .rel.gnu.linkonce.sb.*)
 *(.rela.sbss .rela.sbss.* .rela.gnu.linkonce.sb.*)
 *(.rel.sdata2 .rel.sdata2.* .rel.gnu.linkonce.s2.*)
 *(.rela.sdata2 .rela.sdata2.* .rela.gnu.linkonce.s2.*)
 *(.rel.sbss2 .rel.sbss2.* .rel.gnu.linkonce.sb2.*)
 *(.rela.sbss2 .rela.sbss2.* .rela.gnu.linkonce.sb2.*)
 *(.rel.bss .rel.bss.* .rel.gnu.linkonce.b.*)
 *(.rela.bss .rela.bss.* .rela.gnu.linkonce.b.*)
 *(.rel.plt)
 *(.rela.plt)
 *(.rel.dyn)
 *(.init)
 *(.plt)
 *(.text .stub .text.* .gnu.linkonce.t.*)
 .text          0x000001b4       0x3c ../FFT_TESTER_bsp/obj/HAL/src/crt0.o
                0x000001b4                _start
 .text          0x000001f0      0x3e8 obj/fixedpoint2_16.o
                0x000001f0                BitTest
                0x00000230                FIXED2_16toBinary
                0x00000304                imprimeFIXED2_16
                0x000003a8                soma2_16
                0x000003e0                sub2_16
                0x00000418                mult2_16
                0x000004d8                real2FIXED2_16
                0x00000590                FIXED2_16toReal
 .text          0x000005d8      0x5cc obj/hello_world.o
                0x000005d8                delay
                0x00000650                main
                0x000008ec                caso_teste
 .text          0x00000ba4      0x16c c:/altera/10.1sp1/nios2eds/bin/gnu/h-i686-mingw32/bin/../lib/gcc/nios2-elf/4.1.2/../../../../nios2-elf/lib/mno-hw-mul\libm.a(lib_a-s_sin.o)
                0x00000ba4                sin
 .text          0x00000d10      0x828 c:/altera/10.1sp1/nios2eds/bin/gnu/h-i686-mingw32/bin/../lib/gcc/nios2-elf/4.1.2/../../../../nios2-elf/lib/mno-hw-mul\libm.a(lib_a-e_rem_pio2.o)
                0x00000d10                __ieee754_rem_pio2
 .text          0x00001538      0x52c c:/altera/10.1sp1/nios2eds/bin/gnu/h-i686-mingw32/bin/../lib/gcc/nios2-elf/4.1.2/../../../../nios2-elf/lib/mno-hw-mul\libm.a(lib_a-k_cos.o)
                0x00001538                __kernel_cos
 .text          0x00001a64      0xe84 c:/altera/10.1sp1/nios2eds/bin/gnu/h-i686-mingw32/bin/../lib/gcc/nios2-elf/4.1.2/../../../../nios2-elf/lib/mno-hw-mul\libm.a(lib_a-k_rem_pio2.o)
                0x00001a64                __kernel_rem_pio2
 .text          0x000028e8      0x318 c:/altera/10.1sp1/nios2eds/bin/gnu/h-i686-mingw32/bin/../lib/gcc/nios2-elf/4.1.2/../../../../nios2-elf/lib/mno-hw-mul\libm.a(lib_a-k_sin.o)
                0x000028e8                __kernel_sin
 .text          0x00002c00       0x18 c:/altera/10.1sp1/nios2eds/bin/gnu/h-i686-mingw32/bin/../lib/gcc/nios2-elf/4.1.2/../../../../nios2-elf/lib/mno-hw-mul\libm.a(lib_a-s_fabs.o)
                0x00002c00                fabs
 .text          0x00002c18      0x224 c:/altera/10.1sp1/nios2eds/bin/gnu/h-i686-mingw32/bin/../lib/gcc/nios2-elf/4.1.2/../../../../nios2-elf/lib/mno-hw-mul\libm.a(lib_a-s_floor.o)
                0x00002c18                floor
 .text          0x00002e3c      0x1e0 c:/altera/10.1sp1/nios2eds/bin/gnu/h-i686-mingw32/bin/../lib/gcc/nios2-elf/4.1.2/../../../../nios2-elf/lib/mno-hw-mul\libm.a(lib_a-s_scalbn.o)
                0x00002e3c                scalbn
 .text          0x0000301c       0x24 c:/altera/10.1sp1/nios2eds/bin/gnu/h-i686-mingw32/bin/../lib/gcc/nios2-elf/4.1.2/../../../../nios2-elf/lib/mno-hw-mul\libm.a(lib_a-s_copysign.o)
                0x0000301c                copysign
 .text          0x00003040      0x124 c:/altera/10.1sp1/nios2eds/bin/gnu/h-i686-mingw32/bin/../lib/gcc/nios2-elf/4.1.2/mno-hw-mul\libgcc.a(_muldi3.o)
                0x00003040                __muldi3
 .text          0x00003164      0x2b8 c:/altera/10.1sp1/nios2eds/bin/gnu/h-i686-mingw32/bin/../lib/gcc/nios2-elf/4.1.2/mno-hw-mul\libgcc.a(_addsub_sf.o)
                0x00003348                __subsf3
                0x000033b8                __addsf3
 .text          0x0000341c      0x1e0 c:/altera/10.1sp1/nios2eds/bin/gnu/h-i686-mingw32/bin/../lib/gcc/nios2-elf/4.1.2/mno-hw-mul\libgcc.a(_mul_sf.o)
                0x0000341c                __mulsf3
 .text          0x000035fc      0x174 c:/altera/10.1sp1/nios2eds/bin/gnu/h-i686-mingw32/bin/../lib/gcc/nios2-elf/4.1.2/mno-hw-mul\libgcc.a(_div_sf.o)
                0x000035fc                __divsf3
 .text          0x00003770       0x78 c:/altera/10.1sp1/nios2eds/bin/gnu/h-i686-mingw32/bin/../lib/gcc/nios2-elf/4.1.2/mno-hw-mul\libgcc.a(_ge_sf.o)
                0x00003770                __gesf2
 .text          0x000037e8       0x98 c:/altera/10.1sp1/nios2eds/bin/gnu/h-i686-mingw32/bin/../lib/gcc/nios2-elf/4.1.2/mno-hw-mul\libgcc.a(_si_to_sf.o)
                0x000037e8                __floatsisf
 .text          0x00003880       0x54 c:/altera/10.1sp1/nios2eds/bin/gnu/h-i686-mingw32/bin/../lib/gcc/nios2-elf/4.1.2/mno-hw-mul\libgcc.a(_sf_to_df.o)
                0x00003880                __extendsfdf2
 .text          0x000038d4        0x0 c:/altera/10.1sp1/nios2eds/bin/gnu/h-i686-mingw32/bin/../lib/gcc/nios2-elf/4.1.2/mno-hw-mul\libgcc.a(_thenan_sf.o)
 .text          0x000038d4      0x504 c:/altera/10.1sp1/nios2eds/bin/gnu/h-i686-mingw32/bin/../lib/gcc/nios2-elf/4.1.2/mno-hw-mul\libgcc.a(_addsub_df.o)
                0x00003ce4                __subdf3
                0x00003d64                __adddf3
 .text          0x00003dd8      0x3c4 c:/altera/10.1sp1/nios2eds/bin/gnu/h-i686-mingw32/bin/../lib/gcc/nios2-elf/4.1.2/mno-hw-mul\libgcc.a(_mul_df.o)
                0x00003dd8                __muldf3
 .text          0x0000419c      0x258 c:/altera/10.1sp1/nios2eds/bin/gnu/h-i686-mingw32/bin/../lib/gcc/nios2-elf/4.1.2/mno-hw-mul\libgcc.a(_div_df.o)
                0x0000419c                __divdf3
 .text          0x000043f4       0x88 c:/altera/10.1sp1/nios2eds/bin/gnu/h-i686-mingw32/bin/../lib/gcc/nios2-elf/4.1.2/mno-hw-mul\libgcc.a(_eq_df.o)
                0x000043f4                __eqdf2
 .text          0x0000447c       0x88 c:/altera/10.1sp1/nios2eds/bin/gnu/h-i686-mingw32/bin/../lib/gcc/nios2-elf/4.1.2/mno-hw-mul\libgcc.a(_gt_df.o)
                0x0000447c                __gtdf2
 .text          0x00004504       0x88 c:/altera/10.1sp1/nios2eds/bin/gnu/h-i686-mingw32/bin/../lib/gcc/nios2-elf/4.1.2/mno-hw-mul\libgcc.a(_ge_df.o)
                0x00004504                __gedf2
 .text          0x0000458c       0xf8 c:/altera/10.1sp1/nios2eds/bin/gnu/h-i686-mingw32/bin/../lib/gcc/nios2-elf/4.1.2/mno-hw-mul\libgcc.a(_si_to_df.o)
                0x0000458c                __floatsidf
 .text          0x00004684       0xd8 c:/altera/10.1sp1/nios2eds/bin/gnu/h-i686-mingw32/bin/../lib/gcc/nios2-elf/4.1.2/mno-hw-mul\libgcc.a(_df_to_si.o)
                0x00004684                __fixdfsi
 .text          0x0000475c       0x38 c:/altera/10.1sp1/nios2eds/bin/gnu/h-i686-mingw32/bin/../lib/gcc/nios2-elf/4.1.2/mno-hw-mul\libgcc.a(_make_df.o)
                0x0000475c                __make_dp
 .text          0x00004794       0x74 c:/altera/10.1sp1/nios2eds/bin/gnu/h-i686-mingw32/bin/../lib/gcc/nios2-elf/4.1.2/mno-hw-mul\libgcc.a(_df_to_sf.o)
                0x00004794                __truncdfsf2
 .text          0x00004808        0x0 c:/altera/10.1sp1/nios2eds/bin/gnu/h-i686-mingw32/bin/../lib/gcc/nios2-elf/4.1.2/mno-hw-mul\libgcc.a(_thenan_df.o)
 .text          0x00004808      0x14c c:/altera/10.1sp1/nios2eds/bin/gnu/h-i686-mingw32/bin/../lib/gcc/nios2-elf/4.1.2/mno-hw-mul\libgcc.a(lib2-divmod.o)
                0x00004884                __divsi3
                0x000048e4                __modsi3
                0x00004944                __udivsi3
                0x0000494c                __umodsi3
 .text          0x00004954       0x38 c:/altera/10.1sp1/nios2eds/bin/gnu/h-i686-mingw32/bin/../lib/gcc/nios2-elf/4.1.2/mno-hw-mul\libgcc.a(lib2-mul.o)
                0x00004954                __mulsi3
 .text          0x0000498c       0x80 c:/altera/10.1sp1/nios2eds/bin/gnu/h-i686-mingw32/bin/../lib/gcc/nios2-elf/4.1.2/mno-hw-mul\libgcc.a(_clzsi2.o)
                0x0000498c                __clzsi2
 .text          0x00004a0c      0x160 c:/altera/10.1sp1/nios2eds/bin/gnu/h-i686-mingw32/bin/../lib/gcc/nios2-elf/4.1.2/mno-hw-mul\libgcc.a(_pack_sf.o)
                0x00004a0c                __pack_f
 .text          0x00004b6c       0xc8 c:/altera/10.1sp1/nios2eds/bin/gnu/h-i686-mingw32/bin/../lib/gcc/nios2-elf/4.1.2/mno-hw-mul\libgcc.a(_unpack_sf.o)
                0x00004b6c                __unpack_f
 .text          0x00004c34       0xa8 c:/altera/10.1sp1/nios2eds/bin/gnu/h-i686-mingw32/bin/../lib/gcc/nios2-elf/4.1.2/mno-hw-mul\libgcc.a(_fpcmp_parts_sf.o)
                0x00004c34                __fpcmp_parts_f
 .text          0x00004cdc       0x2c c:/altera/10.1sp1/nios2eds/bin/gnu/h-i686-mingw32/bin/../lib/gcc/nios2-elf/4.1.2/mno-hw-mul\libgcc.a(_make_sf.o)
                0x00004cdc                __make_fp
 .text          0x00004d08      0x314 c:/altera/10.1sp1/nios2eds/bin/gnu/h-i686-mingw32/bin/../lib/gcc/nios2-elf/4.1.2/mno-hw-mul\libgcc.a(_pack_df.o)
                0x00004d08                __pack_d
 .text          0x0000501c      0x138 c:/altera/10.1sp1/nios2eds/bin/gnu/h-i686-mingw32/bin/../lib/gcc/nios2-elf/4.1.2/mno-hw-mul\libgcc.a(_unpack_df.o)
                0x0000501c                __unpack_d
 .text          0x00005154       0xc8 c:/altera/10.1sp1/nios2eds/bin/gnu/h-i686-mingw32/bin/../lib/gcc/nios2-elf/4.1.2/mno-hw-mul\libgcc.a(_fpcmp_parts_df.o)
                0x00005154                __fpcmp_parts_d
 .text          0x0000521c        0x0 c:/altera/10.1sp1/nios2eds/bin/gnu/h-i686-mingw32/bin/../lib/gcc/nios2-elf/4.1.2/mno-hw-mul\libgcc.a(_clz.o)
 .text          0x0000521c      0x16c c:/altera/10.1sp1/nios2eds/bin/gnu/h-i686-mingw32/bin/../lib/gcc/nios2-elf/4.1.2/../../../../nios2-elf/lib/mno-hw-mul\libc.a(lib_a-fgets.o)
                0x0000521c                _fgets_r
                0x00005364                fgets
 .text          0x00005388      0x2f4 c:/altera/10.1sp1/nios2eds/bin/gnu/h-i686-mingw32/bin/../lib/gcc/nios2-elf/4.1.2/../../../../nios2-elf/lib/mno-hw-mul\libc.a(lib_a-findfp.o)
                0x000053e0                __sfp_lock_acquire
                0x000053e4                __sfp_lock_release
                0x000053e8                __sinit_lock_acquire
                0x000053ec                __sinit_lock_release
                0x000053f0                __sinit
                0x000054a4                __fp_unlock_all
                0x000054bc                __fp_lock_all
                0x000054d4                _cleanup_r
                0x000054e0                _cleanup
                0x000054f0                __sfmoreglue
                0x0000558c                __sfp
 .text          0x0000567c      0x180 c:/altera/10.1sp1/nios2eds/bin/gnu/h-i686-mingw32/bin/../lib/gcc/nios2-elf/4.1.2/../../../../nios2-elf/lib/mno-hw-mul\libc.a(lib_a-fwalk.o)
                0x0000567c                _fwalk_reent
                0x00005744                _fwalk
 .text          0x000057fc      0x128 c:/altera/10.1sp1/nios2eds/bin/gnu/h-i686-mingw32/bin/../lib/gcc/nios2-elf/4.1.2/../../../../nios2-elf/lib/mno-hw-mul\libc.a(lib_a-getc.o)
                0x000057fc                getc
                0x00005894                _getc_r
 .text          0x00005924        0x0 c:/altera/10.1sp1/nios2eds/bin/gnu/h-i686-mingw32/bin/../lib/gcc/nios2-elf/4.1.2/../../../../nios2-elf/lib/mno-hw-mul\libc.a(lib_a-impure.o)
 .text          0x00005924      0x740 c:/altera/10.1sp1/nios2eds/bin/gnu/h-i686-mingw32/bin/../lib/gcc/nios2-elf/4.1.2/../../../../nios2-elf/lib/mno-hw-mul\libc.a(lib_a-mallocr.o)
                0x00005924                _malloc_r
 .text          0x00006064       0xe4 c:/altera/10.1sp1/nios2eds/bin/gnu/h-i686-mingw32/bin/../lib/gcc/nios2-elf/4.1.2/../../../../nios2-elf/lib/mno-hw-mul\libc.a(lib_a-memchr.o)
                0x00006064                memchr
 .text          0x00006148       0xa0 c:/altera/10.1sp1/nios2eds/bin/gnu/h-i686-mingw32/bin/../lib/gcc/nios2-elf/4.1.2/../../../../nios2-elf/lib/mno-hw-mul\libc.a(lib_a-memcpy.o)
                0x00006148                memcpy
 .text          0x000061e8       0x98 c:/altera/10.1sp1/nios2eds/bin/gnu/h-i686-mingw32/bin/../lib/gcc/nios2-elf/4.1.2/../../../../nios2-elf/lib/mno-hw-mul\libc.a(lib_a-memset.o)
                0x000061e8                memset
 .text          0x00006280       0x78 c:/altera/10.1sp1/nios2eds/bin/gnu/h-i686-mingw32/bin/../lib/gcc/nios2-elf/4.1.2/../../../../nios2-elf/lib/mno-hw-mul\libc.a(lib_a-printf.o)
                0x00006280                printf
                0x000062c4                _printf_r
 .text          0x000062f8       0xb4 c:/altera/10.1sp1/nios2eds/bin/gnu/h-i686-mingw32/bin/../lib/gcc/nios2-elf/4.1.2/../../../../nios2-elf/lib/mno-hw-mul\libc.a(lib_a-puts.o)
                0x000062f8                _puts_r
                0x00006398                puts
 .text          0x000063ac      0x1e0 c:/altera/10.1sp1/nios2eds/bin/gnu/h-i686-mingw32/bin/../lib/gcc/nios2-elf/4.1.2/../../../../nios2-elf/lib/mno-hw-mul\libc.a(lib_a-refill.o)
                0x000063ac                __srefill_r
 .text          0x0000658c       0x60 c:/altera/10.1sp1/nios2eds/bin/gnu/h-i686-mingw32/bin/../lib/gcc/nios2-elf/4.1.2/../../../../nios2-elf/lib/mno-hw-mul\libc.a(lib_a-rget.o)
                0x0000658c                __srget_r
                0x000065d8                __srget
 .text          0x000065ec       0x70 c:/altera/10.1sp1/nios2eds/bin/gnu/h-i686-mingw32/bin/../lib/gcc/nios2-elf/4.1.2/../../../../nios2-elf/lib/mno-hw-mul\libc.a(lib_a-sbrkr.o)
                0x000065ec                _sbrk_r
 .text          0x0000665c       0xd4 c:/altera/10.1sp1/nios2eds/bin/gnu/h-i686-mingw32/bin/../lib/gcc/nios2-elf/4.1.2/../../../../nios2-elf/lib/mno-hw-mul\libc.a(lib_a-sprintf.o)
                0x0000665c                sprintf
                0x000066d0                _sprintf_r
 .text          0x00006730      0x14c c:/altera/10.1sp1/nios2eds/bin/gnu/h-i686-mingw32/bin/../lib/gcc/nios2-elf/4.1.2/../../../../nios2-elf/lib/mno-hw-mul\libc.a(lib_a-stdio.o)
                0x00006730                __sclose
                0x00006738                __sseek
                0x000067a0                __swrite
                0x0000681c                __sread
 .text          0x0000687c       0x74 c:/altera/10.1sp1/nios2eds/bin/gnu/h-i686-mingw32/bin/../lib/gcc/nios2-elf/4.1.2/../../../../nios2-elf/lib/mno-hw-mul\libc.a(lib_a-strlen.o)
                0x0000687c                strlen
 .text          0x000068f0     0x1f40 c:/altera/10.1sp1/nios2eds/bin/gnu/h-i686-mingw32/bin/../lib/gcc/nios2-elf/4.1.2/../../../../nios2-elf/lib/mno-hw-mul\libc.a(lib_a-vfprintf.o)
                0x00006948                ___vfprintf_internal_r
                0x0000880c                __vfprintf_internal
 .text          0x00008830       0x78 c:/altera/10.1sp1/nios2eds/bin/gnu/h-i686-mingw32/bin/../lib/gcc/nios2-elf/4.1.2/../../../../nios2-elf/lib/mno-hw-mul\libc.a(lib_a-writer.o)
                0x00008830                _write_r
 .text          0x000088a8      0x13c c:/altera/10.1sp1/nios2eds/bin/gnu/h-i686-mingw32/bin/../lib/gcc/nios2-elf/4.1.2/../../../../nios2-elf/lib/mno-hw-mul\libc.a(lib_a-wsetup.o)
                0x000088a8                __swsetup_r
 .text          0x000089e4       0x70 c:/altera/10.1sp1/nios2eds/bin/gnu/h-i686-mingw32/bin/../lib/gcc/nios2-elf/4.1.2/../../../../nios2-elf/lib/mno-hw-mul\libc.a(lib_a-closer.o)
                0x000089e4                _close_r
 .text          0x00008a54     0x17f8 c:/altera/10.1sp1/nios2eds/bin/gnu/h-i686-mingw32/bin/../lib/gcc/nios2-elf/4.1.2/../../../../nios2-elf/lib/mno-hw-mul\libc.a(lib_a-dtoa.o)
                0x00008c98                _dtoa_r
 .text          0x0000a24c      0x124 c:/altera/10.1sp1/nios2eds/bin/gnu/h-i686-mingw32/bin/../lib/gcc/nios2-elf/4.1.2/../../../../nios2-elf/lib/mno-hw-mul\libc.a(lib_a-fclose.o)
                0x0000a24c                _fclose_r
                0x0000a35c                fclose
 .text          0x0000a370      0x230 c:/altera/10.1sp1/nios2eds/bin/gnu/h-i686-mingw32/bin/../lib/gcc/nios2-elf/4.1.2/../../../../nios2-elf/lib/mno-hw-mul\libc.a(lib_a-fflush.o)
                0x0000a370                _fflush_r
                0x0000a56c                fflush
 .text          0x0000a5a0      0x440 c:/altera/10.1sp1/nios2eds/bin/gnu/h-i686-mingw32/bin/../lib/gcc/nios2-elf/4.1.2/../../../../nios2-elf/lib/mno-hw-mul\libc.a(lib_a-freer.o)
                0x0000a5a0                _malloc_trim_r
                0x0000a6cc                _free_r
 .text          0x0000a9e0      0x49c c:/altera/10.1sp1/nios2eds/bin/gnu/h-i686-mingw32/bin/../lib/gcc/nios2-elf/4.1.2/../../../../nios2-elf/lib/mno-hw-mul\libc.a(lib_a-fvwrite.o)
                0x0000a9e0                __sfvwrite_r
 .text          0x0000ae7c        0x0 c:/altera/10.1sp1/nios2eds/bin/gnu/h-i686-mingw32/bin/../lib/gcc/nios2-elf/4.1.2/../../../../nios2-elf/lib/mno-hw-mul\libc.a(lib_a-int_errno.o)
 .text          0x0000ae7c       0xc4 c:/altera/10.1sp1/nios2eds/bin/gnu/h-i686-mingw32/bin/../lib/gcc/nios2-elf/4.1.2/../../../../nios2-elf/lib/mno-hw-mul\libc.a(lib_a-locale.o)
                0x0000ae7c                __locale_charset
                0x0000ae84                _localeconv_r
                0x0000ae90                localeconv
                0x0000aea0                _setlocale_r
                0x0000af24                setlocale
 .text          0x0000af40       0x78 c:/altera/10.1sp1/nios2eds/bin/gnu/h-i686-mingw32/bin/../lib/gcc/nios2-elf/4.1.2/../../../../nios2-elf/lib/mno-hw-mul\libc.a(lib_a-lseekr.o)
                0x0000af40                _lseek_r
 .text          0x0000afb8      0x194 c:/altera/10.1sp1/nios2eds/bin/gnu/h-i686-mingw32/bin/../lib/gcc/nios2-elf/4.1.2/../../../../nios2-elf/lib/mno-hw-mul\libc.a(lib_a-makebuf.o)
                0x0000afb8                __smakebuf_r
 .text          0x0000b14c       0xe0 c:/altera/10.1sp1/nios2eds/bin/gnu/h-i686-mingw32/bin/../lib/gcc/nios2-elf/4.1.2/../../../../nios2-elf/lib/mno-hw-mul\libc.a(lib_a-memmove.o)
                0x0000b14c                memmove
 .text          0x0000b22c     0x108c c:/altera/10.1sp1/nios2eds/bin/gnu/h-i686-mingw32/bin/../lib/gcc/nios2-elf/4.1.2/../../../../nios2-elf/lib/mno-hw-mul\libc.a(lib_a-mprec.o)
                0x0000b22c                _Bfree
                0x0000b254                __hi0bits
                0x0000b2c4                __lo0bits
                0x0000b388                __mcmp
                0x0000b3e8                __ulp
                0x0000b468                __b2d
                0x0000b588                __ratio
                0x0000b638                _mprec_log10
                0x0000b6cc                __copybits
                0x0000b724                __any_on
                0x0000b7ac                _Balloc
                0x0000b868                __d2b
                0x0000b9e4                __mdiff
                0x0000bb70                __lshift
                0x0000bcbc                __multiply
                0x0000bf10                __i2b
                0x0000bf4c                __multadd
                0x0000c078                __pow5mult
                0x0000c198                __s2b
 .text          0x0000c2b8       0x78 c:/altera/10.1sp1/nios2eds/bin/gnu/h-i686-mingw32/bin/../lib/gcc/nios2-elf/4.1.2/../../../../nios2-elf/lib/mno-hw-mul\libc.a(lib_a-readr.o)
                0x0000c2b8                _read_r
 .text          0x0000c330      0x5f4 c:/altera/10.1sp1/nios2eds/bin/gnu/h-i686-mingw32/bin/../lib/gcc/nios2-elf/4.1.2/../../../../nios2-elf/lib/mno-hw-mul\libc.a(lib_a-reallocr.o)
                0x0000c330                _realloc_r
 .text          0x0000c924       0x40 c:/altera/10.1sp1/nios2eds/bin/gnu/h-i686-mingw32/bin/../lib/gcc/nios2-elf/4.1.2/../../../../nios2-elf/lib/mno-hw-mul\libc.a(lib_a-s_isinfd.o)
                0x0000c924                __isinfd
 .text          0x0000c964       0x30 c:/altera/10.1sp1/nios2eds/bin/gnu/h-i686-mingw32/bin/../lib/gcc/nios2-elf/4.1.2/../../../../nios2-elf/lib/mno-hw-mul\libc.a(lib_a-s_isnand.o)
                0x0000c964                __isnand
 .text          0x0000c994       0xbc c:/altera/10.1sp1/nios2eds/bin/gnu/h-i686-mingw32/bin/../lib/gcc/nios2-elf/4.1.2/../../../../nios2-elf/lib/mno-hw-mul\libc.a(lib_a-strcmp.o)
                0x0000c994                strcmp
 .text          0x0000ca50       0xc8 c:/altera/10.1sp1/nios2eds/bin/gnu/h-i686-mingw32/bin/../lib/gcc/nios2-elf/4.1.2/../../../../nios2-elf/lib/mno-hw-mul\libc.a(lib_a-callocr.o)
                0x0000ca50                _calloc_r
 .text          0x0000cb18       0x74 c:/altera/10.1sp1/nios2eds/bin/gnu/h-i686-mingw32/bin/../lib/gcc/nios2-elf/4.1.2/../../../../nios2-elf/lib/mno-hw-mul\libc.a(lib_a-fstatr.o)
                0x0000cb18                _fstat_r
 .text          0x0000cb8c       0x70 c:/altera/10.1sp1/nios2eds/bin/gnu/h-i686-mingw32/bin/../lib/gcc/nios2-elf/4.1.2/../../../../nios2-elf/lib/mno-hw-mul\libc.a(lib_a-isattyr.o)
                0x0000cb8c                _isatty_r
 .text          0x0000cbfc      0x66c c:/altera/10.1sp1/nios2eds/bin/gnu/h-i686-mingw32/bin/../lib/gcc/nios2-elf/4.1.2/mno-hw-mul\libgcc.a(_udivdi3.o)
                0x0000cbfc                __udivdi3
 .text          0x0000d268      0x660 c:/altera/10.1sp1/nios2eds/bin/gnu/h-i686-mingw32/bin/../lib/gcc/nios2-elf/4.1.2/mno-hw-mul\libgcc.a(_umoddi3.o)
                0x0000d268                __umoddi3
 .text          0x0000d8c8       0x88 c:/altera/10.1sp1/nios2eds/bin/gnu/h-i686-mingw32/bin/../lib/gcc/nios2-elf/4.1.2/mno-hw-mul\libgcc.a(_ne_df.o)
                0x0000d8c8                __nedf2
 .text          0x0000d950       0x88 c:/altera/10.1sp1/nios2eds/bin/gnu/h-i686-mingw32/bin/../lib/gcc/nios2-elf/4.1.2/mno-hw-mul\libgcc.a(_lt_df.o)
                0x0000d950                __ltdf2
 .text          0x0000d9d8      0x194 c:/altera/10.1sp1/nios2eds/bin/gnu/h-i686-mingw32/bin/../lib/gcc/nios2-elf/4.1.2/mno-hw-mul\libgcc.a(_usi_to_df.o)
                0x0000d9d8                __floatunsidf
 .text          0x0000db6c      0x160 ../FFT_TESTER_bsp\libhal_bsp.a(alt_close.o)
                0x0000db6c                close
 .text          0x0000dccc       0x2c ../FFT_TESTER_bsp\libhal_bsp.a(alt_dev.o)
 .text          0x0000dcf8        0x0 ../FFT_TESTER_bsp\libhal_bsp.a(alt_errno.o)
 .text          0x0000dcf8      0x138 ../FFT_TESTER_bsp\libhal_bsp.a(alt_fstat.o)
                0x0000dcf8                fstat
 .text          0x0000de30      0x124 ../FFT_TESTER_bsp\libhal_bsp.a(alt_isatty.o)
                0x0000de30                isatty
 .text          0x0000df54       0xec ../FFT_TESTER_bsp\libhal_bsp.a(alt_load.o)
                0x0000df54                alt_load
 .text          0x0000e040      0x154 ../FFT_TESTER_bsp\libhal_bsp.a(alt_lseek.o)
                0x0000e040                lseek
 .text          0x0000e194       0x6c ../FFT_TESTER_bsp\libhal_bsp.a(alt_main.o)
                0x0000e194                alt_main
 .text          0x0000e200       0x40 ../FFT_TESTER_bsp\libhal_bsp.a(alt_malloc_lock.o)
                0x0000e200                __malloc_lock
                0x0000e220                __malloc_unlock
 .text          0x0000e240      0x184 ../FFT_TESTER_bsp\libhal_bsp.a(alt_read.o)
                0x0000e240                read
 .text          0x0000e3c4       0x78 ../FFT_TESTER_bsp\libhal_bsp.a(alt_release_fd.o)
                0x0000e3c4                alt_release_fd
 .text          0x0000e43c       0xbc ../FFT_TESTER_bsp\libhal_bsp.a(alt_sbrk.o)
                0x0000e43c                sbrk
 .text          0x0000e4f8      0x184 ../FFT_TESTER_bsp\libhal_bsp.a(alt_write.o)
                0x0000e4f8                write
 .text          0x0000e67c      0x114 ../FFT_TESTER_bsp\libhal_bsp.a(alt_sys_init.o)
                0x0000e67c                alt_irq_init
                0x0000e6b0                alt_sys_init
 .text          0x0000e790      0x148 ../FFT_TESTER_bsp\libhal_bsp.a(altera_avalon_jtag_uart_fd.o)
                0x0000e790                altera_avalon_jtag_uart_read_fd
                0x0000e7e8                altera_avalon_jtag_uart_write_fd
                0x0000e840                altera_avalon_jtag_uart_close_fd
                0x0000e888                altera_avalon_jtag_uart_ioctl_fd
 .text          0x0000e8d8      0x40c ../FFT_TESTER_bsp\libhal_bsp.a(altera_avalon_jtag_uart_init.o)
                0x0000e8d8                altera_avalon_jtag_uart_init
                0x0000ec70                altera_avalon_jtag_uart_close
 .text          0x0000ece4       0xf4 ../FFT_TESTER_bsp\libhal_bsp.a(altera_avalon_jtag_uart_ioctl.o)
                0x0000ece4                altera_avalon_jtag_uart_ioctl
 .text          0x0000edd8      0x224 ../FFT_TESTER_bsp\libhal_bsp.a(altera_avalon_jtag_uart_read.o)
                0x0000edd8                altera_avalon_jtag_uart_read
 .text          0x0000effc      0x240 ../FFT_TESTER_bsp\libhal_bsp.a(altera_avalon_jtag_uart_write.o)
                0x0000effc                altera_avalon_jtag_uart_write
 .text          0x0000f23c      0xd0c ../FFT_TESTER_bsp\libhal_bsp.a(altera_avalon_sgdma.o)
                0x0000f23c                alt_avalon_sgdma_do_async_transfer
                0x0000f378                alt_avalon_sgdma_do_sync_transfer
                0x0000f49c                alt_avalon_sgdma_construct_mem_to_mem_desc
                0x0000f50c                alt_avalon_sgdma_construct_mem_to_mem_desc_burst
                0x0000f58c                alt_avalon_sgdma_construct_stream_to_mem_desc
                0x0000f5e0                alt_avalon_sgdma_construct_stream_to_mem_desc_burst
                0x0000f650                alt_avalon_sgdma_construct_mem_to_stream_desc
                0x0000f6c4                alt_avalon_sgdma_construct_mem_to_stream_desc_burst
                0x0000f748                alt_avalon_sgdma_register_callback
                0x0000f798                alt_avalon_sgdma_start
                0x0000f7ec                alt_avalon_sgdma_stop
                0x0000f844                alt_avalon_sgdma_check_descriptor_status
                0x0000f8b4                alt_avalon_sgdma_open
                0x0000f96c                alt_avalon_sgdma_construct_descriptor
                0x0000f9f4                alt_avalon_sgdma_construct_descriptor_burst
                0x0000fe9c                alt_avalon_sgdma_init
 .text          0x0000ff48      0x100 ../FFT_TESTER_bsp\libhal_bsp.a(altera_avalon_timer_sc.o)
                0x0000ffb8                alt_avalon_timer_sc_init
 .text          0x00010048      0x294 ../FFT_TESTER_bsp\libhal_bsp.a(perf_print_formatted_report.o)
                0x00010048                perf_print_formatted_report
 .text          0x000102dc      0x154 ../FFT_TESTER_bsp\libhal_bsp.a(alt_alarm_start.o)
                0x000102dc                alt_alarm_start
 .text          0x00010430       0x1c ../FFT_TESTER_bsp\libhal_bsp.a(alt_dcache_flush_all.o)
                0x00010430                alt_dcache_flush_all
 .text          0x0001044c      0x114 ../FFT_TESTER_bsp\libhal_bsp.a(alt_dev_llist_insert.o)
                0x0001044c                alt_dev_llist_insert
 .text          0x00010560       0x64 ../FFT_TESTER_bsp\libhal_bsp.a(alt_do_ctors.o)
                0x00010560                _do_ctors
 .text          0x000105c4       0x64 ../FFT_TESTER_bsp\libhal_bsp.a(alt_do_dtors.o)
                0x000105c4                _do_dtors
 .text          0x00010628       0x94 ../FFT_TESTER_bsp\libhal_bsp.a(alt_find_dev.o)
                0x00010628                alt_find_dev
 .text          0x000106bc       0x1c ../FFT_TESTER_bsp\libhal_bsp.a(alt_icache_flush_all.o)
                0x000106bc                alt_icache_flush_all
 .text          0x000106d8      0x1d4 ../FFT_TESTER_bsp\libhal_bsp.a(alt_iic.o)
                0x000106d8                alt_ic_isr_register
                0x00010728                alt_ic_irq_enable
                0x000107c4                alt_ic_irq_disable
                0x00010864                alt_ic_irq_enabled
 .text          0x000108ac       0xf8 ../FFT_TESTER_bsp\libhal_bsp.a(alt_iic_isr_register.o)
                0x000108ac                alt_iic_isr_register
 .text          0x000109a4      0x150 ../FFT_TESTER_bsp\libhal_bsp.a(alt_io_redirect.o)
                0x00010a7c                alt_io_redirect
 .text          0x00010af4        0x0 ../FFT_TESTER_bsp\libhal_bsp.a(alt_irq_entry.o)
 .text          0x00010af4        0x0 ../FFT_TESTER_bsp\libhal_bsp.a(alt_irq_handler.o)
 .text          0x00010af4        0x0 ../FFT_TESTER_bsp\libhal_bsp.a(alt_irq_vars.o)
 .text          0x00010af4      0x2e4 ../FFT_TESTER_bsp\libhal_bsp.a(alt_open.o)
                0x00010bec                open
 .text          0x00010dd8       0x40 ../FFT_TESTER_bsp\libhal_bsp.a(alt_remap_uncached.o)
                0x00010dd8                alt_remap_uncached
 .text          0x00010e18      0x1a4 ../FFT_TESTER_bsp\libhal_bsp.a(alt_tick.o)
                0x00010e18                alt_alarm_stop
                0x00010eb0                alt_tick
 .text          0x00010fbc       0x20 ../FFT_TESTER_bsp\libhal_bsp.a(altera_nios2_irq.o)
                0x00010fbc                altera_nios2_irq_init
 .text          0x00010fdc      0x188 ../FFT_TESTER_bsp\libhal_bsp.a(altera_avalon_performance_counter.o)
                0x00010fdc                perf_get_section_time
                0x0001108c                perf_get_total_time
                0x000110e0                perf_get_num_starts
                0x00011120                alt_get_performance_counter_base
                0x00011140                alt_get_cpu_freq
 .text          0x00011164       0x24 ../FFT_TESTER_bsp\libhal_bsp.a(alt_dcache_flush.o)
                0x00011164                alt_dcache_flush
 .text          0x00011188        0x0 ../FFT_TESTER_bsp\libhal_bsp.a(alt_exception_entry.o)
 .text          0x00011188      0x120 ../FFT_TESTER_bsp\libhal_bsp.a(alt_find_file.o)
                0x00011188                alt_find_file
 .text          0x000112a8       0xd0 ../FFT_TESTER_bsp\libhal_bsp.a(alt_get_fd.o)
                0x000112a8                alt_get_fd
 .text          0x00011378       0x14 c:/altera/10.1sp1/nios2eds/bin/gnu/h-i686-mingw32/bin/../lib/gcc/nios2-elf/4.1.2/../../../../nios2-elf/lib/mno-hw-mul\libc.a(lib_a-atexit.o)
                0x00011378                atexit
 .text          0x0001138c       0x38 c:/altera/10.1sp1/nios2eds/bin/gnu/h-i686-mingw32/bin/../lib/gcc/nios2-elf/4.1.2/../../../../nios2-elf/lib/mno-hw-mul\libc.a(lib_a-exit.o)
                0x0001138c                exit
 .text          0x000113c4       0x74 c:/altera/10.1sp1/nios2eds/bin/gnu/h-i686-mingw32/bin/../lib/gcc/nios2-elf/4.1.2/../../../../nios2-elf/lib/mno-hw-mul\libc.a(lib_a-memcmp.o)
                0x000113c4                memcmp
 .text          0x00011438      0x134 c:/altera/10.1sp1/nios2eds/bin/gnu/h-i686-mingw32/bin/../lib/gcc/nios2-elf/4.1.2/../../../../nios2-elf/lib/mno-hw-mul\libc.a(lib_a-__atexit.o)
                0x00011438                __register_exitproc
 .text          0x0001156c      0x1b4 c:/altera/10.1sp1/nios2eds/bin/gnu/h-i686-mingw32/bin/../lib/gcc/nios2-elf/4.1.2/../../../../nios2-elf/lib/mno-hw-mul\libc.a(lib_a-__call_atexit.o)
                0x00011570                __call_exitprocs
 .text          0x00011720       0x88 c:/altera/10.1sp1/nios2eds/bin/gnu/h-i686-mingw32/bin/../lib/gcc/nios2-elf/4.1.2/mno-hw-mul\libgcc.a(_floatundidf.o)
                0x00011720                __floatundidf
 .text          0x000117a8       0x60 ../FFT_TESTER_bsp\libhal_bsp.a(alt_exit.o)
                0x000117e8                _exit
 *(.gnu.warning.*)
 *(.fini)
                0x00011808                PROVIDE (__etext, ABSOLUTE (.))
                0x00011808                PROVIDE (_etext, ABSOLUTE (.))
                0x00011808                PROVIDE (etext, ABSOLUTE (.))
 *(.eh_frame_hdr)
                0x00011808                . = ALIGN (0x4)
                0x00011808                PROVIDE (__preinit_array_start, ABSOLUTE (.))
 *(.preinit_array)
                0x00011808                PROVIDE (__preinit_array_end, ABSOLUTE (.))
                0x00011808                PROVIDE (__init_array_start, ABSOLUTE (.))
 *(.init_array)
                0x00011808                PROVIDE (__init_array_end, ABSOLUTE (.))
                0x00011808                PROVIDE (__fini_array_start, ABSOLUTE (.))
 *(.fini_array)
                0x00011808                PROVIDE (__fini_array_end, ABSOLUTE (.))
 *(.eh_frame)
 .eh_frame      0x00011808       0x40 c:/altera/10.1sp1/nios2eds/bin/gnu/h-i686-mingw32/bin/../lib/gcc/nios2-elf/4.1.2/mno-hw-mul\libgcc.a(_udivdi3.o)
 .eh_frame      0x00011848       0x2c c:/altera/10.1sp1/nios2eds/bin/gnu/h-i686-mingw32/bin/../lib/gcc/nios2-elf/4.1.2/mno-hw-mul\libgcc.a(_umoddi3.o)
                                 0x40 (size before relaxing)
 *(.gcc_except_table)
 *(.dynamic)
                0x00011874                PROVIDE (__CTOR_LIST__, ABSOLUTE (.))
 *(.ctors)
 *(SORT(.ctors.*))
 .ctors.65535   0x00011874        0x4 c:/altera/10.1sp1/nios2eds/bin/gnu/h-i686-mingw32/bin/../lib/gcc/nios2-elf/4.1.2/../../../../nios2-elf/lib/mno-hw-mul\libc.a(lib_a-__call_atexit.o)
                0x00011878                PROVIDE (__CTOR_END__, ABSOLUTE (.))
                0x00011878                PROVIDE (__DTOR_LIST__, ABSOLUTE (.))
 *(.dtors)
 *(SORT(.dtors.*))
                0x00011878                PROVIDE (__DTOR_END__, ABSOLUTE (.))
 *(.jcr)
                0x00011878                . = ALIGN (0x4)

.rodata         0x00011878      0x770
                0x00011878                PROVIDE (__ram_rodata_start, ABSOLUTE (.))
                0x00011878                . = ALIGN (0x4)
 *(.rodata .rodata.* .gnu.linkonce.r.*)
 .rodata        0x00011878       0x14 obj/fixedpoint2_16.o
 .rodata        0x0001188c      0x108 obj/hello_world.o
 .rodata        0x00011994      0x188 c:/altera/10.1sp1/nios2eds/bin/gnu/h-i686-mingw32/bin/../lib/gcc/nios2-elf/4.1.2/../../../../nios2-elf/lib/mno-hw-mul\libm.a(lib_a-e_rem_pio2.o)
 .rodata        0x00011b1c       0x50 c:/altera/10.1sp1/nios2eds/bin/gnu/h-i686-mingw32/bin/../lib/gcc/nios2-elf/4.1.2/../../../../nios2-elf/lib/mno-hw-mul\libm.a(lib_a-k_rem_pio2.o)
 .rodata        0x00011b6c       0x10 c:/altera/10.1sp1/nios2eds/bin/gnu/h-i686-mingw32/bin/../lib/gcc/nios2-elf/4.1.2/mno-hw-mul\libgcc.a(_thenan_sf.o)
                0x00011b6c                __thenan_sf
 .rodata        0x00011b7c       0x14 c:/altera/10.1sp1/nios2eds/bin/gnu/h-i686-mingw32/bin/../lib/gcc/nios2-elf/4.1.2/mno-hw-mul\libgcc.a(_thenan_df.o)
                0x00011b7c                __thenan_df
 .rodata        0x00011b90      0x100 c:/altera/10.1sp1/nios2eds/bin/gnu/h-i686-mingw32/bin/../lib/gcc/nios2-elf/4.1.2/mno-hw-mul\libgcc.a(_clz.o)
                0x00011b90                __clz_tab
 .rodata.str1.4
                0x00011c90        0x2 c:/altera/10.1sp1/nios2eds/bin/gnu/h-i686-mingw32/bin/../lib/gcc/nios2-elf/4.1.2/../../../../nios2-elf/lib/mno-hw-mul\libc.a(lib_a-impure.o)
                                  0x4 (size before relaxing)
 *fill*         0x00011c92        0x2 00
 .rodata.str1.4
                0x00011c94        0x2 c:/altera/10.1sp1/nios2eds/bin/gnu/h-i686-mingw32/bin/../lib/gcc/nios2-elf/4.1.2/../../../../nios2-elf/lib/mno-hw-mul\libc.a(lib_a-puts.o)
                                  0x4 (size before relaxing)
 *fill*         0x00011c96        0x2 00
 .rodata.str1.4
                0x00011c98       0x5e c:/altera/10.1sp1/nios2eds/bin/gnu/h-i686-mingw32/bin/../lib/gcc/nios2-elf/4.1.2/../../../../nios2-elf/lib/mno-hw-mul\libc.a(lib_a-vfprintf.o)
                                 0x60 (size before relaxing)
 .rodata        0x00011cf6       0x20 c:/altera/10.1sp1/nios2eds/bin/gnu/h-i686-mingw32/bin/../lib/gcc/nios2-elf/4.1.2/../../../../nios2-elf/lib/mno-hw-mul\libc.a(lib_a-vfprintf.o)
 *fill*         0x00011d16        0x2 00
 .rodata.str1.4
                0x00011d18       0x10 c:/altera/10.1sp1/nios2eds/bin/gnu/h-i686-mingw32/bin/../lib/gcc/nios2-elf/4.1.2/../../../../nios2-elf/lib/mno-hw-mul\libc.a(lib_a-dtoa.o)
                                 0x14 (size before relaxing)
 .rodata.str1.4
                0x00011d28       0x10 c:/altera/10.1sp1/nios2eds/bin/gnu/h-i686-mingw32/bin/../lib/gcc/nios2-elf/4.1.2/../../../../nios2-elf/lib/mno-hw-mul\libc.a(lib_a-locale.o)
                                 0x18 (size before relaxing)
 .rodata        0x00011d38       0x30 c:/altera/10.1sp1/nios2eds/bin/gnu/h-i686-mingw32/bin/../lib/gcc/nios2-elf/4.1.2/../../../../nios2-elf/lib/mno-hw-mul\libc.a(lib_a-locale.o)
 .rodata        0x00011d68      0x124 c:/altera/10.1sp1/nios2eds/bin/gnu/h-i686-mingw32/bin/../lib/gcc/nios2-elf/4.1.2/../../../../nios2-elf/lib/mno-hw-mul\libc.a(lib_a-mprec.o)
                0x00011d68                __mprec_tens
                0x00011e30                __mprec_bigtens
                0x00011e58                __mprec_tinytens
 .rodata        0x00011e8c        0xc ../FFT_TESTER_bsp\libhal_bsp.a(alt_dev.o)
 .rodata        0x00011e98       0x10 ../FFT_TESTER_bsp\libhal_bsp.a(alt_main.o)
 .rodata        0x00011ea8       0x40 ../FFT_TESTER_bsp\libhal_bsp.a(alt_sys_init.o)
 .rodata        0x00011ee8      0x100 ../FFT_TESTER_bsp\libhal_bsp.a(perf_print_formatted_report.o)
 *(.rodata1)
                0x00011fe8                . = ALIGN (0x4)
                0x00011fe8                PROVIDE (__ram_rodata_end, ABSOLUTE (.))
                0x00011878                PROVIDE (__flash_rodata_start, LOADADDR (.rodata))

.rwdata         0x00011fe8     0x1af4 load address 0x00013adc
                0x00011fe8                PROVIDE (__ram_rwdata_start, ABSOLUTE (.))
                0x00011fe8                . = ALIGN (0x4)
 *(.got.plt)
 *(.got)
 *(.data1)
 *(.data .data.* .gnu.linkonce.d.*)
 .data          0x00011fe8        0x0 ../FFT_TESTER_bsp/obj/HAL/src/crt0.o
 .data          0x00011fe8        0x0 obj/fixedpoint2_16.o
 .data          0x00011fe8        0x0 obj/hello_world.o
 .data          0x00011fe8        0x0 c:/altera/10.1sp1/nios2eds/bin/gnu/h-i686-mingw32/bin/../lib/gcc/nios2-elf/4.1.2/../../../../nios2-elf/lib/mno-hw-mul\libm.a(lib_a-s_sin.o)
 .data          0x00011fe8        0x0 c:/altera/10.1sp1/nios2eds/bin/gnu/h-i686-mingw32/bin/../lib/gcc/nios2-elf/4.1.2/../../../../nios2-elf/lib/mno-hw-mul\libm.a(lib_a-e_rem_pio2.o)
 .data          0x00011fe8        0x0 c:/altera/10.1sp1/nios2eds/bin/gnu/h-i686-mingw32/bin/../lib/gcc/nios2-elf/4.1.2/../../../../nios2-elf/lib/mno-hw-mul\libm.a(lib_a-k_cos.o)
 .data          0x00011fe8        0x0 c:/altera/10.1sp1/nios2eds/bin/gnu/h-i686-mingw32/bin/../lib/gcc/nios2-elf/4.1.2/../../../../nios2-elf/lib/mno-hw-mul\libm.a(lib_a-k_rem_pio2.o)
 .data          0x00011fe8        0x0 c:/altera/10.1sp1/nios2eds/bin/gnu/h-i686-mingw32/bin/../lib/gcc/nios2-elf/4.1.2/../../../../nios2-elf/lib/mno-hw-mul\libm.a(lib_a-k_sin.o)
 .data          0x00011fe8        0x0 c:/altera/10.1sp1/nios2eds/bin/gnu/h-i686-mingw32/bin/../lib/gcc/nios2-elf/4.1.2/../../../../nios2-elf/lib/mno-hw-mul\libm.a(lib_a-s_fabs.o)
 .data          0x00011fe8        0x0 c:/altera/10.1sp1/nios2eds/bin/gnu/h-i686-mingw32/bin/../lib/gcc/nios2-elf/4.1.2/../../../../nios2-elf/lib/mno-hw-mul\libm.a(lib_a-s_floor.o)
 .data          0x00011fe8        0x0 c:/altera/10.1sp1/nios2eds/bin/gnu/h-i686-mingw32/bin/../lib/gcc/nios2-elf/4.1.2/../../../../nios2-elf/lib/mno-hw-mul\libm.a(lib_a-s_scalbn.o)
 .data          0x00011fe8        0x0 c:/altera/10.1sp1/nios2eds/bin/gnu/h-i686-mingw32/bin/../lib/gcc/nios2-elf/4.1.2/../../../../nios2-elf/lib/mno-hw-mul\libm.a(lib_a-s_copysign.o)
 .data          0x00011fe8        0x0 c:/altera/10.1sp1/nios2eds/bin/gnu/h-i686-mingw32/bin/../lib/gcc/nios2-elf/4.1.2/mno-hw-mul\libgcc.a(_muldi3.o)
 .data          0x00011fe8        0x0 c:/altera/10.1sp1/nios2eds/bin/gnu/h-i686-mingw32/bin/../lib/gcc/nios2-elf/4.1.2/mno-hw-mul\libgcc.a(_addsub_sf.o)
 .data          0x00011fe8        0x0 c:/altera/10.1sp1/nios2eds/bin/gnu/h-i686-mingw32/bin/../lib/gcc/nios2-elf/4.1.2/mno-hw-mul\libgcc.a(_mul_sf.o)
 .data          0x00011fe8        0x0 c:/altera/10.1sp1/nios2eds/bin/gnu/h-i686-mingw32/bin/../lib/gcc/nios2-elf/4.1.2/mno-hw-mul\libgcc.a(_div_sf.o)
 .data          0x00011fe8        0x0 c:/altera/10.1sp1/nios2eds/bin/gnu/h-i686-mingw32/bin/../lib/gcc/nios2-elf/4.1.2/mno-hw-mul\libgcc.a(_ge_sf.o)
 .data          0x00011fe8        0x0 c:/altera/10.1sp1/nios2eds/bin/gnu/h-i686-mingw32/bin/../lib/gcc/nios2-elf/4.1.2/mno-hw-mul\libgcc.a(_si_to_sf.o)
 .data          0x00011fe8        0x0 c:/altera/10.1sp1/nios2eds/bin/gnu/h-i686-mingw32/bin/../lib/gcc/nios2-elf/4.1.2/mno-hw-mul\libgcc.a(_sf_to_df.o)
 .data          0x00011fe8        0x0 c:/altera/10.1sp1/nios2eds/bin/gnu/h-i686-mingw32/bin/../lib/gcc/nios2-elf/4.1.2/mno-hw-mul\libgcc.a(_thenan_sf.o)
 .data          0x00011fe8        0x0 c:/altera/10.1sp1/nios2eds/bin/gnu/h-i686-mingw32/bin/../lib/gcc/nios2-elf/4.1.2/mno-hw-mul\libgcc.a(_addsub_df.o)
 .data          0x00011fe8        0x0 c:/altera/10.1sp1/nios2eds/bin/gnu/h-i686-mingw32/bin/../lib/gcc/nios2-elf/4.1.2/mno-hw-mul\libgcc.a(_mul_df.o)
 .data          0x00011fe8        0x0 c:/altera/10.1sp1/nios2eds/bin/gnu/h-i686-mingw32/bin/../lib/gcc/nios2-elf/4.1.2/mno-hw-mul\libgcc.a(_div_df.o)
 .data          0x00011fe8        0x0 c:/altera/10.1sp1/nios2eds/bin/gnu/h-i686-mingw32/bin/../lib/gcc/nios2-elf/4.1.2/mno-hw-mul\libgcc.a(_eq_df.o)
 .data          0x00011fe8        0x0 c:/altera/10.1sp1/nios2eds/bin/gnu/h-i686-mingw32/bin/../lib/gcc/nios2-elf/4.1.2/mno-hw-mul\libgcc.a(_gt_df.o)
 .data          0x00011fe8        0x0 c:/altera/10.1sp1/nios2eds/bin/gnu/h-i686-mingw32/bin/../lib/gcc/nios2-elf/4.1.2/mno-hw-mul\libgcc.a(_ge_df.o)
 .data          0x00011fe8        0x0 c:/altera/10.1sp1/nios2eds/bin/gnu/h-i686-mingw32/bin/../lib/gcc/nios2-elf/4.1.2/mno-hw-mul\libgcc.a(_si_to_df.o)
 .data          0x00011fe8        0x0 c:/altera/10.1sp1/nios2eds/bin/gnu/h-i686-mingw32/bin/../lib/gcc/nios2-elf/4.1.2/mno-hw-mul\libgcc.a(_df_to_si.o)
 .data          0x00011fe8        0x0 c:/altera/10.1sp1/nios2eds/bin/gnu/h-i686-mingw32/bin/../lib/gcc/nios2-elf/4.1.2/mno-hw-mul\libgcc.a(_make_df.o)
 .data          0x00011fe8        0x0 c:/altera/10.1sp1/nios2eds/bin/gnu/h-i686-mingw32/bin/../lib/gcc/nios2-elf/4.1.2/mno-hw-mul\libgcc.a(_df_to_sf.o)
 .data          0x00011fe8        0x0 c:/altera/10.1sp1/nios2eds/bin/gnu/h-i686-mingw32/bin/../lib/gcc/nios2-elf/4.1.2/mno-hw-mul\libgcc.a(_thenan_df.o)
 .data          0x00011fe8        0x0 c:/altera/10.1sp1/nios2eds/bin/gnu/h-i686-mingw32/bin/../lib/gcc/nios2-elf/4.1.2/mno-hw-mul\libgcc.a(lib2-divmod.o)
 .data          0x00011fe8        0x0 c:/altera/10.1sp1/nios2eds/bin/gnu/h-i686-mingw32/bin/../lib/gcc/nios2-elf/4.1.2/mno-hw-mul\libgcc.a(lib2-mul.o)
 .data          0x00011fe8        0x0 c:/altera/10.1sp1/nios2eds/bin/gnu/h-i686-mingw32/bin/../lib/gcc/nios2-elf/4.1.2/mno-hw-mul\libgcc.a(_clzsi2.o)
 .data          0x00011fe8        0x0 c:/altera/10.1sp1/nios2eds/bin/gnu/h-i686-mingw32/bin/../lib/gcc/nios2-elf/4.1.2/mno-hw-mul\libgcc.a(_pack_sf.o)
 .data          0x00011fe8        0x0 c:/altera/10.1sp1/nios2eds/bin/gnu/h-i686-mingw32/bin/../lib/gcc/nios2-elf/4.1.2/mno-hw-mul\libgcc.a(_unpack_sf.o)
 .data          0x00011fe8        0x0 c:/altera/10.1sp1/nios2eds/bin/gnu/h-i686-mingw32/bin/../lib/gcc/nios2-elf/4.1.2/mno-hw-mul\libgcc.a(_fpcmp_parts_sf.o)
 .data          0x00011fe8        0x0 c:/altera/10.1sp1/nios2eds/bin/gnu/h-i686-mingw32/bin/../lib/gcc/nios2-elf/4.1.2/mno-hw-mul\libgcc.a(_make_sf.o)
 .data          0x00011fe8        0x0 c:/altera/10.1sp1/nios2eds/bin/gnu/h-i686-mingw32/bin/../lib/gcc/nios2-elf/4.1.2/mno-hw-mul\libgcc.a(_pack_df.o)
 .data          0x00011fe8        0x0 c:/altera/10.1sp1/nios2eds/bin/gnu/h-i686-mingw32/bin/../lib/gcc/nios2-elf/4.1.2/mno-hw-mul\libgcc.a(_unpack_df.o)
 .data          0x00011fe8        0x0 c:/altera/10.1sp1/nios2eds/bin/gnu/h-i686-mingw32/bin/../lib/gcc/nios2-elf/4.1.2/mno-hw-mul\libgcc.a(_fpcmp_parts_df.o)
 .data          0x00011fe8        0x0 c:/altera/10.1sp1/nios2eds/bin/gnu/h-i686-mingw32/bin/../lib/gcc/nios2-elf/4.1.2/mno-hw-mul\libgcc.a(_clz.o)
 .data          0x00011fe8        0x0 c:/altera/10.1sp1/nios2eds/bin/gnu/h-i686-mingw32/bin/../lib/gcc/nios2-elf/4.1.2/../../../../nios2-elf/lib/mno-hw-mul\libc.a(lib_a-fgets.o)
 .data          0x00011fe8        0x0 c:/altera/10.1sp1/nios2eds/bin/gnu/h-i686-mingw32/bin/../lib/gcc/nios2-elf/4.1.2/../../../../nios2-elf/lib/mno-hw-mul\libc.a(lib_a-findfp.o)
 .data          0x00011fe8        0x0 c:/altera/10.1sp1/nios2eds/bin/gnu/h-i686-mingw32/bin/../lib/gcc/nios2-elf/4.1.2/../../../../nios2-elf/lib/mno-hw-mul\libc.a(lib_a-fwalk.o)
 .data          0x00011fe8        0x0 c:/altera/10.1sp1/nios2eds/bin/gnu/h-i686-mingw32/bin/../lib/gcc/nios2-elf/4.1.2/../../../../nios2-elf/lib/mno-hw-mul\libc.a(lib_a-getc.o)
 .data          0x00011fe8      0x400 c:/altera/10.1sp1/nios2eds/bin/gnu/h-i686-mingw32/bin/../lib/gcc/nios2-elf/4.1.2/../../../../nios2-elf/lib/mno-hw-mul\libc.a(lib_a-impure.o)
 .data          0x000123e8      0x408 c:/altera/10.1sp1/nios2eds/bin/gnu/h-i686-mingw32/bin/../lib/gcc/nios2-elf/4.1.2/../../../../nios2-elf/lib/mno-hw-mul\libc.a(lib_a-mallocr.o)
                0x000123e8                __malloc_av_
 .data          0x000127f0        0x0 c:/altera/10.1sp1/nios2eds/bin/gnu/h-i686-mingw32/bin/../lib/gcc/nios2-elf/4.1.2/../../../../nios2-elf/lib/mno-hw-mul\libc.a(lib_a-memchr.o)
 .data          0x000127f0        0x0 c:/altera/10.1sp1/nios2eds/bin/gnu/h-i686-mingw32/bin/../lib/gcc/nios2-elf/4.1.2/../../../../nios2-elf/lib/mno-hw-mul\libc.a(lib_a-memcpy.o)
 .data          0x000127f0        0x0 c:/altera/10.1sp1/nios2eds/bin/gnu/h-i686-mingw32/bin/../lib/gcc/nios2-elf/4.1.2/../../../../nios2-elf/lib/mno-hw-mul\libc.a(lib_a-memset.o)
 .data          0x000127f0        0x0 c:/altera/10.1sp1/nios2eds/bin/gnu/h-i686-mingw32/bin/../lib/gcc/nios2-elf/4.1.2/../../../../nios2-elf/lib/mno-hw-mul\libc.a(lib_a-printf.o)
 .data          0x000127f0        0x0 c:/altera/10.1sp1/nios2eds/bin/gnu/h-i686-mingw32/bin/../lib/gcc/nios2-elf/4.1.2/../../../../nios2-elf/lib/mno-hw-mul\libc.a(lib_a-puts.o)
 .data          0x000127f0        0x0 c:/altera/10.1sp1/nios2eds/bin/gnu/h-i686-mingw32/bin/../lib/gcc/nios2-elf/4.1.2/../../../../nios2-elf/lib/mno-hw-mul\libc.a(lib_a-refill.o)
 .data          0x000127f0        0x0 c:/altera/10.1sp1/nios2eds/bin/gnu/h-i686-mingw32/bin/../lib/gcc/nios2-elf/4.1.2/../../../../nios2-elf/lib/mno-hw-mul\libc.a(lib_a-rget.o)
 .data          0x000127f0        0x0 c:/altera/10.1sp1/nios2eds/bin/gnu/h-i686-mingw32/bin/../lib/gcc/nios2-elf/4.1.2/../../../../nios2-elf/lib/mno-hw-mul\libc.a(lib_a-sbrkr.o)
 .data          0x000127f0        0x0 c:/altera/10.1sp1/nios2eds/bin/gnu/h-i686-mingw32/bin/../lib/gcc/nios2-elf/4.1.2/../../../../nios2-elf/lib/mno-hw-mul\libc.a(lib_a-sprintf.o)
 .data          0x000127f0        0x0 c:/altera/10.1sp1/nios2eds/bin/gnu/h-i686-mingw32/bin/../lib/gcc/nios2-elf/4.1.2/../../../../nios2-elf/lib/mno-hw-mul\libc.a(lib_a-stdio.o)
 .data          0x000127f0        0x0 c:/altera/10.1sp1/nios2eds/bin/gnu/h-i686-mingw32/bin/../lib/gcc/nios2-elf/4.1.2/../../../../nios2-elf/lib/mno-hw-mul\libc.a(lib_a-strlen.o)
 .data          0x000127f0        0x0 c:/altera/10.1sp1/nios2eds/bin/gnu/h-i686-mingw32/bin/../lib/gcc/nios2-elf/4.1.2/../../../../nios2-elf/lib/mno-hw-mul\libc.a(lib_a-vfprintf.o)
 .data          0x000127f0        0x0 c:/altera/10.1sp1/nios2eds/bin/gnu/h-i686-mingw32/bin/../lib/gcc/nios2-elf/4.1.2/../../../../nios2-elf/lib/mno-hw-mul\libc.a(lib_a-writer.o)
 .data          0x000127f0        0x0 c:/altera/10.1sp1/nios2eds/bin/gnu/h-i686-mingw32/bin/../lib/gcc/nios2-elf/4.1.2/../../../../nios2-elf/lib/mno-hw-mul\libc.a(lib_a-wsetup.o)
 .data          0x000127f0        0x0 c:/altera/10.1sp1/nios2eds/bin/gnu/h-i686-mingw32/bin/../lib/gcc/nios2-elf/4.1.2/../../../../nios2-elf/lib/mno-hw-mul\libc.a(lib_a-closer.o)
 .data          0x000127f0        0x0 c:/altera/10.1sp1/nios2eds/bin/gnu/h-i686-mingw32/bin/../lib/gcc/nios2-elf/4.1.2/../../../../nios2-elf/lib/mno-hw-mul\libc.a(lib_a-dtoa.o)
 .data          0x000127f0        0x0 c:/altera/10.1sp1/nios2eds/bin/gnu/h-i686-mingw32/bin/../lib/gcc/nios2-elf/4.1.2/../../../../nios2-elf/lib/mno-hw-mul\libc.a(lib_a-fclose.o)
 .data          0x000127f0        0x0 c:/altera/10.1sp1/nios2eds/bin/gnu/h-i686-mingw32/bin/../lib/gcc/nios2-elf/4.1.2/../../../../nios2-elf/lib/mno-hw-mul\libc.a(lib_a-fflush.o)
 .data          0x000127f0        0x0 c:/altera/10.1sp1/nios2eds/bin/gnu/h-i686-mingw32/bin/../lib/gcc/nios2-elf/4.1.2/../../../../nios2-elf/lib/mno-hw-mul\libc.a(lib_a-freer.o)
 .data          0x000127f0        0x0 c:/altera/10.1sp1/nios2eds/bin/gnu/h-i686-mingw32/bin/../lib/gcc/nios2-elf/4.1.2/../../../../nios2-elf/lib/mno-hw-mul\libc.a(lib_a-fvwrite.o)
 .data          0x000127f0        0x0 c:/altera/10.1sp1/nios2eds/bin/gnu/h-i686-mingw32/bin/../lib/gcc/nios2-elf/4.1.2/../../../../nios2-elf/lib/mno-hw-mul\libc.a(lib_a-int_errno.o)
 .data          0x000127f0        0xc c:/altera/10.1sp1/nios2eds/bin/gnu/h-i686-mingw32/bin/../lib/gcc/nios2-elf/4.1.2/../../../../nios2-elf/lib/mno-hw-mul\libc.a(lib_a-locale.o)
                0x000127f0                __lc_ctype
 .data          0x000127fc        0x0 c:/altera/10.1sp1/nios2eds/bin/gnu/h-i686-mingw32/bin/../lib/gcc/nios2-elf/4.1.2/../../../../nios2-elf/lib/mno-hw-mul\libc.a(lib_a-lseekr.o)
 .data          0x000127fc        0x0 c:/altera/10.1sp1/nios2eds/bin/gnu/h-i686-mingw32/bin/../lib/gcc/nios2-elf/4.1.2/../../../../nios2-elf/lib/mno-hw-mul\libc.a(lib_a-makebuf.o)
 .data          0x000127fc        0x0 c:/altera/10.1sp1/nios2eds/bin/gnu/h-i686-mingw32/bin/../lib/gcc/nios2-elf/4.1.2/../../../../nios2-elf/lib/mno-hw-mul\libc.a(lib_a-memmove.o)
 .data          0x000127fc        0x0 c:/altera/10.1sp1/nios2eds/bin/gnu/h-i686-mingw32/bin/../lib/gcc/nios2-elf/4.1.2/../../../../nios2-elf/lib/mno-hw-mul\libc.a(lib_a-mprec.o)
 .data          0x000127fc        0x0 c:/altera/10.1sp1/nios2eds/bin/gnu/h-i686-mingw32/bin/../lib/gcc/nios2-elf/4.1.2/../../../../nios2-elf/lib/mno-hw-mul\libc.a(lib_a-readr.o)
 .data          0x000127fc        0x0 c:/altera/10.1sp1/nios2eds/bin/gnu/h-i686-mingw32/bin/../lib/gcc/nios2-elf/4.1.2/../../../../nios2-elf/lib/mno-hw-mul\libc.a(lib_a-reallocr.o)
 .data          0x000127fc        0x0 c:/altera/10.1sp1/nios2eds/bin/gnu/h-i686-mingw32/bin/../lib/gcc/nios2-elf/4.1.2/../../../../nios2-elf/lib/mno-hw-mul\libc.a(lib_a-s_isinfd.o)
 .data          0x000127fc        0x0 c:/altera/10.1sp1/nios2eds/bin/gnu/h-i686-mingw32/bin/../lib/gcc/nios2-elf/4.1.2/../../../../nios2-elf/lib/mno-hw-mul\libc.a(lib_a-s_isnand.o)
 .data          0x000127fc        0x0 c:/altera/10.1sp1/nios2eds/bin/gnu/h-i686-mingw32/bin/../lib/gcc/nios2-elf/4.1.2/../../../../nios2-elf/lib/mno-hw-mul\libc.a(lib_a-strcmp.o)
 .data          0x000127fc        0x0 c:/altera/10.1sp1/nios2eds/bin/gnu/h-i686-mingw32/bin/../lib/gcc/nios2-elf/4.1.2/../../../../nios2-elf/lib/mno-hw-mul\libc.a(lib_a-callocr.o)
 .data          0x000127fc        0x0 c:/altera/10.1sp1/nios2eds/bin/gnu/h-i686-mingw32/bin/../lib/gcc/nios2-elf/4.1.2/../../../../nios2-elf/lib/mno-hw-mul\libc.a(lib_a-fstatr.o)
 .data          0x000127fc        0x0 c:/altera/10.1sp1/nios2eds/bin/gnu/h-i686-mingw32/bin/../lib/gcc/nios2-elf/4.1.2/../../../../nios2-elf/lib/mno-hw-mul\libc.a(lib_a-isattyr.o)
 .data          0x000127fc        0x0 c:/altera/10.1sp1/nios2eds/bin/gnu/h-i686-mingw32/bin/../lib/gcc/nios2-elf/4.1.2/mno-hw-mul\libgcc.a(_udivdi3.o)
 .data          0x000127fc        0x0 c:/altera/10.1sp1/nios2eds/bin/gnu/h-i686-mingw32/bin/../lib/gcc/nios2-elf/4.1.2/mno-hw-mul\libgcc.a(_umoddi3.o)
 .data          0x000127fc        0x0 c:/altera/10.1sp1/nios2eds/bin/gnu/h-i686-mingw32/bin/../lib/gcc/nios2-elf/4.1.2/mno-hw-mul\libgcc.a(_ne_df.o)
 .data          0x000127fc        0x0 c:/altera/10.1sp1/nios2eds/bin/gnu/h-i686-mingw32/bin/../lib/gcc/nios2-elf/4.1.2/mno-hw-mul\libgcc.a(_lt_df.o)
 .data          0x000127fc        0x0 c:/altera/10.1sp1/nios2eds/bin/gnu/h-i686-mingw32/bin/../lib/gcc/nios2-elf/4.1.2/mno-hw-mul\libgcc.a(_usi_to_df.o)
 .data          0x000127fc        0x0 ../FFT_TESTER_bsp\libhal_bsp.a(alt_close.o)
 .data          0x000127fc      0x1a8 ../FFT_TESTER_bsp\libhal_bsp.a(alt_dev.o)
                0x000127fc                alt_dev_null
                0x00012824                alt_fd_list
 .data          0x000129a4        0x0 ../FFT_TESTER_bsp\libhal_bsp.a(alt_errno.o)
 .data          0x000129a4        0x0 ../FFT_TESTER_bsp\libhal_bsp.a(alt_fstat.o)
 .data          0x000129a4        0x0 ../FFT_TESTER_bsp\libhal_bsp.a(alt_isatty.o)
 .data          0x000129a4        0x0 ../FFT_TESTER_bsp\libhal_bsp.a(alt_load.o)
 .data          0x000129a4        0x0 ../FFT_TESTER_bsp\libhal_bsp.a(alt_lseek.o)
 .data          0x000129a4        0x0 ../FFT_TESTER_bsp\libhal_bsp.a(alt_main.o)
 .data          0x000129a4        0x0 ../FFT_TESTER_bsp\libhal_bsp.a(alt_malloc_lock.o)
 .data          0x000129a4        0x0 ../FFT_TESTER_bsp\libhal_bsp.a(alt_read.o)
 .data          0x000129a4        0x0 ../FFT_TESTER_bsp\libhal_bsp.a(alt_release_fd.o)
 .data          0x000129a4        0x0 ../FFT_TESTER_bsp\libhal_bsp.a(alt_sbrk.o)
 .data          0x000129a4        0x0 ../FFT_TESTER_bsp\libhal_bsp.a(alt_write.o)
 .data          0x000129a4     0x10f0 ../FFT_TESTER_bsp\libhal_bsp.a(alt_sys_init.o)
 .data          0x00013a94        0x0 ../FFT_TESTER_bsp\libhal_bsp.a(altera_avalon_jtag_uart_fd.o)
 .data          0x00013a94        0x0 ../FFT_TESTER_bsp\libhal_bsp.a(altera_avalon_jtag_uart_init.o)
 .data          0x00013a94        0x0 ../FFT_TESTER_bsp\libhal_bsp.a(altera_avalon_jtag_uart_ioctl.o)
 .data          0x00013a94        0x0 ../FFT_TESTER_bsp\libhal_bsp.a(altera_avalon_jtag_uart_read.o)
 .data          0x00013a94        0x0 ../FFT_TESTER_bsp\libhal_bsp.a(altera_avalon_jtag_uart_write.o)
 .data          0x00013a94        0x0 ../FFT_TESTER_bsp\libhal_bsp.a(altera_avalon_sgdma.o)
 .data          0x00013a94        0x0 ../FFT_TESTER_bsp\libhal_bsp.a(altera_avalon_timer_sc.o)
 .data          0x00013a94        0x0 ../FFT_TESTER_bsp\libhal_bsp.a(perf_print_formatted_report.o)
 .data          0x00013a94        0x0 ../FFT_TESTER_bsp\libhal_bsp.a(alt_alarm_start.o)
 .data          0x00013a94        0x0 ../FFT_TESTER_bsp\libhal_bsp.a(alt_dcache_flush_all.o)
 .data          0x00013a94        0x0 ../FFT_TESTER_bsp\libhal_bsp.a(alt_dev_llist_insert.o)
 .data          0x00013a94        0x0 ../FFT_TESTER_bsp\libhal_bsp.a(alt_do_ctors.o)
 .data          0x00013a94        0x0 ../FFT_TESTER_bsp\libhal_bsp.a(alt_do_dtors.o)
 .data          0x00013a94        0x0 ../FFT_TESTER_bsp\libhal_bsp.a(alt_find_dev.o)
 .data          0x00013a94        0x0 ../FFT_TESTER_bsp\libhal_bsp.a(alt_icache_flush_all.o)
 .data          0x00013a94        0x0 ../FFT_TESTER_bsp\libhal_bsp.a(alt_iic.o)
 .data          0x00013a94        0x0 ../FFT_TESTER_bsp\libhal_bsp.a(alt_iic_isr_register.o)
 .data          0x00013a94        0x0 ../FFT_TESTER_bsp\libhal_bsp.a(alt_io_redirect.o)
 .data          0x00013a94        0x0 ../FFT_TESTER_bsp\libhal_bsp.a(alt_irq_entry.o)
 .data          0x00013a94        0x0 ../FFT_TESTER_bsp\libhal_bsp.a(alt_irq_handler.o)
 .data          0x00013a94        0x0 ../FFT_TESTER_bsp\libhal_bsp.a(alt_irq_vars.o)
 .data          0x00013a94        0x0 ../FFT_TESTER_bsp\libhal_bsp.a(alt_open.o)
 .data          0x00013a94        0x0 ../FFT_TESTER_bsp\libhal_bsp.a(alt_remap_uncached.o)
 .data          0x00013a94        0x0 ../FFT_TESTER_bsp\libhal_bsp.a(alt_tick.o)
 .data          0x00013a94        0x0 ../FFT_TESTER_bsp\libhal_bsp.a(altera_nios2_irq.o)
 .data          0x00013a94        0x0 ../FFT_TESTER_bsp\libhal_bsp.a(altera_avalon_performance_counter.o)
 .data          0x00013a94        0x0 ../FFT_TESTER_bsp\libhal_bsp.a(alt_dcache_flush.o)
 .data          0x00013a94        0x0 ../FFT_TESTER_bsp\libhal_bsp.a(alt_exception_entry.o)
 .data          0x00013a94        0x0 ../FFT_TESTER_bsp\libhal_bsp.a(alt_find_file.o)
 .data          0x00013a94        0x0 ../FFT_TESTER_bsp\libhal_bsp.a(alt_get_fd.o)
 .data          0x00013a94        0x0 c:/altera/10.1sp1/nios2eds/bin/gnu/h-i686-mingw32/bin/../lib/gcc/nios2-elf/4.1.2/../../../../nios2-elf/lib/mno-hw-mul\libc.a(lib_a-atexit.o)
 .data          0x00013a94        0x0 c:/altera/10.1sp1/nios2eds/bin/gnu/h-i686-mingw32/bin/../lib/gcc/nios2-elf/4.1.2/../../../../nios2-elf/lib/mno-hw-mul\libc.a(lib_a-exit.o)
 .data          0x00013a94        0x0 c:/altera/10.1sp1/nios2eds/bin/gnu/h-i686-mingw32/bin/../lib/gcc/nios2-elf/4.1.2/../../../../nios2-elf/lib/mno-hw-mul\libc.a(lib_a-memcmp.o)
 .data          0x00013a94        0x0 c:/altera/10.1sp1/nios2eds/bin/gnu/h-i686-mingw32/bin/../lib/gcc/nios2-elf/4.1.2/../../../../nios2-elf/lib/mno-hw-mul\libc.a(lib_a-__atexit.o)
 .data          0x00013a94        0x0 c:/altera/10.1sp1/nios2eds/bin/gnu/h-i686-mingw32/bin/../lib/gcc/nios2-elf/4.1.2/../../../../nios2-elf/lib/mno-hw-mul\libc.a(lib_a-__call_atexit.o)
 .data          0x00013a94        0x0 c:/altera/10.1sp1/nios2eds/bin/gnu/h-i686-mingw32/bin/../lib/gcc/nios2-elf/4.1.2/mno-hw-mul\libgcc.a(_floatundidf.o)
 .data          0x00013a94        0x0 ../FFT_TESTER_bsp\libhal_bsp.a(alt_exit.o)
                0x0001ba94                _gp = ABSOLUTE ((. + 0x8000))
                0x0001ba94                PROVIDE (gp, _gp)
 *(.sdata .sdata.* .gnu.linkonce.s.*)
 .sdata         0x00013a94        0x8 c:/altera/10.1sp1/nios2eds/bin/gnu/h-i686-mingw32/bin/../lib/gcc/nios2-elf/4.1.2/../../../../nios2-elf/lib/mno-hw-mul\libc.a(lib_a-impure.o)
                0x00013a94                _impure_ptr
                0x00013a98                _global_impure_ptr
 .sdata         0x00013a9c        0x8 c:/altera/10.1sp1/nios2eds/bin/gnu/h-i686-mingw32/bin/../lib/gcc/nios2-elf/4.1.2/../../../../nios2-elf/lib/mno-hw-mul\libc.a(lib_a-mallocr.o)
                0x00013a9c                __malloc_trim_threshold
                0x00013aa0                __malloc_sbrk_base
 .sdata         0x00013aa4        0x8 c:/altera/10.1sp1/nios2eds/bin/gnu/h-i686-mingw32/bin/../lib/gcc/nios2-elf/4.1.2/../../../../nios2-elf/lib/mno-hw-mul\libc.a(lib_a-locale.o)
                0x00013aa4                __mb_cur_max
 .sdata         0x00013aac       0x14 ../FFT_TESTER_bsp\libhal_bsp.a(alt_dev.o)
                0x00013aac                alt_fs_list
                0x00013ab4                alt_dev_list
                0x00013abc                alt_max_fd
 .sdata         0x00013ac0        0x4 ../FFT_TESTER_bsp\libhal_bsp.a(alt_errno.o)
                0x00013ac0                alt_errno
 .sdata         0x00013ac4        0x4 ../FFT_TESTER_bsp\libhal_bsp.a(alt_sbrk.o)
 .sdata         0x00013ac8        0x8 ../FFT_TESTER_bsp\libhal_bsp.a(altera_avalon_sgdma.o)
                0x00013ac8                alt_sgdma_list
 .sdata         0x00013ad0        0x4 ../FFT_TESTER_bsp\libhal_bsp.a(alt_irq_vars.o)
                0x00013ad0                alt_priority_mask
 .sdata         0x00013ad4        0x8 ../FFT_TESTER_bsp\libhal_bsp.a(alt_tick.o)
                0x00013ad4                alt_alarm_list
 *(.sdata2 .sdata2.* .gnu.linkonce.s2.*)
                0x00013adc                . = ALIGN (0x4)
                0x00013adc                _edata = ABSOLUTE (.)
                0x00013adc                PROVIDE (edata, ABSOLUTE (.))
                0x00013adc                PROVIDE (__ram_rwdata_end, ABSOLUTE (.))
                0x00013adc                PROVIDE (__flash_rwdata_start, LOADADDR (.rwdata))

.bss            0x000155d0     0x12ec
                0x000155d0                __bss_start = ABSOLUTE (.)
                0x000155d0                PROVIDE (__sbss_start, ABSOLUTE (.))
                0x000155d0                PROVIDE (___sbss_start, ABSOLUTE (.))
 *(.dynsbss)
 *(.sbss .sbss.* .gnu.linkonce.sb.*)
 .sbss          0x000155d0        0xc c:/altera/10.1sp1/nios2eds/bin/gnu/h-i686-mingw32/bin/../lib/gcc/nios2-elf/4.1.2/../../../../nios2-elf/lib/mno-hw-mul\libc.a(lib_a-mallocr.o)
                0x000155d0                __malloc_top_pad
                0x000155d4                __malloc_max_sbrked_mem
                0x000155d8                __malloc_max_total_mem
 .sbss          0x000155dc        0x4 c:/altera/10.1sp1/nios2eds/bin/gnu/h-i686-mingw32/bin/../lib/gcc/nios2-elf/4.1.2/../../../../nios2-elf/lib/mno-hw-mul\libc.a(lib_a-int_errno.o)
                0x000155dc                errno
 .sbss          0x000155e0        0xc c:/altera/10.1sp1/nios2eds/bin/gnu/h-i686-mingw32/bin/../lib/gcc/nios2-elf/4.1.2/../../../../nios2-elf/lib/mno-hw-mul\libc.a(lib_a-locale.o)
                0x000155e0                __nlocale_changed
                0x000155e4                __mlocale_changed
                0x000155e8                _PathLocale
 .sbss          0x000155ec        0xc ../FFT_TESTER_bsp\libhal_bsp.a(alt_main.o)
                0x000155ec                alt_argc
                0x000155f0                alt_argv
                0x000155f4                alt_envp
 .sbss          0x000155f8        0x4 ../FFT_TESTER_bsp\libhal_bsp.a(alt_irq_vars.o)
                0x000155f8                alt_irq_active
 .sbss          0x000155fc        0x8 ../FFT_TESTER_bsp\libhal_bsp.a(alt_tick.o)
                0x000155fc                _alt_tick_rate
                0x00015600                _alt_nticks
 *(.sbss2 .sbss2.* .gnu.linkonce.sb2.*)
 *(.scommon)
                0x00015604                PROVIDE (__sbss_end, ABSOLUTE (.))
                0x00015604                PROVIDE (___sbss_end, ABSOLUTE (.))
 *(.dynbss)
 *(.bss .bss.* .gnu.linkonce.b.*)
 .bss           0x00015604        0x0 ../FFT_TESTER_bsp/obj/HAL/src/crt0.o
 .bss           0x00015604        0x0 obj/fixedpoint2_16.o
 .bss           0x00015604        0x0 obj/hello_world.o
 .bss           0x00015604        0x0 c:/altera/10.1sp1/nios2eds/bin/gnu/h-i686-mingw32/bin/../lib/gcc/nios2-elf/4.1.2/../../../../nios2-elf/lib/mno-hw-mul\libm.a(lib_a-s_sin.o)
 .bss           0x00015604        0x0 c:/altera/10.1sp1/nios2eds/bin/gnu/h-i686-mingw32/bin/../lib/gcc/nios2-elf/4.1.2/../../../../nios2-elf/lib/mno-hw-mul\libm.a(lib_a-e_rem_pio2.o)
 .bss           0x00015604        0x0 c:/altera/10.1sp1/nios2eds/bin/gnu/h-i686-mingw32/bin/../lib/gcc/nios2-elf/4.1.2/../../../../nios2-elf/lib/mno-hw-mul\libm.a(lib_a-k_cos.o)
 .bss           0x00015604        0x0 c:/altera/10.1sp1/nios2eds/bin/gnu/h-i686-mingw32/bin/../lib/gcc/nios2-elf/4.1.2/../../../../nios2-elf/lib/mno-hw-mul\libm.a(lib_a-k_rem_pio2.o)
 .bss           0x00015604        0x0 c:/altera/10.1sp1/nios2eds/bin/gnu/h-i686-mingw32/bin/../lib/gcc/nios2-elf/4.1.2/../../../../nios2-elf/lib/mno-hw-mul\libm.a(lib_a-k_sin.o)
 .bss           0x00015604        0x0 c:/altera/10.1sp1/nios2eds/bin/gnu/h-i686-mingw32/bin/../lib/gcc/nios2-elf/4.1.2/../../../../nios2-elf/lib/mno-hw-mul\libm.a(lib_a-s_fabs.o)
 .bss           0x00015604        0x0 c:/altera/10.1sp1/nios2eds/bin/gnu/h-i686-mingw32/bin/../lib/gcc/nios2-elf/4.1.2/../../../../nios2-elf/lib/mno-hw-mul\libm.a(lib_a-s_floor.o)
 .bss           0x00015604        0x0 c:/altera/10.1sp1/nios2eds/bin/gnu/h-i686-mingw32/bin/../lib/gcc/nios2-elf/4.1.2/../../../../nios2-elf/lib/mno-hw-mul\libm.a(lib_a-s_scalbn.o)
 .bss           0x00015604        0x0 c:/altera/10.1sp1/nios2eds/bin/gnu/h-i686-mingw32/bin/../lib/gcc/nios2-elf/4.1.2/../../../../nios2-elf/lib/mno-hw-mul\libm.a(lib_a-s_copysign.o)
 .bss           0x00015604        0x0 c:/altera/10.1sp1/nios2eds/bin/gnu/h-i686-mingw32/bin/../lib/gcc/nios2-elf/4.1.2/mno-hw-mul\libgcc.a(_muldi3.o)
 .bss           0x00015604        0x0 c:/altera/10.1sp1/nios2eds/bin/gnu/h-i686-mingw32/bin/../lib/gcc/nios2-elf/4.1.2/mno-hw-mul\libgcc.a(_addsub_sf.o)
 .bss           0x00015604        0x0 c:/altera/10.1sp1/nios2eds/bin/gnu/h-i686-mingw32/bin/../lib/gcc/nios2-elf/4.1.2/mno-hw-mul\libgcc.a(_mul_sf.o)
 .bss           0x00015604        0x0 c:/altera/10.1sp1/nios2eds/bin/gnu/h-i686-mingw32/bin/../lib/gcc/nios2-elf/4.1.2/mno-hw-mul\libgcc.a(_div_sf.o)
 .bss           0x00015604        0x0 c:/altera/10.1sp1/nios2eds/bin/gnu/h-i686-mingw32/bin/../lib/gcc/nios2-elf/4.1.2/mno-hw-mul\libgcc.a(_ge_sf.o)
 .bss           0x00015604        0x0 c:/altera/10.1sp1/nios2eds/bin/gnu/h-i686-mingw32/bin/../lib/gcc/nios2-elf/4.1.2/mno-hw-mul\libgcc.a(_si_to_sf.o)
 .bss           0x00015604        0x0 c:/altera/10.1sp1/nios2eds/bin/gnu/h-i686-mingw32/bin/../lib/gcc/nios2-elf/4.1.2/mno-hw-mul\libgcc.a(_sf_to_df.o)
 .bss           0x00015604        0x0 c:/altera/10.1sp1/nios2eds/bin/gnu/h-i686-mingw32/bin/../lib/gcc/nios2-elf/4.1.2/mno-hw-mul\libgcc.a(_thenan_sf.o)
 .bss           0x00015604        0x0 c:/altera/10.1sp1/nios2eds/bin/gnu/h-i686-mingw32/bin/../lib/gcc/nios2-elf/4.1.2/mno-hw-mul\libgcc.a(_addsub_df.o)
 .bss           0x00015604        0x0 c:/altera/10.1sp1/nios2eds/bin/gnu/h-i686-mingw32/bin/../lib/gcc/nios2-elf/4.1.2/mno-hw-mul\libgcc.a(_mul_df.o)
 .bss           0x00015604        0x0 c:/altera/10.1sp1/nios2eds/bin/gnu/h-i686-mingw32/bin/../lib/gcc/nios2-elf/4.1.2/mno-hw-mul\libgcc.a(_div_df.o)
 .bss           0x00015604        0x0 c:/altera/10.1sp1/nios2eds/bin/gnu/h-i686-mingw32/bin/../lib/gcc/nios2-elf/4.1.2/mno-hw-mul\libgcc.a(_eq_df.o)
 .bss           0x00015604        0x0 c:/altera/10.1sp1/nios2eds/bin/gnu/h-i686-mingw32/bin/../lib/gcc/nios2-elf/4.1.2/mno-hw-mul\libgcc.a(_gt_df.o)
 .bss           0x00015604        0x0 c:/altera/10.1sp1/nios2eds/bin/gnu/h-i686-mingw32/bin/../lib/gcc/nios2-elf/4.1.2/mno-hw-mul\libgcc.a(_ge_df.o)
 .bss           0x00015604        0x0 c:/altera/10.1sp1/nios2eds/bin/gnu/h-i686-mingw32/bin/../lib/gcc/nios2-elf/4.1.2/mno-hw-mul\libgcc.a(_si_to_df.o)
 .bss           0x00015604        0x0 c:/altera/10.1sp1/nios2eds/bin/gnu/h-i686-mingw32/bin/../lib/gcc/nios2-elf/4.1.2/mno-hw-mul\libgcc.a(_df_to_si.o)
 .bss           0x00015604        0x0 c:/altera/10.1sp1/nios2eds/bin/gnu/h-i686-mingw32/bin/../lib/gcc/nios2-elf/4.1.2/mno-hw-mul\libgcc.a(_make_df.o)
 .bss           0x00015604        0x0 c:/altera/10.1sp1/nios2eds/bin/gnu/h-i686-mingw32/bin/../lib/gcc/nios2-elf/4.1.2/mno-hw-mul\libgcc.a(_df_to_sf.o)
 .bss           0x00015604        0x0 c:/altera/10.1sp1/nios2eds/bin/gnu/h-i686-mingw32/bin/../lib/gcc/nios2-elf/4.1.2/mno-hw-mul\libgcc.a(_thenan_df.o)
 .bss           0x00015604        0x0 c:/altera/10.1sp1/nios2eds/bin/gnu/h-i686-mingw32/bin/../lib/gcc/nios2-elf/4.1.2/mno-hw-mul\libgcc.a(lib2-divmod.o)
 .bss           0x00015604        0x0 c:/altera/10.1sp1/nios2eds/bin/gnu/h-i686-mingw32/bin/../lib/gcc/nios2-elf/4.1.2/mno-hw-mul\libgcc.a(lib2-mul.o)
 .bss           0x00015604        0x0 c:/altera/10.1sp1/nios2eds/bin/gnu/h-i686-mingw32/bin/../lib/gcc/nios2-elf/4.1.2/mno-hw-mul\libgcc.a(_clzsi2.o)
 .bss           0x00015604        0x0 c:/altera/10.1sp1/nios2eds/bin/gnu/h-i686-mingw32/bin/../lib/gcc/nios2-elf/4.1.2/mno-hw-mul\libgcc.a(_pack_sf.o)
 .bss           0x00015604        0x0 c:/altera/10.1sp1/nios2eds/bin/gnu/h-i686-mingw32/bin/../lib/gcc/nios2-elf/4.1.2/mno-hw-mul\libgcc.a(_unpack_sf.o)
 .bss           0x00015604        0x0 c:/altera/10.1sp1/nios2eds/bin/gnu/h-i686-mingw32/bin/../lib/gcc/nios2-elf/4.1.2/mno-hw-mul\libgcc.a(_fpcmp_parts_sf.o)
 .bss           0x00015604        0x0 c:/altera/10.1sp1/nios2eds/bin/gnu/h-i686-mingw32/bin/../lib/gcc/nios2-elf/4.1.2/mno-hw-mul\libgcc.a(_make_sf.o)
 .bss           0x00015604        0x0 c:/altera/10.1sp1/nios2eds/bin/gnu/h-i686-mingw32/bin/../lib/gcc/nios2-elf/4.1.2/mno-hw-mul\libgcc.a(_pack_df.o)
 .bss           0x00015604        0x0 c:/altera/10.1sp1/nios2eds/bin/gnu/h-i686-mingw32/bin/../lib/gcc/nios2-elf/4.1.2/mno-hw-mul\libgcc.a(_unpack_df.o)
 .bss           0x00015604        0x0 c:/altera/10.1sp1/nios2eds/bin/gnu/h-i686-mingw32/bin/../lib/gcc/nios2-elf/4.1.2/mno-hw-mul\libgcc.a(_fpcmp_parts_df.o)
 .bss           0x00015604        0x0 c:/altera/10.1sp1/nios2eds/bin/gnu/h-i686-mingw32/bin/../lib/gcc/nios2-elf/4.1.2/mno-hw-mul\libgcc.a(_clz.o)
 .bss           0x00015604        0x0 c:/altera/10.1sp1/nios2eds/bin/gnu/h-i686-mingw32/bin/../lib/gcc/nios2-elf/4.1.2/../../../../nios2-elf/lib/mno-hw-mul\libc.a(lib_a-fgets.o)
 .bss           0x00015604        0x0 c:/altera/10.1sp1/nios2eds/bin/gnu/h-i686-mingw32/bin/../lib/gcc/nios2-elf/4.1.2/../../../../nios2-elf/lib/mno-hw-mul\libc.a(lib_a-findfp.o)
 .bss           0x00015604        0x0 c:/altera/10.1sp1/nios2eds/bin/gnu/h-i686-mingw32/bin/../lib/gcc/nios2-elf/4.1.2/../../../../nios2-elf/lib/mno-hw-mul\libc.a(lib_a-fwalk.o)
 .bss           0x00015604        0x0 c:/altera/10.1sp1/nios2eds/bin/gnu/h-i686-mingw32/bin/../lib/gcc/nios2-elf/4.1.2/../../../../nios2-elf/lib/mno-hw-mul\libc.a(lib_a-getc.o)
 .bss           0x00015604        0x0 c:/altera/10.1sp1/nios2eds/bin/gnu/h-i686-mingw32/bin/../lib/gcc/nios2-elf/4.1.2/../../../../nios2-elf/lib/mno-hw-mul\libc.a(lib_a-impure.o)
 .bss           0x00015604       0x28 c:/altera/10.1sp1/nios2eds/bin/gnu/h-i686-mingw32/bin/../lib/gcc/nios2-elf/4.1.2/../../../../nios2-elf/lib/mno-hw-mul\libc.a(lib_a-mallocr.o)
                0x00015604                __malloc_current_mallinfo
 .bss           0x0001562c        0x0 c:/altera/10.1sp1/nios2eds/bin/gnu/h-i686-mingw32/bin/../lib/gcc/nios2-elf/4.1.2/../../../../nios2-elf/lib/mno-hw-mul\libc.a(lib_a-memchr.o)
 .bss           0x0001562c        0x0 c:/altera/10.1sp1/nios2eds/bin/gnu/h-i686-mingw32/bin/../lib/gcc/nios2-elf/4.1.2/../../../../nios2-elf/lib/mno-hw-mul\libc.a(lib_a-memcpy.o)
 .bss           0x0001562c        0x0 c:/altera/10.1sp1/nios2eds/bin/gnu/h-i686-mingw32/bin/../lib/gcc/nios2-elf/4.1.2/../../../../nios2-elf/lib/mno-hw-mul\libc.a(lib_a-memset.o)
 .bss           0x0001562c        0x0 c:/altera/10.1sp1/nios2eds/bin/gnu/h-i686-mingw32/bin/../lib/gcc/nios2-elf/4.1.2/../../../../nios2-elf/lib/mno-hw-mul\libc.a(lib_a-printf.o)
 .bss           0x0001562c        0x0 c:/altera/10.1sp1/nios2eds/bin/gnu/h-i686-mingw32/bin/../lib/gcc/nios2-elf/4.1.2/../../../../nios2-elf/lib/mno-hw-mul\libc.a(lib_a-puts.o)
 .bss           0x0001562c        0x0 c:/altera/10.1sp1/nios2eds/bin/gnu/h-i686-mingw32/bin/../lib/gcc/nios2-elf/4.1.2/../../../../nios2-elf/lib/mno-hw-mul\libc.a(lib_a-refill.o)
 .bss           0x0001562c        0x0 c:/altera/10.1sp1/nios2eds/bin/gnu/h-i686-mingw32/bin/../lib/gcc/nios2-elf/4.1.2/../../../../nios2-elf/lib/mno-hw-mul\libc.a(lib_a-rget.o)
 .bss           0x0001562c        0x0 c:/altera/10.1sp1/nios2eds/bin/gnu/h-i686-mingw32/bin/../lib/gcc/nios2-elf/4.1.2/../../../../nios2-elf/lib/mno-hw-mul\libc.a(lib_a-sbrkr.o)
 .bss           0x0001562c        0x0 c:/altera/10.1sp1/nios2eds/bin/gnu/h-i686-mingw32/bin/../lib/gcc/nios2-elf/4.1.2/../../../../nios2-elf/lib/mno-hw-mul\libc.a(lib_a-sprintf.o)
 .bss           0x0001562c        0x0 c:/altera/10.1sp1/nios2eds/bin/gnu/h-i686-mingw32/bin/../lib/gcc/nios2-elf/4.1.2/../../../../nios2-elf/lib/mno-hw-mul\libc.a(lib_a-stdio.o)
 .bss           0x0001562c        0x0 c:/altera/10.1sp1/nios2eds/bin/gnu/h-i686-mingw32/bin/../lib/gcc/nios2-elf/4.1.2/../../../../nios2-elf/lib/mno-hw-mul\libc.a(lib_a-strlen.o)
 .bss           0x0001562c        0x0 c:/altera/10.1sp1/nios2eds/bin/gnu/h-i686-mingw32/bin/../lib/gcc/nios2-elf/4.1.2/../../../../nios2-elf/lib/mno-hw-mul\libc.a(lib_a-vfprintf.o)
 .bss           0x0001562c        0x0 c:/altera/10.1sp1/nios2eds/bin/gnu/h-i686-mingw32/bin/../lib/gcc/nios2-elf/4.1.2/../../../../nios2-elf/lib/mno-hw-mul\libc.a(lib_a-writer.o)
 .bss           0x0001562c        0x0 c:/altera/10.1sp1/nios2eds/bin/gnu/h-i686-mingw32/bin/../lib/gcc/nios2-elf/4.1.2/../../../../nios2-elf/lib/mno-hw-mul\libc.a(lib_a-wsetup.o)
 .bss           0x0001562c        0x0 c:/altera/10.1sp1/nios2eds/bin/gnu/h-i686-mingw32/bin/../lib/gcc/nios2-elf/4.1.2/../../../../nios2-elf/lib/mno-hw-mul\libc.a(lib_a-closer.o)
 .bss           0x0001562c        0x0 c:/altera/10.1sp1/nios2eds/bin/gnu/h-i686-mingw32/bin/../lib/gcc/nios2-elf/4.1.2/../../../../nios2-elf/lib/mno-hw-mul\libc.a(lib_a-dtoa.o)
 .bss           0x0001562c        0x0 c:/altera/10.1sp1/nios2eds/bin/gnu/h-i686-mingw32/bin/../lib/gcc/nios2-elf/4.1.2/../../../../nios2-elf/lib/mno-hw-mul\libc.a(lib_a-fclose.o)
 .bss           0x0001562c        0x0 c:/altera/10.1sp1/nios2eds/bin/gnu/h-i686-mingw32/bin/../lib/gcc/nios2-elf/4.1.2/../../../../nios2-elf/lib/mno-hw-mul\libc.a(lib_a-fflush.o)
 .bss           0x0001562c        0x0 c:/altera/10.1sp1/nios2eds/bin/gnu/h-i686-mingw32/bin/../lib/gcc/nios2-elf/4.1.2/../../../../nios2-elf/lib/mno-hw-mul\libc.a(lib_a-freer.o)
 .bss           0x0001562c        0x0 c:/altera/10.1sp1/nios2eds/bin/gnu/h-i686-mingw32/bin/../lib/gcc/nios2-elf/4.1.2/../../../../nios2-elf/lib/mno-hw-mul\libc.a(lib_a-fvwrite.o)
 .bss           0x0001562c        0x0 c:/altera/10.1sp1/nios2eds/bin/gnu/h-i686-mingw32/bin/../lib/gcc/nios2-elf/4.1.2/../../../../nios2-elf/lib/mno-hw-mul\libc.a(lib_a-int_errno.o)
 .bss           0x0001562c        0x0 c:/altera/10.1sp1/nios2eds/bin/gnu/h-i686-mingw32/bin/../lib/gcc/nios2-elf/4.1.2/../../../../nios2-elf/lib/mno-hw-mul\libc.a(lib_a-locale.o)
 .bss           0x0001562c        0x0 c:/altera/10.1sp1/nios2eds/bin/gnu/h-i686-mingw32/bin/../lib/gcc/nios2-elf/4.1.2/../../../../nios2-elf/lib/mno-hw-mul\libc.a(lib_a-lseekr.o)
 .bss           0x0001562c        0x0 c:/altera/10.1sp1/nios2eds/bin/gnu/h-i686-mingw32/bin/../lib/gcc/nios2-elf/4.1.2/../../../../nios2-elf/lib/mno-hw-mul\libc.a(lib_a-makebuf.o)
 .bss           0x0001562c        0x0 c:/altera/10.1sp1/nios2eds/bin/gnu/h-i686-mingw32/bin/../lib/gcc/nios2-elf/4.1.2/../../../../nios2-elf/lib/mno-hw-mul\libc.a(lib_a-memmove.o)
 .bss           0x0001562c        0x0 c:/altera/10.1sp1/nios2eds/bin/gnu/h-i686-mingw32/bin/../lib/gcc/nios2-elf/4.1.2/../../../../nios2-elf/lib/mno-hw-mul\libc.a(lib_a-mprec.o)
 .bss           0x0001562c        0x0 c:/altera/10.1sp1/nios2eds/bin/gnu/h-i686-mingw32/bin/../lib/gcc/nios2-elf/4.1.2/../../../../nios2-elf/lib/mno-hw-mul\libc.a(lib_a-readr.o)
 .bss           0x0001562c        0x0 c:/altera/10.1sp1/nios2eds/bin/gnu/h-i686-mingw32/bin/../lib/gcc/nios2-elf/4.1.2/../../../../nios2-elf/lib/mno-hw-mul\libc.a(lib_a-reallocr.o)
 .bss           0x0001562c        0x0 c:/altera/10.1sp1/nios2eds/bin/gnu/h-i686-mingw32/bin/../lib/gcc/nios2-elf/4.1.2/../../../../nios2-elf/lib/mno-hw-mul\libc.a(lib_a-s_isinfd.o)
 .bss           0x0001562c        0x0 c:/altera/10.1sp1/nios2eds/bin/gnu/h-i686-mingw32/bin/../lib/gcc/nios2-elf/4.1.2/../../../../nios2-elf/lib/mno-hw-mul\libc.a(lib_a-s_isnand.o)
 .bss           0x0001562c        0x0 c:/altera/10.1sp1/nios2eds/bin/gnu/h-i686-mingw32/bin/../lib/gcc/nios2-elf/4.1.2/../../../../nios2-elf/lib/mno-hw-mul\libc.a(lib_a-strcmp.o)
 .bss           0x0001562c        0x0 c:/altera/10.1sp1/nios2eds/bin/gnu/h-i686-mingw32/bin/../lib/gcc/nios2-elf/4.1.2/../../../../nios2-elf/lib/mno-hw-mul\libc.a(lib_a-callocr.o)
 .bss           0x0001562c        0x0 c:/altera/10.1sp1/nios2eds/bin/gnu/h-i686-mingw32/bin/../lib/gcc/nios2-elf/4.1.2/../../../../nios2-elf/lib/mno-hw-mul\libc.a(lib_a-fstatr.o)
 .bss           0x0001562c        0x0 c:/altera/10.1sp1/nios2eds/bin/gnu/h-i686-mingw32/bin/../lib/gcc/nios2-elf/4.1.2/../../../../nios2-elf/lib/mno-hw-mul\libc.a(lib_a-isattyr.o)
 .bss           0x0001562c        0x0 c:/altera/10.1sp1/nios2eds/bin/gnu/h-i686-mingw32/bin/../lib/gcc/nios2-elf/4.1.2/mno-hw-mul\libgcc.a(_udivdi3.o)
 .bss           0x0001562c        0x0 c:/altera/10.1sp1/nios2eds/bin/gnu/h-i686-mingw32/bin/../lib/gcc/nios2-elf/4.1.2/mno-hw-mul\libgcc.a(_umoddi3.o)
 .bss           0x0001562c        0x0 c:/altera/10.1sp1/nios2eds/bin/gnu/h-i686-mingw32/bin/../lib/gcc/nios2-elf/4.1.2/mno-hw-mul\libgcc.a(_ne_df.o)
 .bss           0x0001562c        0x0 c:/altera/10.1sp1/nios2eds/bin/gnu/h-i686-mingw32/bin/../lib/gcc/nios2-elf/4.1.2/mno-hw-mul\libgcc.a(_lt_df.o)
 .bss           0x0001562c        0x0 c:/altera/10.1sp1/nios2eds/bin/gnu/h-i686-mingw32/bin/../lib/gcc/nios2-elf/4.1.2/mno-hw-mul\libgcc.a(_usi_to_df.o)
 .bss           0x0001562c        0x0 ../FFT_TESTER_bsp\libhal_bsp.a(alt_close.o)
 .bss           0x0001562c        0x0 ../FFT_TESTER_bsp\libhal_bsp.a(alt_dev.o)
 .bss           0x0001562c        0x0 ../FFT_TESTER_bsp\libhal_bsp.a(alt_errno.o)
 .bss           0x0001562c        0x0 ../FFT_TESTER_bsp\libhal_bsp.a(alt_fstat.o)
 .bss           0x0001562c        0x0 ../FFT_TESTER_bsp\libhal_bsp.a(alt_isatty.o)
 .bss           0x0001562c        0x0 ../FFT_TESTER_bsp\libhal_bsp.a(alt_load.o)
 .bss           0x0001562c        0x0 ../FFT_TESTER_bsp\libhal_bsp.a(alt_lseek.o)
 .bss           0x0001562c        0x0 ../FFT_TESTER_bsp\libhal_bsp.a(alt_main.o)
 .bss           0x0001562c        0x0 ../FFT_TESTER_bsp\libhal_bsp.a(alt_malloc_lock.o)
 .bss           0x0001562c        0x0 ../FFT_TESTER_bsp\libhal_bsp.a(alt_read.o)
 .bss           0x0001562c        0x0 ../FFT_TESTER_bsp\libhal_bsp.a(alt_release_fd.o)
 .bss           0x0001562c        0x0 ../FFT_TESTER_bsp\libhal_bsp.a(alt_sbrk.o)
 .bss           0x0001562c        0x0 ../FFT_TESTER_bsp\libhal_bsp.a(alt_write.o)
 .bss           0x0001562c        0x0 ../FFT_TESTER_bsp\libhal_bsp.a(alt_sys_init.o)
 .bss           0x0001562c        0x0 ../FFT_TESTER_bsp\libhal_bsp.a(altera_avalon_jtag_uart_fd.o)
 .bss           0x0001562c        0x0 ../FFT_TESTER_bsp\libhal_bsp.a(altera_avalon_jtag_uart_init.o)
 .bss           0x0001562c        0x0 ../FFT_TESTER_bsp\libhal_bsp.a(altera_avalon_jtag_uart_ioctl.o)
 .bss           0x0001562c        0x0 ../FFT_TESTER_bsp\libhal_bsp.a(altera_avalon_jtag_uart_read.o)
 .bss           0x0001562c        0x0 ../FFT_TESTER_bsp\libhal_bsp.a(altera_avalon_jtag_uart_write.o)
 .bss           0x0001562c        0x0 ../FFT_TESTER_bsp\libhal_bsp.a(altera_avalon_sgdma.o)
 .bss           0x0001562c        0x0 ../FFT_TESTER_bsp\libhal_bsp.a(altera_avalon_timer_sc.o)
 .bss           0x0001562c        0x0 ../FFT_TESTER_bsp\libhal_bsp.a(perf_print_formatted_report.o)
 .bss           0x0001562c        0x0 ../FFT_TESTER_bsp\libhal_bsp.a(alt_alarm_start.o)
 .bss           0x0001562c        0x0 ../FFT_TESTER_bsp\libhal_bsp.a(alt_dcache_flush_all.o)
 .bss           0x0001562c        0x0 ../FFT_TESTER_bsp\libhal_bsp.a(alt_dev_llist_insert.o)
 .bss           0x0001562c        0x0 ../FFT_TESTER_bsp\libhal_bsp.a(alt_do_ctors.o)
 .bss           0x0001562c        0x0 ../FFT_TESTER_bsp\libhal_bsp.a(alt_do_dtors.o)
 .bss           0x0001562c        0x0 ../FFT_TESTER_bsp\libhal_bsp.a(alt_find_dev.o)
 .bss           0x0001562c        0x0 ../FFT_TESTER_bsp\libhal_bsp.a(alt_icache_flush_all.o)
 .bss           0x0001562c        0x0 ../FFT_TESTER_bsp\libhal_bsp.a(alt_iic.o)
 .bss           0x0001562c        0x0 ../FFT_TESTER_bsp\libhal_bsp.a(alt_iic_isr_register.o)
 .bss           0x0001562c        0x0 ../FFT_TESTER_bsp\libhal_bsp.a(alt_io_redirect.o)
 .bss           0x0001562c        0x0 ../FFT_TESTER_bsp\libhal_bsp.a(alt_irq_entry.o)
 .bss           0x0001562c        0x0 ../FFT_TESTER_bsp\libhal_bsp.a(alt_irq_handler.o)
 .bss           0x0001562c        0x0 ../FFT_TESTER_bsp\libhal_bsp.a(alt_irq_vars.o)
 .bss           0x0001562c        0x0 ../FFT_TESTER_bsp\libhal_bsp.a(alt_open.o)
 .bss           0x0001562c        0x0 ../FFT_TESTER_bsp\libhal_bsp.a(alt_remap_uncached.o)
 .bss           0x0001562c        0x0 ../FFT_TESTER_bsp\libhal_bsp.a(alt_tick.o)
 .bss           0x0001562c        0x0 ../FFT_TESTER_bsp\libhal_bsp.a(altera_nios2_irq.o)
 .bss           0x0001562c        0x0 ../FFT_TESTER_bsp\libhal_bsp.a(altera_avalon_performance_counter.o)
 .bss           0x0001562c        0x0 ../FFT_TESTER_bsp\libhal_bsp.a(alt_dcache_flush.o)
 .bss           0x0001562c        0x0 ../FFT_TESTER_bsp\libhal_bsp.a(alt_exception_entry.o)
 .bss           0x0001562c        0x0 ../FFT_TESTER_bsp\libhal_bsp.a(alt_find_file.o)
 .bss           0x0001562c        0x0 ../FFT_TESTER_bsp\libhal_bsp.a(alt_get_fd.o)
 .bss           0x0001562c        0x0 c:/altera/10.1sp1/nios2eds/bin/gnu/h-i686-mingw32/bin/../lib/gcc/nios2-elf/4.1.2/../../../../nios2-elf/lib/mno-hw-mul\libc.a(lib_a-atexit.o)
 .bss           0x0001562c        0x0 c:/altera/10.1sp1/nios2eds/bin/gnu/h-i686-mingw32/bin/../lib/gcc/nios2-elf/4.1.2/../../../../nios2-elf/lib/mno-hw-mul\libc.a(lib_a-exit.o)
 .bss           0x0001562c        0x0 c:/altera/10.1sp1/nios2eds/bin/gnu/h-i686-mingw32/bin/../lib/gcc/nios2-elf/4.1.2/../../../../nios2-elf/lib/mno-hw-mul\libc.a(lib_a-memcmp.o)
 .bss           0x0001562c        0x0 c:/altera/10.1sp1/nios2eds/bin/gnu/h-i686-mingw32/bin/../lib/gcc/nios2-elf/4.1.2/../../../../nios2-elf/lib/mno-hw-mul\libc.a(lib_a-__atexit.o)
 .bss           0x0001562c        0x0 c:/altera/10.1sp1/nios2eds/bin/gnu/h-i686-mingw32/bin/../lib/gcc/nios2-elf/4.1.2/../../../../nios2-elf/lib/mno-hw-mul\libc.a(lib_a-__call_atexit.o)
 .bss           0x0001562c        0x0 c:/altera/10.1sp1/nios2eds/bin/gnu/h-i686-mingw32/bin/../lib/gcc/nios2-elf/4.1.2/mno-hw-mul\libgcc.a(_floatundidf.o)
 .bss           0x0001562c        0x0 ../FFT_TESTER_bsp\libhal_bsp.a(alt_exit.o)
 *(COMMON)
 COMMON         0x0001562c     0x1000 obj/hello_world.o
                0x0001562c                vetor
 COMMON         0x0001662c      0x100 ../FFT_TESTER_bsp\libhal_bsp.a(alt_irq_handler.o)
                0x0001662c                alt_irq
 COMMON         0x0001672c      0x190 c:/altera/10.1sp1/nios2eds/bin/gnu/h-i686-mingw32/bin/../lib/gcc/nios2-elf/4.1.2/../../../../nios2-elf/lib/mno-hw-mul\libc.a(lib_a-atexit.o)
                0x0001672c                _atexit0
                0x000168bc                . = ALIGN (0x4)
                0x000168bc                __bss_end = ABSOLUTE (.)

.sdram          0x000168bc        0x0
                0x000168bc                PROVIDE (_alt_partition_sdram_start, ABSOLUTE (.))
 *(.sdram. sdram.*)
                0x000168bc                . = ALIGN (0x4)
                0x000168bc                PROVIDE (_alt_partition_sdram_end, ABSOLUTE (.))
                0x000168bc                _end = ABSOLUTE (.)
                0x000168bc                end = ABSOLUTE (.)
                0x000168bc                __alt_stack_base = ABSOLUTE (.)
                0x000168bc                PROVIDE (_alt_partition_sdram_load_addr, LOADADDR (.sdram))

.descriptor_memory
                0x04002000        0x0 load address 0x000168bc
                0x04002000                PROVIDE (_alt_partition_descriptor_memory_start, ABSOLUTE (.))
 *(.descriptor_memory. descriptor_memory.*)
                0x04002000                . = ALIGN (0x4)
                0x04002000                PROVIDE (_alt_partition_descriptor_memory_end, ABSOLUTE (.))
                0x000168bc                PROVIDE (_alt_partition_descriptor_memory_load_addr, LOADADDR (.descriptor_memory))

.stab
 *(.stab)

.stabstr
 *(.stabstr)

.stab.excl
 *(.stab.excl)

.stab.exclstr
 *(.stab.exclstr)

.stab.index
 *(.stab.index)

.stab.indexstr
 *(.stab.indexstr)

.comment        0x00000000       0x23
 *(.comment)
 .comment       0x00000000       0x23 obj/fixedpoint2_16.o
                                 0x24 (size before relaxing)
 .comment       0x00000000       0x24 obj/hello_world.o
 .comment       0x00000000       0x24 c:/altera/10.1sp1/nios2eds/bin/gnu/h-i686-mingw32/bin/../lib/gcc/nios2-elf/4.1.2/../../../../nios2-elf/lib/mno-hw-mul\libm.a(lib_a-s_sin.o)
 .comment       0x00000000       0x24 c:/altera/10.1sp1/nios2eds/bin/gnu/h-i686-mingw32/bin/../lib/gcc/nios2-elf/4.1.2/../../../../nios2-elf/lib/mno-hw-mul\libm.a(lib_a-e_rem_pio2.o)
 .comment       0x00000000       0x24 c:/altera/10.1sp1/nios2eds/bin/gnu/h-i686-mingw32/bin/../lib/gcc/nios2-elf/4.1.2/../../../../nios2-elf/lib/mno-hw-mul\libm.a(lib_a-k_cos.o)
 .comment       0x00000000       0x24 c:/altera/10.1sp1/nios2eds/bin/gnu/h-i686-mingw32/bin/../lib/gcc/nios2-elf/4.1.2/../../../../nios2-elf/lib/mno-hw-mul\libm.a(lib_a-k_rem_pio2.o)
 .comment       0x00000000       0x24 c:/altera/10.1sp1/nios2eds/bin/gnu/h-i686-mingw32/bin/../lib/gcc/nios2-elf/4.1.2/../../../../nios2-elf/lib/mno-hw-mul\libm.a(lib_a-k_sin.o)
 .comment       0x00000000       0x24 c:/altera/10.1sp1/nios2eds/bin/gnu/h-i686-mingw32/bin/../lib/gcc/nios2-elf/4.1.2/../../../../nios2-elf/lib/mno-hw-mul\libm.a(lib_a-s_fabs.o)
 .comment       0x00000000       0x24 c:/altera/10.1sp1/nios2eds/bin/gnu/h-i686-mingw32/bin/../lib/gcc/nios2-elf/4.1.2/../../../../nios2-elf/lib/mno-hw-mul\libm.a(lib_a-s_floor.o)
 .comment       0x00000000       0x24 c:/altera/10.1sp1/nios2eds/bin/gnu/h-i686-mingw32/bin/../lib/gcc/nios2-elf/4.1.2/../../../../nios2-elf/lib/mno-hw-mul\libm.a(lib_a-s_scalbn.o)
 .comment       0x00000000       0x24 c:/altera/10.1sp1/nios2eds/bin/gnu/h-i686-mingw32/bin/../lib/gcc/nios2-elf/4.1.2/../../../../nios2-elf/lib/mno-hw-mul\libm.a(lib_a-s_copysign.o)
 .comment       0x00000000       0x24 c:/altera/10.1sp1/nios2eds/bin/gnu/h-i686-mingw32/bin/../lib/gcc/nios2-elf/4.1.2/mno-hw-mul\libgcc.a(_muldi3.o)
 .comment       0x00000000       0x24 c:/altera/10.1sp1/nios2eds/bin/gnu/h-i686-mingw32/bin/../lib/gcc/nios2-elf/4.1.2/mno-hw-mul\libgcc.a(_addsub_sf.o)
 .comment       0x00000000       0x24 c:/altera/10.1sp1/nios2eds/bin/gnu/h-i686-mingw32/bin/../lib/gcc/nios2-elf/4.1.2/mno-hw-mul\libgcc.a(_mul_sf.o)
 .comment       0x00000000       0x24 c:/altera/10.1sp1/nios2eds/bin/gnu/h-i686-mingw32/bin/../lib/gcc/nios2-elf/4.1.2/mno-hw-mul\libgcc.a(_div_sf.o)
 .comment       0x00000000       0x24 c:/altera/10.1sp1/nios2eds/bin/gnu/h-i686-mingw32/bin/../lib/gcc/nios2-elf/4.1.2/mno-hw-mul\libgcc.a(_ge_sf.o)
 .comment       0x00000000       0x24 c:/altera/10.1sp1/nios2eds/bin/gnu/h-i686-mingw32/bin/../lib/gcc/nios2-elf/4.1.2/mno-hw-mul\libgcc.a(_si_to_sf.o)
 .comment       0x00000000       0x24 c:/altera/10.1sp1/nios2eds/bin/gnu/h-i686-mingw32/bin/../lib/gcc/nios2-elf/4.1.2/mno-hw-mul\libgcc.a(_sf_to_df.o)
 .comment       0x00000000       0x24 c:/altera/10.1sp1/nios2eds/bin/gnu/h-i686-mingw32/bin/../lib/gcc/nios2-elf/4.1.2/mno-hw-mul\libgcc.a(_thenan_sf.o)
 .comment       0x00000000       0x24 c:/altera/10.1sp1/nios2eds/bin/gnu/h-i686-mingw32/bin/../lib/gcc/nios2-elf/4.1.2/mno-hw-mul\libgcc.a(_addsub_df.o)
 .comment       0x00000000       0x24 c:/altera/10.1sp1/nios2eds/bin/gnu/h-i686-mingw32/bin/../lib/gcc/nios2-elf/4.1.2/mno-hw-mul\libgcc.a(_mul_df.o)
 .comment       0x00000000       0x24 c:/altera/10.1sp1/nios2eds/bin/gnu/h-i686-mingw32/bin/../lib/gcc/nios2-elf/4.1.2/mno-hw-mul\libgcc.a(_div_df.o)
 .comment       0x00000000       0x24 c:/altera/10.1sp1/nios2eds/bin/gnu/h-i686-mingw32/bin/../lib/gcc/nios2-elf/4.1.2/mno-hw-mul\libgcc.a(_eq_df.o)
 .comment       0x00000000       0x24 c:/altera/10.1sp1/nios2eds/bin/gnu/h-i686-mingw32/bin/../lib/gcc/nios2-elf/4.1.2/mno-hw-mul\libgcc.a(_gt_df.o)
 .comment       0x00000000       0x24 c:/altera/10.1sp1/nios2eds/bin/gnu/h-i686-mingw32/bin/../lib/gcc/nios2-elf/4.1.2/mno-hw-mul\libgcc.a(_ge_df.o)
 .comment       0x00000000       0x24 c:/altera/10.1sp1/nios2eds/bin/gnu/h-i686-mingw32/bin/../lib/gcc/nios2-elf/4.1.2/mno-hw-mul\libgcc.a(_si_to_df.o)
 .comment       0x00000000       0x24 c:/altera/10.1sp1/nios2eds/bin/gnu/h-i686-mingw32/bin/../lib/gcc/nios2-elf/4.1.2/mno-hw-mul\libgcc.a(_df_to_si.o)
 .comment       0x00000000       0x24 c:/altera/10.1sp1/nios2eds/bin/gnu/h-i686-mingw32/bin/../lib/gcc/nios2-elf/4.1.2/mno-hw-mul\libgcc.a(_make_df.o)
 .comment       0x00000000       0x24 c:/altera/10.1sp1/nios2eds/bin/gnu/h-i686-mingw32/bin/../lib/gcc/nios2-elf/4.1.2/mno-hw-mul\libgcc.a(_df_to_sf.o)
 .comment       0x00000000       0x24 c:/altera/10.1sp1/nios2eds/bin/gnu/h-i686-mingw32/bin/../lib/gcc/nios2-elf/4.1.2/mno-hw-mul\libgcc.a(_thenan_df.o)
 .comment       0x00000000       0x24 c:/altera/10.1sp1/nios2eds/bin/gnu/h-i686-mingw32/bin/../lib/gcc/nios2-elf/4.1.2/mno-hw-mul\libgcc.a(lib2-divmod.o)
 .comment       0x00000000       0x24 c:/altera/10.1sp1/nios2eds/bin/gnu/h-i686-mingw32/bin/../lib/gcc/nios2-elf/4.1.2/mno-hw-mul\libgcc.a(lib2-mul.o)
 .comment       0x00000000       0x24 c:/altera/10.1sp1/nios2eds/bin/gnu/h-i686-mingw32/bin/../lib/gcc/nios2-elf/4.1.2/mno-hw-mul\libgcc.a(_clzsi2.o)
 .comment       0x00000000       0x24 c:/altera/10.1sp1/nios2eds/bin/gnu/h-i686-mingw32/bin/../lib/gcc/nios2-elf/4.1.2/mno-hw-mul\libgcc.a(_pack_sf.o)
 .comment       0x00000000       0x24 c:/altera/10.1sp1/nios2eds/bin/gnu/h-i686-mingw32/bin/../lib/gcc/nios2-elf/4.1.2/mno-hw-mul\libgcc.a(_unpack_sf.o)
 .comment       0x00000000       0x24 c:/altera/10.1sp1/nios2eds/bin/gnu/h-i686-mingw32/bin/../lib/gcc/nios2-elf/4.1.2/mno-hw-mul\libgcc.a(_fpcmp_parts_sf.o)
 .comment       0x00000000       0x24 c:/altera/10.1sp1/nios2eds/bin/gnu/h-i686-mingw32/bin/../lib/gcc/nios2-elf/4.1.2/mno-hw-mul\libgcc.a(_make_sf.o)
 .comment       0x00000000       0x24 c:/altera/10.1sp1/nios2eds/bin/gnu/h-i686-mingw32/bin/../lib/gcc/nios2-elf/4.1.2/mno-hw-mul\libgcc.a(_pack_df.o)
 .comment       0x00000000       0x24 c:/altera/10.1sp1/nios2eds/bin/gnu/h-i686-mingw32/bin/../lib/gcc/nios2-elf/4.1.2/mno-hw-mul\libgcc.a(_unpack_df.o)
 .comment       0x00000000       0x24 c:/altera/10.1sp1/nios2eds/bin/gnu/h-i686-mingw32/bin/../lib/gcc/nios2-elf/4.1.2/mno-hw-mul\libgcc.a(_fpcmp_parts_df.o)
 .comment       0x00000000       0x24 c:/altera/10.1sp1/nios2eds/bin/gnu/h-i686-mingw32/bin/../lib/gcc/nios2-elf/4.1.2/mno-hw-mul\libgcc.a(_clz.o)
 .comment       0x00000000       0x24 c:/altera/10.1sp1/nios2eds/bin/gnu/h-i686-mingw32/bin/../lib/gcc/nios2-elf/4.1.2/../../../../nios2-elf/lib/mno-hw-mul\libc.a(lib_a-fgets.o)